Archive member included to satisfy reference by file (symbol)

d:/st/stm32cubeide_1.10.0/stm32cubeide/plugins/com.st.stm32cube.ide.mcu.externaltools.gnu-tools-for-stm32.10.3-2021.10.win32_1.0.0.202111181127/tools/bin/../lib/gcc/arm-none-eabi/10.3.1/../../../../arm-none-eabi/lib/thumb/v7-m/nofp\libstdc++_nano.a(del_op.o)
                              ./Core/Src/CLI.o (operator delete(void*))
d:/st/stm32cubeide_1.10.0/stm32cubeide/plugins/com.st.stm32cube.ide.mcu.externaltools.gnu-tools-for-stm32.10.3-2021.10.win32_1.0.0.202111181127/tools/bin/../lib/gcc/arm-none-eabi/10.3.1/../../../../arm-none-eabi/lib/thumb/v7-m/nofp\libstdc++_nano.a(del_ops.o)
                              ./Core/Src/CLI.o (operator delete(void*, unsigned int))
d:/st/stm32cubeide_1.10.0/stm32cubeide/plugins/com.st.stm32cube.ide.mcu.externaltools.gnu-tools-for-stm32.10.3-2021.10.win32_1.0.0.202111181127/tools/bin/../lib/gcc/arm-none-eabi/10.3.1/../../../../arm-none-eabi/lib/thumb/v7-m/nofp\libstdc++_nano.a(new_op.o)
                              ./Core/Src/CLI.o (operator new(unsigned int))
d:/st/stm32cubeide_1.10.0/stm32cubeide/plugins/com.st.stm32cube.ide.mcu.externaltools.gnu-tools-for-stm32.10.3-2021.10.win32_1.0.0.202111181127/tools/bin/../lib/gcc/arm-none-eabi/10.3.1/../../../../arm-none-eabi/lib/thumb/v7-m/nofp\libstdc++_nano.a(allocator-inst.o)
                              ./Core/Src/CLI.o (std::allocator<char>::allocator())
d:/st/stm32cubeide_1.10.0/stm32cubeide/plugins/com.st.stm32cube.ide.mcu.externaltools.gnu-tools-for-stm32.10.3-2021.10.win32_1.0.0.202111181127/tools/bin/../lib/gcc/arm-none-eabi/10.3.1/../../../../arm-none-eabi/lib/thumb/v7-m/nofp\libstdc++_nano.a(functexcept.o)
                              ./Core/Src/CLI.o (std::__throw_bad_alloc())
d:/st/stm32cubeide_1.10.0/stm32cubeide/plugins/com.st.stm32cube.ide.mcu.externaltools.gnu-tools-for-stm32.10.3-2021.10.win32_1.0.0.202111181127/tools/bin/../lib/gcc/arm-none-eabi/10.3.1/../../../../arm-none-eabi/lib/thumb/v7-m/nofp\libstdc++_nano.a(snprintf_lite.o)
                              d:/st/stm32cubeide_1.10.0/stm32cubeide/plugins/com.st.stm32cube.ide.mcu.externaltools.gnu-tools-for-stm32.10.3-2021.10.win32_1.0.0.202111181127/tools/bin/../lib/gcc/arm-none-eabi/10.3.1/../../../../arm-none-eabi/lib/thumb/v7-m/nofp\libstdc++_nano.a(functexcept.o) (__gnu_cxx::__snprintf_lite(char*, unsigned int, char const*, std::__va_list))
d:/st/stm32cubeide_1.10.0/stm32cubeide/plugins/com.st.stm32cube.ide.mcu.externaltools.gnu-tools-for-stm32.10.3-2021.10.win32_1.0.0.202111181127/tools/bin/../lib/gcc/arm-none-eabi/10.3.1/../../../../arm-none-eabi/lib/thumb/v7-m/nofp\libstdc++_nano.a(new_handler.o)
                              d:/st/stm32cubeide_1.10.0/stm32cubeide/plugins/com.st.stm32cube.ide.mcu.externaltools.gnu-tools-for-stm32.10.3-2021.10.win32_1.0.0.202111181127/tools/bin/../lib/gcc/arm-none-eabi/10.3.1/../../../../arm-none-eabi/lib/thumb/v7-m/nofp\libstdc++_nano.a(new_op.o) (std::get_new_handler())
d:/st/stm32cubeide_1.10.0/stm32cubeide/plugins/com.st.stm32cube.ide.mcu.externaltools.gnu-tools-for-stm32.10.3-2021.10.win32_1.0.0.202111181127/tools/bin/../lib/gcc/arm-none-eabi/10.3.1/../../../../arm-none-eabi/lib/thumb/v7-m/nofp\libc_nano.a(lib_a-abort.o)
                              d:/st/stm32cubeide_1.10.0/stm32cubeide/plugins/com.st.stm32cube.ide.mcu.externaltools.gnu-tools-for-stm32.10.3-2021.10.win32_1.0.0.202111181127/tools/bin/../lib/gcc/arm-none-eabi/10.3.1/../../../../arm-none-eabi/lib/thumb/v7-m/nofp\libstdc++_nano.a(new_op.o) (abort)
d:/st/stm32cubeide_1.10.0/stm32cubeide/plugins/com.st.stm32cube.ide.mcu.externaltools.gnu-tools-for-stm32.10.3-2021.10.win32_1.0.0.202111181127/tools/bin/../lib/gcc/arm-none-eabi/10.3.1/../../../../arm-none-eabi/lib/thumb/v7-m/nofp\libc_nano.a(lib_a-assert.o)
                              ./Core/Src/RingBuffer.o (__assert_func)
d:/st/stm32cubeide_1.10.0/stm32cubeide/plugins/com.st.stm32cube.ide.mcu.externaltools.gnu-tools-for-stm32.10.3-2021.10.win32_1.0.0.202111181127/tools/bin/../lib/gcc/arm-none-eabi/10.3.1/../../../../arm-none-eabi/lib/thumb/v7-m/nofp\libc_nano.a(lib_a-errno.o)
                              ./Core/Src/syscalls.o (__errno)
d:/st/stm32cubeide_1.10.0/stm32cubeide/plugins/com.st.stm32cube.ide.mcu.externaltools.gnu-tools-for-stm32.10.3-2021.10.win32_1.0.0.202111181127/tools/bin/../lib/gcc/arm-none-eabi/10.3.1/../../../../arm-none-eabi/lib/thumb/v7-m/nofp\libc_nano.a(lib_a-exit.o)
                              d:/st/stm32cubeide_1.10.0/stm32cubeide/plugins/com.st.stm32cube.ide.mcu.externaltools.gnu-tools-for-stm32.10.3-2021.10.win32_1.0.0.202111181127/tools/bin/../lib/gcc/arm-none-eabi/10.3.1/../../../../arm-none-eabi/lib/thumb/v7-m/nofp/crt0.o (exit)
d:/st/stm32cubeide_1.10.0/stm32cubeide/plugins/com.st.stm32cube.ide.mcu.externaltools.gnu-tools-for-stm32.10.3-2021.10.win32_1.0.0.202111181127/tools/bin/../lib/gcc/arm-none-eabi/10.3.1/../../../../arm-none-eabi/lib/thumb/v7-m/nofp\libc_nano.a(lib_a-fprintf.o)
[...]
Memory Configuration

Name             Origin             Length             Attributes
RAM              0x0000000020000000 0x0000000000005000 xrw
FLASH            0x0000000008000000 0x0000000000010000 xr
*default*        0x0000000000000000 0xffffffffffffffff

Linker script and memory map

LOAD d:/st/stm32cubeide_1.10.0/stm32cubeide/plugins/com.st.stm32cube.ide.mcu.externaltools.gnu-tools-for-stm32.10.3-2021.10.win32_1.0.0.202111181127/tools/bin/../lib/gcc/arm-none-eabi/10.3.1/thumb/v7-m/nofp/crti.o
LOAD d:/st/stm32cubeide_1.10.0/stm32cubeide/plugins/com.st.stm32cube.ide.mcu.externaltools.gnu-tools-for-stm32.10.3-2021.10.win32_1.0.0.202111181127/tools/bin/../lib/gcc/arm-none-eabi/10.3.1/thumb/v7-m/nofp/crtbegin.o
LOAD d:/st/stm32cubeide_1.10.0/stm32cubeide/plugins/com.st.stm32cube.ide.mcu.externaltools.gnu-tools-for-stm32.10.3-2021.10.win32_1.0.0.202111181127/tools/bin/../lib/gcc/arm-none-eabi/10.3.1/../../../../arm-none-eabi/lib/thumb/v7-m/nofp/crt0.o
LOAD ./Core/Src/CLI.o
LOAD ./Core/Src/RingBuffer.o
LOAD ./Core/Src/gpio.o
LOAD ./Core/Src/i2c.o
LOAD ./Core/Src/main.o
LOAD ./Core/Src/rtc.o
LOAD ./Core/Src/sht3x.o
LOAD ./Core/Src/stm32f1xx_hal_msp.o
LOAD ./Core/Src/stm32f1xx_it.o
LOAD ./Core/Src/syscalls.o
LOAD ./Core/Src/sysmem.o
LOAD ./Core/Src/system_stm32f1xx.o
LOAD ./Core/Src/usart.o
LOAD ./Core/Startup/startup_stm32f103c8tx.o
LOAD ./Drivers/STM32F1xx_HAL_Driver/Src/stm32f1xx_hal.o
LOAD ./Drivers/STM32F1xx_HAL_Driver/Src/stm32f1xx_hal_cortex.o
LOAD ./Drivers/STM32F1xx_HAL_Driver/Src/stm32f1xx_hal_dma.o
LOAD ./Drivers/STM32F1xx_HAL_Driver/Src/stm32f1xx_hal_exti.o
LOAD ./Drivers/STM32F1xx_HAL_Driver/Src/stm32f1xx_hal_flash.o
LOAD ./Drivers/STM32F1xx_HAL_Driver/Src/stm32f1xx_hal_flash_ex.o
LOAD ./Drivers/STM32F1xx_HAL_Driver/Src/stm32f1xx_hal_gpio.o
LOAD ./Drivers/STM32F1xx_HAL_Driver/Src/stm32f1xx_hal_gpio_ex.o
LOAD ./Drivers/STM32F1xx_HAL_Driver/Src/stm32f1xx_hal_i2c.o
LOAD ./Drivers/STM32F1xx_HAL_Driver/Src/stm32f1xx_hal_pcd.o
LOAD ./Drivers/STM32F1xx_HAL_Driver/Src/stm32f1xx_hal_pcd_ex.o
LOAD ./Drivers/STM32F1xx_HAL_Driver/Src/stm32f1xx_hal_pwr.o
LOAD ./Drivers/STM32F1xx_HAL_Driver/Src/stm32f1xx_hal_rcc.o
LOAD ./Drivers/STM32F1xx_HAL_Driver/Src/stm32f1xx_hal_rcc_ex.o
LOAD ./Drivers/STM32F1xx_HAL_Driver/Src/stm32f1xx_hal_rtc.o
LOAD ./Drivers/STM32F1xx_HAL_Driver/Src/stm32f1xx_hal_rtc_ex.o
LOAD ./Drivers/STM32F1xx_HAL_Driver/Src/stm32f1xx_hal_tim.o
LOAD ./Drivers/STM32F1xx_HAL_Driver/Src/stm32f1xx_hal_tim_ex.o
LOAD ./Drivers/STM32F1xx_HAL_Driver/Src/stm32f1xx_hal_uart.o
LOAD ./Drivers/STM32F1xx_HAL_Driver/Src/stm32f1xx_ll_usb.o
LOAD ./Middlewares/ST/STM32_USB_Device_Library/Class/CDC/Src/usbd_cdc.o
LOAD ./Middlewares/ST/STM32_USB_Device_Library/Core/Src/usbd_core.o
LOAD ./Middlewares/ST/STM32_USB_Device_Library/Core/Src/usbd_ctlreq.o
LOAD ./Middlewares/ST/STM32_USB_Device_Library/Core/Src/usbd_ioreq.o
LOAD ./USB_DEVICE/App/usb_device.o
LOAD ./USB_DEVICE/App/usbd_cdc_if.o
LOAD ./USB_DEVICE/App/usbd_desc.o
LOAD ./USB_DEVICE/Target/usbd_conf.o
START GROUP
LOAD d:/st/stm32cubeide_1.10.0/stm32cubeide/plugins/com.st.stm32cube.ide.mcu.externaltools.gnu-tools-for-stm32.10.3-2021.10.win32_1.0.0.202111181127/tools/bin/../lib/gcc/arm-none-eabi/10.3.1/../../../../arm-none-eabi/lib/thumb/v7-m/nofp\libstdc++_nano.a
LOAD d:/st/stm32cubeide_1.10.0/stm32cubeide/plugins/com.st.stm32cube.ide.mcu.externaltools.gnu-tools-for-stm32.10.3-2021.10.win32_1.0.0.202111181127/tools/bin/../lib/gcc/arm-none-eabi/10.3.1/../../../../arm-none-eabi/lib/thumb/v7-m/nofp\libsupc++_nano.a
END GROUP
LOAD d:/st/stm32cubeide_1.10.0/stm32cubeide/plugins/com.st.stm32cube.ide.mcu.externaltools.gnu-tools-for-stm32.10.3-2021.10.win32_1.0.0.202111181127/tools/bin/../lib/gcc/arm-none-eabi/10.3.1/../../../../arm-none-eabi/lib/thumb/v7-m/nofp\libstdc++_nano.a
LOAD d:/st/stm32cubeide_1.10.0/stm32cubeide/plugins/com.st.stm32cube.ide.mcu.externaltools.gnu-tools-for-stm32.10.3-2021.10.win32_1.0.0.202111181127/tools/bin/../lib/gcc/arm-none-eabi/10.3.1/../../../../arm-none-eabi/lib/thumb/v7-m/nofp\libm.a
LOAD d:/st/stm32cubeide_1.10.0/stm32cubeide/plugins/com.st.stm32cube.ide.mcu.externaltools.gnu-tools-for-stm32.10.3-2021.10.win32_1.0.0.202111181127/tools/bin/../lib/gcc/arm-none-eabi/10.3.1/../../../../arm-none-eabi/lib/thumb/v7-m/nofp\libc_nano.a
START GROUP
LOAD d:/st/stm32cubeide_1.10.0/stm32cubeide/plugins/com.st.stm32cube.ide.mcu.externaltools.gnu-tools-for-stm32.10.3-2021.10.win32_1.0.0.202111181127/tools/bin/../lib/gcc/arm-none-eabi/10.3.1/thumb/v7-m/nofp\libgcc.a
LOAD d:/st/stm32cubeide_1.10.0/stm32cubeide/plugins/com.st.stm32cube.ide.mcu.externaltools.gnu-tools-for-stm32.10.3-2021.10.win32_1.0.0.202111181127/tools/bin/../lib/gcc/arm-none-eabi/10.3.1/../../../../arm-none-eabi/lib/thumb/v7-m/nofp\libc_nano.a
END GROUP
START GROUP
LOAD d:/st/stm32cubeide_1.10.0/stm32cubeide/plugins/com.st.stm32cube.ide.mcu.externaltools.gnu-tools-for-stm32.10.3-2021.10.win32_1.0.0.202111181127/tools/bin/../lib/gcc/arm-none-eabi/10.3.1/thumb/v7-m/nofp\libgcc.a
LOAD d:/st/stm32cubeide_1.10.0/stm32cubeide/plugins/com.st.stm32cube.ide.mcu.externaltools.gnu-tools-for-stm32.10.3-2021.10.win32_1.0.0.202111181127/tools/bin/../lib/gcc/arm-none-eabi/10.3.1/../../../../arm-none-eabi/lib/thumb/v7-m/nofp\libc_nano.a
LOAD d:/st/stm32cubeide_1.10.0/stm32cubeide/plugins/com.st.stm32cube.ide.mcu.externaltools.gnu-tools-for-stm32.10.3-2021.10.win32_1.0.0.202111181127/tools/bin/../lib/gcc/arm-none-eabi/10.3.1/../../../../arm-none-eabi/lib/thumb/v7-m/nofp\libnosys.a
END GROUP
START GROUP
LOAD d:/st/stm32cubeide_1.10.0/stm32cubeide/plugins/com.st.stm32cube.ide.mcu.externaltools.gnu-tools-for-stm32.10.3-2021.10.win32_1.0.0.202111181127/tools/bin/../lib/gcc/arm-none-eabi/10.3.1/thumb/v7-m/nofp\libgcc.a
LOAD d:/st/stm32cubeide_1.10.0/stm32cubeide/plugins/com.st.stm32cube.ide.mcu.externaltools.gnu-tools-for-stm32.10.3-2021.10.win32_1.0.0.202111181127/tools/bin/../lib/gcc/arm-none-eabi/10.3.1/../../../../arm-none-eabi/lib/thumb/v7-m/nofp\libc_nano.a
LOAD d:/st/stm32cubeide_1.10.0/stm32cubeide/plugins/com.st.stm32cube.ide.mcu.externaltools.gnu-tools-for-stm32.10.3-2021.10.win32_1.0.0.202111181127/tools/bin/../lib/gcc/arm-none-eabi/10.3.1/../../../../arm-none-eabi/lib/thumb/v7-m/nofp\libnosys.a
END GROUP
LOAD d:/st/stm32cubeide_1.10.0/stm32cubeide/plugins/com.st.stm32cube.ide.mcu.externaltools.gnu-tools-for-stm32.10.3-2021.10.win32_1.0.0.202111181127/tools/bin/../lib/gcc/arm-none-eabi/10.3.1/thumb/v7-m/nofp/crtend.o
LOAD d:/st/stm32cubeide_1.10.0/stm32cubeide/plugins/com.st.stm32cube.ide.mcu.externaltools.gnu-tools-for-stm32.10.3-2021.10.win32_1.0.0.202111181127/tools/bin/../lib/gcc/arm-none-eabi/10.3.1/thumb/v7-m/nofp/crtn.o
                0x0000000020005000                _estack = (ORIGIN (RAM) + LENGTH (RAM))
                0x0000000000000200                _Min_Heap_Size = 0x200
                0x0000000000000400                _Min_Stack_Size = 0x400

.isr_vector     0x0000000008000000      0x10c
                0x0000000008000000                . = ALIGN (0x4)
 *(.isr_vector)
 .isr_vector    0x0000000008000000      0x10c ./Core/Startup/startup_stm32f103c8tx.o
                0x0000000008000000                g_pfnVectors
                0x000000000800010c                . = ALIGN (0x4)

.text           0x000000000800010c     0xf164
                0x000000000800010c                . = ALIGN (0x4)
 *(.text)
 .text          0x000000000800010c       0x40 d:/st/stm32cubeide_1.10.0/stm32cubeide/plugins/com.st.stm32cube.ide.mcu.externaltools.gnu-tools-for-stm32.10.3-2021.10.win32_1.0.0.202111181127/tools/bin/../lib/gcc/arm-none-eabi/10.3.1/thumb/v7-m/nofp/crtbegin.o
 .text          0x000000000800014c       0x10 d:/st/stm32cubeide_1.10.0/stm32cubeide/plugins/com.st.stm32cube.ide.mcu.externaltools.gnu-tools-for-stm32.10.3-2021.10.win32_1.0.0.202111181127/tools/bin/../lib/gcc/arm-none-eabi/10.3.1/../../../../arm-none-eabi/lib/thumb/v7-m/nofp\libc_nano.a(lib_a-strlen.o)
                0x000000000800014c                strlen
 *(.text*)
 .text._ZSt21is_constant_evaluatedv
                0x000000000800015c        0xe ./Core/Src/CLI.o
                0x000000000800015c                std::is_constant_evaluated()
 .text._ZnwjPv  0x000000000800016a       0x16 ./Core/Src/CLI.o
                0x000000000800016a                operator new(unsigned int, void*)
 .text._ZNSt11char_traitsIcE6assignERcRKc
                0x0000000008000180       0x1c ./Core/Src/CLI.o
                0x0000000008000180                std::char_traits<char>::assign(char&, char const&)
 .text._ZNSt11char_traitsIcE2ltERKcS2_
                0x000000000800019c       0x26 ./Core/Src/CLI.o
                0x000000000800019c                std::char_traits<char>::lt(char const&, char const&)
 .text._ZNSt11char_traitsIcE7compareEPKcS2_j
                0x00000000080001c2       0x84 ./Core/Src/CLI.o
                0x00000000080001c2                std::char_traits<char>::compare(char const*, char const*, unsigned int)
 .text._ZNSt11char_traitsIcE6lengthEPKc
                0x0000000008000246       0x2e ./Core/Src/CLI.o
                0x0000000008000246                std::char_traits<char>::length(char const*)
 .text._ZNSt11char_traitsIcE4copyEPcPKcj
                0x0000000008000274       0x4a ./Core/Src/CLI.o
                0x0000000008000274                std::char_traits<char>::copy(char*, char const*, unsigned int)
 .text._ZN3CLI7CommandC2ERKSt17basic_string_viewIcSt11char_traitsIcEENS_12CommandRolesEPFvvE
                0x00000000080002be       0x4a ./Core/Src/CLI.o
                0x00000000080002be                CLI::Command::Command(std::basic_string_view<char, std::char_traits<char> > const&, CLI::CommandRoles, void (*)())
                0x00000000080002be                CLI::Command::Command(std::basic_string_view<char, std::char_traits<char> > const&, CLI::CommandRoles, void (*)())
 .text._ZNSt12_Vector_baseINSt7__cxx1112basic_stringIcSt11char_traitsIcESaIcEEESaIS5_EE12_Vector_implD2Ev
                0x0000000008000308       0x18 ./Core/Src/CLI.o
                0x0000000008000308                std::_Vector_base<std::__cxx11::basic_string<char, std::char_traits<char>, std::allocator<char> >, std::allocator<std::__cxx11::basic_string<char, std::char_traits<char>, std::allocator<char> > > >::_Vector_impl::~_Vector_impl()
                0x0000000008000308                std::_Vector_base<std::__cxx11::basic_string<char, std::char_traits<char>, std::allocator<char> >, std::allocator<std::__cxx11::basic_string<char, std::char_traits<char>, std::allocator<char> > > >::_Vector_impl::~_Vector_impl()
 .text._ZNSt12_Vector_baseINSt7__cxx1112basic_stringIcSt11char_traitsIcESaIcEEESaIS5_EEC2Ev
                0x0000000008000320       0x1a ./Core/Src/CLI.o
                0x0000000008000320                std::_Vector_base<std::__cxx11::basic_string<char, std::char_traits<char>, std::allocator<char> >, std::allocator<std::__cxx11::basic_string<char, std::char_traits<char>, std::allocator<char> > > >::_Vector_base()
                0x0000000008000320                std::_Vector_base<std::__cxx11::basic_string<char, std::char_traits<char>, std::allocator<char> >, std::allocator<std::__cxx11::basic_string<char, std::char_traits<char>, std::allocator<char> > > >::_Vector_base()
 .text._ZNSt6vectorINSt7__cxx1112basic_stringIcSt11char_traitsIcESaIcEEESaIS5_EEC2Ev
                0x000000000800033a       0x1a ./Core/Src/CLI.o
                0x000000000800033a                std::vector<std::__cxx11::basic_string<char, std::char_traits<char>, std::allocator<char> >, std::allocator<std::__cxx11::basic_string<char, std::char_traits<char>, std::allocator<char> > > >::vector()
                0x000000000800033a                std::vector<std::__cxx11::basic_string<char, std::char_traits<char>, std::allocator<char> >, std::allocator<std::__cxx11::basic_string<char, std::char_traits<char>, std::allocator<char> > > >::vector()
 .text._ZNSt12_Vector_baseIN3CLI7CommandESaIS1_EE12_Vector_implD2Ev
                0x0000000008000354       0x18 ./Core/Src/CLI.o
                0x0000000008000354                std::_Vector_base<CLI::Command, std::allocator<CLI::Command> >::_Vector_impl::~_Vector_impl()
                0x0000000008000354                std::_Vector_base<CLI::Command, std::allocator<CLI::Command> >::_Vector_impl::~_Vector_impl()
 .text._ZNSt12_Vector_baseIN3CLI7CommandESaIS1_EEC2Ev
                0x000000000800036c       0x1a ./Core/Src/CLI.o
                0x000000000800036c                std::_Vector_base<CLI::Command, std::allocator<CLI::Command> >::_Vector_base()
                0x000000000800036c                std::_Vector_base<CLI::Command, std::allocator<CLI::Command> >::_Vector_base()
 .text._ZNSt6vectorIN3CLI7CommandESaIS1_EEC2Ev
                0x0000000008000386       0x1a ./Core/Src/CLI.o
                0x0000000008000386                std::vector<CLI::Command, std::allocator<CLI::Command> >::vector()
                0x0000000008000386                std::vector<CLI::Command, std::allocator<CLI::Command> >::vector()
 .text._ZZN22CommandLineInterpreterC4EtENKUlvE_clEv
                0x00000000080003a0       0x12 ./Core/Src/CLI.o
 .text._ZZN22CommandLineInterpreterC4EtENUlvE_4_FUNEv
                0x00000000080003b2        0xc ./Core/Src/CLI.o
 *fill*         0x00000000080003be        0x2 
 .text._ZZN22CommandLineInterpreterC4EtENKUlvE_cvPFvvEEv
                0x00000000080003c0       0x18 ./Core/Src/CLI.o
 .text._ZN22CommandLineInterpreterC2Et
                0x00000000080003d8       0x84 ./Core/Src/CLI.o
                0x00000000080003d8                CommandLineInterpreter::CommandLineInterpreter(unsigned short)
                0x00000000080003d8                CommandLineInterpreter::CommandLineInterpreter(unsigned short)
 .text._ZN22CommandLineInterpreterD2Ev
                0x000000000800045c       0x3c ./Core/Src/CLI.o
                0x000000000800045c                CommandLineInterpreter::~CommandLineInterpreter()
                0x000000000800045c                CommandLineInterpreter::~CommandLineInterpreter()
 .text._ZN22CommandLineInterpreterD0Ev
                0x0000000008000498       0x20 ./Core/Src/CLI.o
                0x0000000008000498                CommandLineInterpreter::~CommandLineInterpreter()
 .text._ZN22CommandLineInterpreter7processERKc
                0x00000000080004b8       0x6c ./Core/Src/CLI.o
                0x00000000080004b8                CommandLineInterpreter::process(char const&)
 .text._ZNK9__gnu_cxx17__normal_iteratorIPN3CLI7CommandESt6vectorIS2_SaIS2_EEE4baseEv
                0x0000000008000524       0x14 ./Core/Src/CLI.o
                0x0000000008000524                __gnu_cxx::__normal_iterator<CLI::Command*, std::vector<CLI::Command, std::allocator<CLI::Command> > >::base() const
 .text._ZN9__gnu_cxxeqIPN3CLI7CommandES3_St6vectorIS2_SaIS2_EEEEbRKNS_17__normal_iteratorIT_T1_EERKNS7_IT0_S9_EE
                0x0000000008000538       0x30 ./Core/Src/CLI.o
                0x0000000008000538                bool __gnu_cxx::operator==<CLI::Command*, CLI::Command*, std::vector<CLI::Command, std::allocator<CLI::Command> > >(__gnu_cxx::__normal_iterator<CLI::Command*, std::vector<CLI::Command, std::allocator<CLI::Command> > > const&, __gnu_cxx::__normal_iterator<CLI::Command*, std::vector<CLI::Command, std::allocator<CLI::Command> > > const&)
 .text._ZN9__gnu_cxx17__normal_iteratorIPN3CLI7CommandESt6vectorIS2_SaIS2_EEEppEv
                0x0000000008000568       0x20 ./Core/Src/CLI.o
                0x0000000008000568                __gnu_cxx::__normal_iterator<CLI::Command*, std::vector<CLI::Command, std::allocator<CLI::Command> > >::operator++()
 .text._ZN3CLI7CommandC2ERKS0_
                0x0000000008000588       0x30 ./Core/Src/CLI.o
                0x0000000008000588                CLI::Command::Command(CLI::Command const&)
                0x0000000008000588                CLI::Command::Command(CLI::Command const&)
 .text._ZN3CLI7CommandD2Ev
                0x00000000080005b8       0x1a ./Core/Src/CLI.o
                0x00000000080005b8                CLI::Command::~Command()
                0x00000000080005b8                CLI::Command::~Command()
 .text._ZN22CommandLineInterpreter12add_commandsERSt6vectorIN3CLI7CommandESaIS2_EE
                0x00000000080005d2      0x122 ./Core/Src/CLI.o
                0x00000000080005d2                CommandLineInterpreter::add_commands(std::vector<CLI::Command, std::allocator<CLI::Command> >&)
 .text._ZN22CommandLineInterpreter13parse_commandEv
                0x00000000080006f4      0x1ba ./Core/Src/CLI.o
                0x00000000080006f4                CommandLineInterpreter::parse_command()
 .text._ZN9__gnu_cxx11char_traitsIcE2eqERKcS3_
                0x00000000080008ae       0x26 ./Core/Src/CLI.o
                0x00000000080008ae                __gnu_cxx::char_traits<char>::eq(char const&, char const&)
 .text._ZN9__gnu_cxx11char_traitsIcE6lengthEPKc
                0x00000000080008d4       0x40 ./Core/Src/CLI.o
                0x00000000080008d4                __gnu_cxx::char_traits<char>::length(char const*)
 .text._ZSt4copyIPKcPcET0_T_S4_S3_
                0x0000000008000914       0x30 ./Core/Src/CLI.o
                0x0000000008000914                char* std::copy<char const*, char*>(char const*, char const*, char*)
 .text._ZN9__gnu_cxx11char_traitsIcE4copyEPcPKcj
                0x0000000008000944       0x26 ./Core/Src/CLI.o
                0x0000000008000944                __gnu_cxx::char_traits<char>::copy(char*, char const*, unsigned int)
 .text._ZNKSt17basic_string_viewIcSt11char_traitsIcEE4dataEv
                0x000000000800096a       0x16 ./Core/Src/CLI.o
                0x000000000800096a                std::basic_string_view<char, std::char_traits<char> >::data() const
 .text._ZNSt7__cxx1112basic_stringIcSt11char_traitsIcESaIcEE12_Alloc_hiderD2Ev
                0x0000000008000980       0x18 ./Core/Src/CLI.o
                0x0000000008000980                std::__cxx11::basic_string<char, std::char_traits<char>, std::allocator<char> >::_Alloc_hider::~_Alloc_hider()
                0x0000000008000980                std::__cxx11::basic_string<char, std::char_traits<char>, std::allocator<char> >::_Alloc_hider::~_Alloc_hider()
 .text._ZNSt7__cxx1112basic_stringIcSt11char_traitsIcESaIcEED2Ev
                0x0000000008000998       0x20 ./Core/Src/CLI.o
                0x0000000008000998                std::__cxx11::basic_string<char, std::char_traits<char>, std::allocator<char> >::~basic_string()
                0x0000000008000998                std::__cxx11::basic_string<char, std::char_traits<char>, std::allocator<char> >::~basic_string()
 .text._ZNSt7__cxx1112basic_stringIcSt11char_traitsIcESaIcEEixEj
                0x00000000080009b8       0x1e ./Core/Src/CLI.o
                0x00000000080009b8                std::__cxx11::basic_string<char, std::char_traits<char>, std::allocator<char> >::operator[](unsigned int)
 .text._ZNSt7__cxx1112basic_stringIcSt11char_traitsIcESaIcEEC2EOS4_
                0x00000000080009d6       0x9c ./Core/Src/CLI.o
                0x00000000080009d6                std::__cxx11::basic_string<char, std::char_traits<char>, std::allocator<char> >::basic_string(std::__cxx11::basic_string<char, std::char_traits<char>, std::allocator<char> >&&)
                0x00000000080009d6                std::__cxx11::basic_string<char, std::char_traits<char>, std::allocator<char> >::basic_string(std::__cxx11::basic_string<char, std::char_traits<char>, std::allocator<char> >&&)
 .text._ZNKSt7__cxx1112basic_stringIcSt11char_traitsIcESaIcEE4sizeEv
                0x0000000008000a72       0x16 ./Core/Src/CLI.o
                0x0000000008000a72                std::__cxx11::basic_string<char, std::char_traits<char>, std::allocator<char> >::size() const
 .text._ZNKSt7__cxx1112basic_stringIcSt11char_traitsIcESaIcEE4dataEv
                0x0000000008000a88       0x18 ./Core/Src/CLI.o
                0x0000000008000a88                std::__cxx11::basic_string<char, std::char_traits<char>, std::allocator<char> >::data() const
 .text._ZNKSt7__cxx1112basic_stringIcSt11char_traitsIcESaIcEE6lengthEv
                0x0000000008000aa0       0x16 ./Core/Src/CLI.o
                0x0000000008000aa0                std::__cxx11::basic_string<char, std::char_traits<char>, std::allocator<char> >::length() const
 .text._ZNSt7__cxx1112basic_stringIcSt11char_traitsIcESaIcEEC2EPKcjRKS3_
                0x0000000008000ab6       0x3c ./Core/Src/CLI.o
                0x0000000008000ab6                std::__cxx11::basic_string<char, std::char_traits<char>, std::allocator<char> >::basic_string(char const*, unsigned int, std::allocator<char> const&)
                0x0000000008000ab6                std::__cxx11::basic_string<char, std::char_traits<char>, std::allocator<char> >::basic_string(char const*, unsigned int, std::allocator<char> const&)
 .text._ZNSt7__cxx1112basic_stringIcSt11char_traitsIcESaIcEEC2ISt17basic_string_viewIcS2_EvEERKT_RKS3_
                0x0000000008000af2       0x42 ./Core/Src/CLI.o
                0x0000000008000af2                std::__cxx11::basic_string<char, std::char_traits<char>, std::allocator<char> >::basic_string<std::basic_string_view<char, std::char_traits<char> >, void>(std::basic_string_view<char, std::char_traits<char> > const&, std::allocator<char> const&)
                0x0000000008000af2                std::__cxx11::basic_string<char, std::char_traits<char>, std::allocator<char> >::basic_string<std::basic_string_view<char, std::char_traits<char> >, void>(std::basic_string_view<char, std::char_traits<char> > const&, std::allocator<char> const&)
 .text._ZNSt7__cxx1112basic_stringIcSt11char_traitsIcESaIcEEC2IS3_EEPKcRKS3_
                0x0000000008000b34       0x4e ./Core/Src/CLI.o
                0x0000000008000b34                std::__cxx11::basic_string<char, std::char_traits<char>, std::allocator<char> >::basic_string<std::allocator<char> >(char const*, std::allocator<char> const&)
                0x0000000008000b34                std::__cxx11::basic_string<char, std::char_traits<char>, std::allocator<char> >::basic_string<std::allocator<char> >(char const*, std::allocator<char> const&)
 .text._ZNSt12_Vector_baseINSt7__cxx1112basic_stringIcSt11char_traitsIcESaIcEEESaIS5_EE12_Vector_implC2Ev
                0x0000000008000b82       0x20 ./Core/Src/CLI.o
                0x0000000008000b82                std::_Vector_base<std::__cxx11::basic_string<char, std::char_traits<char>, std::allocator<char> >, std::allocator<std::__cxx11::basic_string<char, std::char_traits<char>, std::allocator<char> > > >::_Vector_impl::_Vector_impl()
                0x0000000008000b82                std::_Vector_base<std::__cxx11::basic_string<char, std::char_traits<char>, std::allocator<char> >, std::allocator<std::__cxx11::basic_string<char, std::char_traits<char>, std::allocator<char> > > >::_Vector_impl::_Vector_impl()
 .text._ZNSaINSt7__cxx1112basic_stringIcSt11char_traitsIcESaIcEEEED2Ev
                0x0000000008000ba2       0x14 ./Core/Src/CLI.o
                0x0000000008000ba2                std::allocator<std::__cxx11::basic_string<char, std::char_traits<char>, std::allocator<char> > >::~allocator()
                0x0000000008000ba2                std::allocator<std::__cxx11::basic_string<char, std::char_traits<char>, std::allocator<char> > >::~allocator()
 *fill*         0x0000000008000bb6        0x2 
 .text._ZNSt12_Vector_baseINSt7__cxx1112basic_stringIcSt11char_traitsIcESaIcEEESaIS5_EED2Ev
                0x0000000008000bb8       0x3c ./Core/Src/CLI.o
                0x0000000008000bb8                std::_Vector_base<std::__cxx11::basic_string<char, std::char_traits<char>, std::allocator<char> >, std::allocator<std::__cxx11::basic_string<char, std::char_traits<char>, std::allocator<char> > > >::~_Vector_base()
                0x0000000008000bb8                std::_Vector_base<std::__cxx11::basic_string<char, std::char_traits<char>, std::allocator<char> >, std::allocator<std::__cxx11::basic_string<char, std::char_traits<char>, std::allocator<char> > > >::~_Vector_base()
 .text._ZNSt6vectorINSt7__cxx1112basic_stringIcSt11char_traitsIcESaIcEEESaIS5_EED2Ev
                0x0000000008000bf4       0x36 ./Core/Src/CLI.o
                0x0000000008000bf4                std::vector<std::__cxx11::basic_string<char, std::char_traits<char>, std::allocator<char> >, std::allocator<std::__cxx11::basic_string<char, std::char_traits<char>, std::allocator<char> > > >::~vector()
                0x0000000008000bf4                std::vector<std::__cxx11::basic_string<char, std::char_traits<char>, std::allocator<char> >, std::allocator<std::__cxx11::basic_string<char, std::char_traits<char>, std::allocator<char> > > >::~vector()
 .text._ZNSt12_Vector_baseIN3CLI7CommandESaIS1_EE12_Vector_implC2Ev
                0x0000000008000c2a       0x20 ./Core/Src/CLI.o
                0x0000000008000c2a                std::_Vector_base<CLI::Command, std::allocator<CLI::Command> >::_Vector_impl::_Vector_impl()
                0x0000000008000c2a                std::_Vector_base<CLI::Command, std::allocator<CLI::Command> >::_Vector_impl::_Vector_impl()
 .text._ZNSaIN3CLI7CommandEED2Ev
                0x0000000008000c4a       0x14 ./Core/Src/CLI.o
                0x0000000008000c4a                std::allocator<CLI::Command>::~allocator()
                0x0000000008000c4a                std::allocator<CLI::Command>::~allocator()
 .text._ZNSt12_Vector_baseIN3CLI7CommandESaIS1_EED2Ev
                0x0000000008000c5e       0x32 ./Core/Src/CLI.o
                0x0000000008000c5e                std::_Vector_base<CLI::Command, std::allocator<CLI::Command> >::~_Vector_base()
                0x0000000008000c5e                std::_Vector_base<CLI::Command, std::allocator<CLI::Command> >::~_Vector_base()
 .text._ZNSt6vectorIN3CLI7CommandESaIS1_EED2Ev
                0x0000000008000c90       0x36 ./Core/Src/CLI.o
                0x0000000008000c90                std::vector<CLI::Command, std::allocator<CLI::Command> >::~vector()
                0x0000000008000c90                std::vector<CLI::Command, std::allocator<CLI::Command> >::~vector()
 .text._ZNSt6vectorIN3CLI7CommandESaIS1_EE12emplace_backIJRA5_KcNS0_12CommandRolesEZN22CommandLineInterpreterC4EtEUlvE_EEERS1_DpOT_
                0x0000000008000cc6       0x96 ./Core/Src/CLI.o
 .text._ZNKSt6vectorIN3CLI7CommandESaIS1_EE4sizeEv
                0x0000000008000d5c       0x1e ./Core/Src/CLI.o
                0x0000000008000d5c                std::vector<CLI::Command, std::allocator<CLI::Command> >::size() const
 .text._ZNSt6vectorIN3CLI7CommandESaIS1_EE3endEv
                0x0000000008000d7a       0x22 ./Core/Src/CLI.o
                0x0000000008000d7a                std::vector<CLI::Command, std::allocator<CLI::Command> >::end()
 .text._ZNSt7__cxx1112basic_stringIcSt11char_traitsIcESaIcEE5clearEv
                0x0000000008000d9c       0x18 ./Core/Src/CLI.o
                0x0000000008000d9c                std::__cxx11::basic_string<char, std::char_traits<char>, std::allocator<char> >::clear()
 .text._ZNSt7__cxx1112basic_stringIcSt11char_traitsIcESaIcEE9push_backEc
                0x0000000008000db4       0x68 ./Core/Src/CLI.o
                0x0000000008000db4                std::__cxx11::basic_string<char, std::char_traits<char>, std::allocator<char> >::push_back(char)
 .text._ZNSt6vectorIN3CLI7CommandESaIS1_EE5beginEv
                0x0000000008000e1c       0x20 ./Core/Src/CLI.o
                0x0000000008000e1c                std::vector<CLI::Command, std::allocator<CLI::Command> >::begin()
 .text._ZNK9__gnu_cxx17__normal_iteratorIPN3CLI7CommandESt6vectorIS2_SaIS2_EEEdeEv
                0x0000000008000e3c       0x16 ./Core/Src/CLI.o
                0x0000000008000e3c                __gnu_cxx::__normal_iterator<CLI::Command*, std::vector<CLI::Command, std::allocator<CLI::Command> > >::operator*() const
 .text._ZNSt7__cxx1112basic_stringIcSt11char_traitsIcESaIcEEC2ERKS4_
                0x0000000008000e52       0x6e ./Core/Src/CLI.o
                0x0000000008000e52                std::__cxx11::basic_string<char, std::char_traits<char>, std::allocator<char> >::basic_string(std::__cxx11::basic_string<char, std::char_traits<char>, std::allocator<char> > const&)
                0x0000000008000e52                std::__cxx11::basic_string<char, std::char_traits<char>, std::allocator<char> >::basic_string(std::__cxx11::basic_string<char, std::char_traits<char>, std::allocator<char> > const&)
 .text._ZSteqIcEN9__gnu_cxx11__enable_ifIXsrSt9__is_charIT_E7__valueEbE6__typeERKNSt7__cxx1112basic_stringIS3_St11char_traitsIS3_ESaIS3_EEESE_
                0x0000000008000ec0       0x54 ./Core/Src/CLI.o
                0x0000000008000ec0                __gnu_cxx::__enable_if<std::__is_char<char>::__value, bool>::__type std::operator==<char>(std::__cxx11::basic_string<char, std::char_traits<char>, std::allocator<char> > const&, std::__cxx11::basic_string<char, std::char_traits<char>, std::allocator<char> > const&)
 .text._ZNSt6vectorIN3CLI7CommandESaIS1_EE9push_backERKS1_
                0x0000000008000f14       0x4c ./Core/Src/CLI.o
                0x0000000008000f14                std::vector<CLI::Command, std::allocator<CLI::Command> >::push_back(CLI::Command const&)
 .text._ZNSt6vectorINSt7__cxx1112basic_stringIcSt11char_traitsIcESaIcEEESaIS5_EE5clearEv
                0x0000000008000f60       0x1c ./Core/Src/CLI.o
                0x0000000008000f60                std::vector<std::__cxx11::basic_string<char, std::char_traits<char>, std::allocator<char> >, std::allocator<std::__cxx11::basic_string<char, std::char_traits<char>, std::allocator<char> > > >::clear()
 .text._ZNSt7__cxx1112basic_stringIcSt11char_traitsIcESaIcEEC2Ev
                0x0000000008000f7c       0x46 ./Core/Src/CLI.o
                0x0000000008000f7c                std::__cxx11::basic_string<char, std::char_traits<char>, std::allocator<char> >::basic_string()
                0x0000000008000f7c                std::__cxx11::basic_string<char, std::char_traits<char>, std::allocator<char> >::basic_string()
 *fill*         0x0000000008000fc2        0x2 
 .text._ZNSt7__cxx1112basic_stringIcSt11char_traitsIcESaIcEE6appendERKS4_jj
                0x0000000008000fc4       0x48 ./Core/Src/CLI.o
                0x0000000008000fc4                std::__cxx11::basic_string<char, std::char_traits<char>, std::allocator<char> >::append(std::__cxx11::basic_string<char, std::char_traits<char>, std::allocator<char> > const&, unsigned int, unsigned int)
 .text._ZNSt6vectorINSt7__cxx1112basic_stringIcSt11char_traitsIcESaIcEEESaIS5_EE9push_backERKS5_
                0x000000000800100c       0x4c ./Core/Src/CLI.o
                0x000000000800100c                std::vector<std::__cxx11::basic_string<char, std::char_traits<char>, std::allocator<char> >, std::allocator<std::__cxx11::basic_string<char, std::char_traits<char>, std::allocator<char> > > >::push_back(std::__cxx11::basic_string<char, std::char_traits<char>, std::allocator<char> > const&)
 .text._ZNSt7__cxx1112basic_stringIcSt11char_traitsIcESaIcEEpLEc
                0x0000000008001058       0x20 ./Core/Src/CLI.o
                0x0000000008001058                std::__cxx11::basic_string<char, std::char_traits<char>, std::allocator<char> >::operator+=(char)
 .text._ZNSt6vectorIN3CLI7CommandESaIS1_EEixEj
                0x0000000008001078       0x1e ./Core/Src/CLI.o
                0x0000000008001078                std::vector<CLI::Command, std::allocator<CLI::Command> >::operator[](unsigned int)
 .text._ZSt12__miter_baseIPKcET_S2_
                0x0000000008001096       0x14 ./Core/Src/CLI.o
                0x0000000008001096                char const* std::__miter_base<char const*>(char const*)
 .text._ZSt13__copy_move_aILb0EPKcPcET1_T0_S4_S3_
                0x00000000080010aa       0x46 ./Core/Src/CLI.o
                0x00000000080010aa                char* std::__copy_move_a<false, char const*, char*>(char const*, char const*, char*)
 .text._ZSt19__iterator_categoryIPcENSt15iterator_traitsIT_E17iterator_categoryERKS2_
                0x00000000080010f0       0x12 ./Core/Src/CLI.o
                0x00000000080010f0                std::iterator_traits<char*>::iterator_category std::__iterator_category<char*>(char* const&)
 .text._ZNKSt7__cxx1112basic_stringIcSt11char_traitsIcESaIcEE7_M_dataEv
                0x0000000008001102       0x16 ./Core/Src/CLI.o
                0x0000000008001102                std::__cxx11::basic_string<char, std::char_traits<char>, std::allocator<char> >::_M_data() const
 .text._ZNSt7__cxx1112basic_stringIcSt11char_traitsIcESaIcEE13_M_local_dataEv
                0x0000000008001118       0x1c ./Core/Src/CLI.o
                0x0000000008001118                std::__cxx11::basic_string<char, std::char_traits<char>, std::allocator<char> >::_M_local_data()
 .text._ZNSt7__cxx1112basic_stringIcSt11char_traitsIcESaIcEE12_Alloc_hiderC2EPcRKS3_
                0x0000000008001134       0x24 ./Core/Src/CLI.o
                0x0000000008001134                std::__cxx11::basic_string<char, std::char_traits<char>, std::allocator<char> >::_Alloc_hider::_Alloc_hider(char*, std::allocator<char> const&)
                0x0000000008001134                std::__cxx11::basic_string<char, std::char_traits<char>, std::allocator<char> >::_Alloc_hider::_Alloc_hider(char*, std::allocator<char> const&)
 .text._ZNSt7__cxx1112basic_stringIcSt11char_traitsIcESaIcEE10_M_disposeEv
                0x0000000008001158       0x2e ./Core/Src/CLI.o
                0x0000000008001158                std::__cxx11::basic_string<char, std::char_traits<char>, std::allocator<char> >::_M_dispose()
 .text._ZNSt7__cxx1112basic_stringIcSt11char_traitsIcESaIcEE16_M_get_allocatorEv
                0x0000000008001186       0x14 ./Core/Src/CLI.o
                0x0000000008001186                std::__cxx11::basic_string<char, std::char_traits<char>, std::allocator<char> >::_M_get_allocator()
 .text._ZSt4moveIRSaIcEEONSt16remove_referenceIT_E4typeEOS3_
                0x000000000800119a       0x14 ./Core/Src/CLI.o
                0x000000000800119a                std::remove_reference<std::allocator<char>&>::type&& std::move<std::allocator<char>&>(std::allocator<char>&)
 .text._ZNSt7__cxx1112basic_stringIcSt11char_traitsIcESaIcEE12_Alloc_hiderC2EPcOS3_
                0x00000000080011ae       0x2c ./Core/Src/CLI.o
                0x00000000080011ae                std::__cxx11::basic_string<char, std::char_traits<char>, std::allocator<char> >::_Alloc_hider::_Alloc_hider(char*, std::allocator<char>&&)
                0x00000000080011ae                std::__cxx11::basic_string<char, std::char_traits<char>, std::allocator<char> >::_Alloc_hider::_Alloc_hider(char*, std::allocator<char>&&)
 .text._ZNKSt7__cxx1112basic_stringIcSt11char_traitsIcESaIcEE11_M_is_localEv
                0x00000000080011da       0x2a ./Core/Src/CLI.o
                0x00000000080011da                std::__cxx11::basic_string<char, std::char_traits<char>, std::allocator<char> >::_M_is_local() const
 .text._ZNSt7__cxx1112basic_stringIcSt11char_traitsIcESaIcEE7_M_dataEPc
                0x0000000008001204       0x1a ./Core/Src/CLI.o
                0x0000000008001204                std::__cxx11::basic_string<char, std::char_traits<char>, std::allocator<char> >::_M_data(char*)
 .text._ZNSt7__cxx1112basic_stringIcSt11char_traitsIcESaIcEE11_M_capacityEj
                0x000000000800121e       0x1a ./Core/Src/CLI.o
                0x000000000800121e                std::__cxx11::basic_string<char, std::char_traits<char>, std::allocator<char> >::_M_capacity(unsigned int)
 .text._ZNSt7__cxx1112basic_stringIcSt11char_traitsIcESaIcEE9_M_lengthEj
                0x0000000008001238       0x1a ./Core/Src/CLI.o
                0x0000000008001238                std::__cxx11::basic_string<char, std::char_traits<char>, std::allocator<char> >::_M_length(unsigned int)
 .text._ZNSt7__cxx1112basic_stringIcSt11char_traitsIcESaIcEE13_M_set_lengthEj
                0x0000000008001252       0x36 ./Core/Src/CLI.o
                0x0000000008001252                std::__cxx11::basic_string<char, std::char_traits<char>, std::allocator<char> >::_M_set_length(unsigned int)
 .text._ZNSt7__cxx1112basic_stringIcSt11char_traitsIcESaIcEE12_M_constructIPKcEEvT_S8_
                0x0000000008001288       0x1e ./Core/Src/CLI.o
                0x0000000008001288                void std::__cxx11::basic_string<char, std::char_traits<char>, std::allocator<char> >::_M_construct<char const*>(char const*, char const*)
 .text._ZNSt7__cxx1112basic_stringIcSt11char_traitsIcESaIcEE17_S_to_string_viewESt17basic_string_viewIcS2_E
                0x00000000080012a6       0x26 ./Core/Src/CLI.o
                0x00000000080012a6                std::__cxx11::basic_string<char, std::char_traits<char>, std::allocator<char> >::_S_to_string_view(std::basic_string_view<char, std::char_traits<char> >)
 .text._ZNSt7__cxx1112basic_stringIcSt11char_traitsIcESaIcEE12__sv_wrapperC2ESt17basic_string_viewIcS2_E
                0x00000000080012cc       0x28 ./Core/Src/CLI.o
                0x00000000080012cc                std::__cxx11::basic_string<char, std::char_traits<char>, std::allocator<char> >::__sv_wrapper::__sv_wrapper(std::basic_string_view<char, std::char_traits<char> >)
                0x00000000080012cc                std::__cxx11::basic_string<char, std::char_traits<char>, std::allocator<char> >::__sv_wrapper::__sv_wrapper(std::basic_string_view<char, std::char_traits<char> >)
 .text._ZNSt7__cxx1112basic_stringIcSt11char_traitsIcESaIcEEC2ENS4_12__sv_wrapperERKS3_
                0x00000000080012f4       0x38 ./Core/Src/CLI.o
                0x00000000080012f4                std::__cxx11::basic_string<char, std::char_traits<char>, std::allocator<char> >::basic_string(std::__cxx11::basic_string<char, std::char_traits<char>, std::allocator<char> >::__sv_wrapper, std::allocator<char> const&)
                0x00000000080012f4                std::__cxx11::basic_string<char, std::char_traits<char>, std::allocator<char> >::basic_string(std::__cxx11::basic_string<char, std::char_traits<char>, std::allocator<char> >::__sv_wrapper, std::allocator<char> const&)
 .text._ZSt8distanceIPKcENSt15iterator_traitsIT_E15difference_typeES3_S3_
                0x000000000800132c       0x28 ./Core/Src/CLI.o
                0x000000000800132c                std::iterator_traits<char const*>::difference_type std::distance<char const*>(char const*, char const*)
 .text._ZNSt7__cxx1112basic_stringIcSt11char_traitsIcESaIcEE12_M_constructIPKcEEvT_S8_St20forward_iterator_tag
                0x0000000008001354       0x90 ./Core/Src/CLI.o
                0x0000000008001354                void std::__cxx11::basic_string<char, std::char_traits<char>, std::allocator<char> >::_M_construct<char const*>(char const*, char const*, std::forward_iterator_tag)
 .text._ZNSaINSt7__cxx1112basic_stringIcSt11char_traitsIcESaIcEEEEC2Ev
                0x00000000080013e4       0x18 ./Core/Src/CLI.o
                0x00000000080013e4                std::allocator<std::__cxx11::basic_string<char, std::char_traits<char>, std::allocator<char> > >::allocator()
                0x00000000080013e4                std::allocator<std::__cxx11::basic_string<char, std::char_traits<char>, std::allocator<char> > >::allocator()
 .text._ZNSt12_Vector_baseINSt7__cxx1112basic_stringIcSt11char_traitsIcESaIcEEESaIS5_EE17_Vector_impl_dataC2Ev
                0x00000000080013fc       0x26 ./Core/Src/CLI.o
                0x00000000080013fc                std::_Vector_base<std::__cxx11::basic_string<char, std::char_traits<char>, std::allocator<char> >, std::allocator<std::__cxx11::basic_string<char, std::char_traits<char>, std::allocator<char> > > >::_Vector_impl_data::_Vector_impl_data()
                0x00000000080013fc                std::_Vector_base<std::__cxx11::basic_string<char, std::char_traits<char>, std::allocator<char> >, std::allocator<std::__cxx11::basic_string<char, std::char_traits<char>, std::allocator<char> > > >::_Vector_impl_data::_Vector_impl_data()
 .text._ZNSt12_Vector_baseINSt7__cxx1112basic_stringIcSt11char_traitsIcESaIcEEESaIS5_EE13_M_deallocateEPS5_j
                0x0000000008001422       0x26 ./Core/Src/CLI.o
                0x0000000008001422                std::_Vector_base<std::__cxx11::basic_string<char, std::char_traits<char>, std::allocator<char> >, std::allocator<std::__cxx11::basic_string<char, std::char_traits<char>, std::allocator<char> > > >::_M_deallocate(std::__cxx11::basic_string<char, std::char_traits<char>, std::allocator<char> >*, unsigned int)
 .text._ZNSt12_Vector_baseINSt7__cxx1112basic_stringIcSt11char_traitsIcESaIcEEESaIS5_EE19_M_get_Tp_allocatorEv
                0x0000000008001448       0x14 ./Core/Src/CLI.o
                0x0000000008001448                std::_Vector_base<std::__cxx11::basic_string<char, std::char_traits<char>, std::allocator<char> >, std::allocator<std::__cxx11::basic_string<char, std::char_traits<char>, std::allocator<char> > > >::_M_get_Tp_allocator()
 .text._ZSt8_DestroyIPNSt7__cxx1112basic_stringIcSt11char_traitsIcESaIcEEES5_EvT_S7_RSaIT0_E
                0x000000000800145c       0x1c ./Core/Src/CLI.o
                0x000000000800145c                void std::_Destroy<std::__cxx11::basic_string<char, std::char_traits<char>, std::allocator<char> >*, std::__cxx11::basic_string<char, std::char_traits<char>, std::allocator<char> > >(std::__cxx11::basic_string<char, std::char_traits<char>, std::allocator<char> >*, std::__cxx11::basic_string<char, std::char_traits<char>, std::allocator<char> >*, std::allocator<std::__cxx11::basic_string<char, std::char_traits<char>, std::allocator<char> > >&)
 .text._ZNSaIN3CLI7CommandEEC2Ev
                0x0000000008001478       0x18 ./Core/Src/CLI.o
                0x0000000008001478                std::allocator<CLI::Command>::allocator()
                0x0000000008001478                std::allocator<CLI::Command>::allocator()
 .text._ZNSt12_Vector_baseIN3CLI7CommandESaIS1_EE17_Vector_impl_dataC2Ev
                0x0000000008001490       0x26 ./Core/Src/CLI.o
                0x0000000008001490                std::_Vector_base<CLI::Command, std::allocator<CLI::Command> >::_Vector_impl_data::_Vector_impl_data()
                0x0000000008001490                std::_Vector_base<CLI::Command, std::allocator<CLI::Command> >::_Vector_impl_data::_Vector_impl_data()
 .text._ZNSt12_Vector_baseIN3CLI7CommandESaIS1_EE13_M_deallocateEPS1_j
                0x00000000080014b6       0x26 ./Core/Src/CLI.o
                0x00000000080014b6                std::_Vector_base<CLI::Command, std::allocator<CLI::Command> >::_M_deallocate(CLI::Command*, unsigned int)
 .text._ZNSt12_Vector_baseIN3CLI7CommandESaIS1_EE19_M_get_Tp_allocatorEv
                0x00000000080014dc       0x14 ./Core/Src/CLI.o
                0x00000000080014dc                std::_Vector_base<CLI::Command, std::allocator<CLI::Command> >::_M_get_Tp_allocator()
 .text._ZSt8_DestroyIPN3CLI7CommandES1_EvT_S3_RSaIT0_E
                0x00000000080014f0       0x1c ./Core/Src/CLI.o
                0x00000000080014f0                void std::_Destroy<CLI::Command*, CLI::Command>(CLI::Command*, CLI::Command*, std::allocator<CLI::Command>&)
 .text._ZSt7forwardIRA5_KcEOT_RNSt16remove_referenceIS3_E4typeE
                0x000000000800150c       0x14 ./Core/Src/CLI.o
                0x000000000800150c                char const (&std::forward<char const (&) [5]>(std::remove_reference<char const (&) [5]>::type&)) [5]
 .text._ZSt7forwardIN3CLI12CommandRolesEEOT_RNSt16remove_referenceIS2_E4typeE
                0x0000000008001520       0x14 ./Core/Src/CLI.o
                0x0000000008001520                CLI::CommandRoles&& std::forward<CLI::CommandRoles>(std::remove_reference<CLI::CommandRoles>::type&)
 .text._ZSt7forwardIZN22CommandLineInterpreterC4EtEUlvE_EOT_RNSt16remove_referenceIS2_E4typeE
                0x0000000008001534       0x14 ./Core/Src/CLI.o
 .text._ZSt12construct_atIN3CLI7CommandEJRA5_KcNS0_12CommandRolesEZN22CommandLineInterpreterC4EtEUlvE_EEDTgsnwcvPvLi0E_T_pispcl7declvalIT0_EEEEPS9_DpOSA_
                0x0000000008001548       0x66 ./Core/Src/CLI.o
 .text._ZNSt16allocator_traitsISaIN3CLI7CommandEEE9constructIS1_JRA5_KcNS0_12CommandRolesEZN22CommandLineInterpreterC4EtEUlvE_EEEvRS2_PT_DpOT0_
                0x00000000080015ae       0x38 ./Core/Src/CLI.o
 *fill*         0x00000000080015e6        0x2 
 .text._ZNSt6vectorIN3CLI7CommandESaIS1_EE17_M_realloc_insertIJRA5_KcNS0_12CommandRolesEZN22CommandLineInterpreterC4EtEUlvE_EEEvN9__gnu_cxx17__normal_iteratorIPS1_S3_EEDpOT_
                0x00000000080015e8      0x114 ./Core/Src/CLI.o
 .text._ZNSt6vectorIN3CLI7CommandESaIS1_EE4backEv
                0x00000000080016fc       0x36 ./Core/Src/CLI.o
                0x00000000080016fc                std::vector<CLI::Command, std::allocator<CLI::Command> >::back()
 .text._ZN9__gnu_cxx17__normal_iteratorIPN3CLI7CommandESt6vectorIS2_SaIS2_EEEC2ERKS3_
                0x0000000008001732       0x1e ./Core/Src/CLI.o
                0x0000000008001732                __gnu_cxx::__normal_iterator<CLI::Command*, std::vector<CLI::Command, std::allocator<CLI::Command> > >::__normal_iterator(CLI::Command* const&)
                0x0000000008001732                __gnu_cxx::__normal_iterator<CLI::Command*, std::vector<CLI::Command, std::allocator<CLI::Command> > >::__normal_iterator(CLI::Command* const&)
 .text._ZNKSt7__cxx1112basic_stringIcSt11char_traitsIcESaIcEE8capacityEv
                0x0000000008001750       0x24 ./Core/Src/CLI.o
                0x0000000008001750                std::__cxx11::basic_string<char, std::char_traits<char>, std::allocator<char> >::capacity() const
 .text._ZNSt7__cxx1112basic_stringIcSt11char_traitsIcESaIcEE9_M_mutateEjjPKcj
                0x0000000008001774       0xc6 ./Core/Src/CLI.o
                0x0000000008001774                std::__cxx11::basic_string<char, std::char_traits<char>, std::allocator<char> >::_M_mutate(unsigned int, unsigned int, char const*, unsigned int)
 .text._ZN9__gnu_cxx14__alloc_traitsISaIcEcE17_S_select_on_copyERKS1_
                0x000000000800183a       0x1c ./Core/Src/CLI.o
                0x000000000800183a                __gnu_cxx::__alloc_traits<std::allocator<char>, char>::_S_select_on_copy(std::allocator<char> const&)
 .text._ZNKSt7__cxx1112basic_stringIcSt11char_traitsIcESaIcEE16_M_get_allocatorEv
                0x0000000008001856       0x14 ./Core/Src/CLI.o
                0x0000000008001856                std::__cxx11::basic_string<char, std::char_traits<char>, std::allocator<char> >::_M_get_allocator() const
 .text._ZNSt7__cxx1112basic_stringIcSt11char_traitsIcESaIcEE12_M_constructIPcEEvT_S7_
                0x000000000800186a       0x1e ./Core/Src/CLI.o
                0x000000000800186a                void std::__cxx11::basic_string<char, std::char_traits<char>, std::allocator<char> >::_M_construct<char*>(char*, char*)
 .text._ZSt12construct_atIN3CLI7CommandEJRKS1_EEDTgsnwcvPvLi0E_T_pispcl7declvalIT0_EEEEPS5_DpOS6_
                0x0000000008001888       0x30 ./Core/Src/CLI.o
                0x0000000008001888                decltype (::new ((void*)(0)) CLI::Command((declval<CLI::Command const&>)())) std::construct_at<CLI::Command, CLI::Command const&>(CLI::Command*, CLI::Command const&)
 .text._ZNSt16allocator_traitsISaIN3CLI7CommandEEE9constructIS1_JRKS1_EEEvRS2_PT_DpOT0_
                0x00000000080018b8       0x24 ./Core/Src/CLI.o
                0x00000000080018b8                void std::allocator_traits<std::allocator<CLI::Command> >::construct<CLI::Command, CLI::Command const&>(std::allocator<CLI::Command>&, CLI::Command*, CLI::Command const&)
 .text._ZNSt6vectorIN3CLI7CommandESaIS1_EE17_M_realloc_insertIJRKS1_EEEvN9__gnu_cxx17__normal_iteratorIPS1_S3_EEDpOT_
                0x00000000080018dc       0xf8 ./Core/Src/CLI.o
                0x00000000080018dc                void std::vector<CLI::Command, std::allocator<CLI::Command> >::_M_realloc_insert<CLI::Command const&>(__gnu_cxx::__normal_iterator<CLI::Command*, std::vector<CLI::Command, std::allocator<CLI::Command> > >, CLI::Command const&)
 .text._ZNSt6vectorINSt7__cxx1112basic_stringIcSt11char_traitsIcESaIcEEESaIS5_EE15_M_erase_at_endEPS5_
                0x00000000080019d4       0x4c ./Core/Src/CLI.o
                0x00000000080019d4                std::vector<std::__cxx11::basic_string<char, std::char_traits<char>, std::allocator<char> >, std::allocator<std::__cxx11::basic_string<char, std::char_traits<char>, std::allocator<char> > > >::_M_erase_at_end(std::__cxx11::basic_string<char, std::char_traits<char>, std::allocator<char> >*)
 .text._ZNSt7__cxx1112basic_stringIcSt11char_traitsIcESaIcEE9_M_appendEPKcj
                0x0000000008001a20       0x7e ./Core/Src/CLI.o
                0x0000000008001a20                std::__cxx11::basic_string<char, std::char_traits<char>, std::allocator<char> >::_M_append(char const*, unsigned int)
 *fill*         0x0000000008001a9e        0x2 
 .text._ZNKSt7__cxx1112basic_stringIcSt11char_traitsIcESaIcEE8_M_checkEjPKc
                0x0000000008001aa0       0x44 ./Core/Src/CLI.o
                0x0000000008001aa0                std::__cxx11::basic_string<char, std::char_traits<char>, std::allocator<char> >::_M_check(unsigned int, char const*) const
 .text._ZNKSt7__cxx1112basic_stringIcSt11char_traitsIcESaIcEE8_M_limitEjj
                0x0000000008001ae4       0x42 ./Core/Src/CLI.o
                0x0000000008001ae4                std::__cxx11::basic_string<char, std::char_traits<char>, std::allocator<char> >::_M_limit(unsigned int, unsigned int) const
 .text._ZSt12construct_atINSt7__cxx1112basic_stringIcSt11char_traitsIcESaIcEEEJRKS5_EEDTgsnwcvPvLi0E_T_pispcl7declvalIT0_EEEEPS9_DpOSA_
                0x0000000008001b26       0x30 ./Core/Src/CLI.o
                0x0000000008001b26                decltype (::new ((void*)(0)) std::__cxx11::basic_string<char, std::char_traits<char>, std::allocator<char> >((declval<std::__cxx11::basic_string<char, std::char_traits<char>, std::allocator<char> > const&>)())) std::construct_at<std::__cxx11::basic_string<char, std::char_traits<char>, std::allocator<char> >, std::__cxx11::basic_string<char, std::char_traits<char>, std::allocator<char> > const&>(std::__cxx11::basic_string<char, std::char_traits<char>, std::allocator<char> >*, std::__cxx11::basic_string<char, std::char_traits<char>, std::allocator<char> > const&)
 .text._ZNSt16allocator_traitsISaINSt7__cxx1112basic_stringIcSt11char_traitsIcESaIcEEEEE9constructIS5_JRKS5_EEEvRS6_PT_DpOT0_
                0x0000000008001b56       0x24 ./Core/Src/CLI.o
                0x0000000008001b56                void std::allocator_traits<std::allocator<std::__cxx11::basic_string<char, std::char_traits<char>, std::allocator<char> > > >::construct<std::__cxx11::basic_string<char, std::char_traits<char>, std::allocator<char> >, std::__cxx11::basic_string<char, std::char_traits<char>, std::allocator<char> > const&>(std::allocator<std::__cxx11::basic_string<char, std::char_traits<char>, std::allocator<char> > >&, std::__cxx11::basic_string<char, std::char_traits<char>, std::allocator<char> >*, std::__cxx11::basic_string<char, std::char_traits<char>, std::allocator<char> > const&)
 .text._ZNSt6vectorINSt7__cxx1112basic_stringIcSt11char_traitsIcESaIcEEESaIS5_EE3endEv
                0x0000000008001b7a       0x22 ./Core/Src/CLI.o
                0x0000000008001b7a                std::vector<std::__cxx11::basic_string<char, std::char_traits<char>, std::allocator<char> >, std::allocator<std::__cxx11::basic_string<char, std::char_traits<char>, std::allocator<char> > > >::end()
 .text._ZNSt6vectorINSt7__cxx1112basic_stringIcSt11char_traitsIcESaIcEEESaIS5_EE17_M_realloc_insertIJRKS5_EEEvN9__gnu_cxx17__normal_iteratorIPS5_S7_EEDpOT_
                0x0000000008001b9c      0x114 ./Core/Src/CLI.o
                0x0000000008001b9c                void std::vector<std::__cxx11::basic_string<char, std::char_traits<char>, std::allocator<char> >, std::allocator<std::__cxx11::basic_string<char, std::char_traits<char>, std::allocator<char> > > >::_M_realloc_insert<std::__cxx11::basic_string<char, std::char_traits<char>, std::allocator<char> > const&>(__gnu_cxx::__normal_iterator<std::__cxx11::basic_string<char, std::char_traits<char>, std::allocator<char> >*, std::vector<std::__cxx11::basic_string<char, std::char_traits<char>, std::allocator<char> >, std::allocator<std::__cxx11::basic_string<char, std::char_traits<char>, std::allocator<char> > > > >, std::__cxx11::basic_string<char, std::char_traits<char>, std::allocator<char> > const&)
 .text._ZSt12__niter_baseIPKcET_S2_
                0x0000000008001cb0       0x14 ./Core/Src/CLI.o
                0x0000000008001cb0                char const* std::__niter_base<char const*>(char const*)
 .text._ZSt12__niter_baseIPcET_S1_
                0x0000000008001cc4       0x14 ./Core/Src/CLI.o
                0x0000000008001cc4                char* std::__niter_base<char*>(char*)
 .text._ZSt12__niter_wrapIPcET_RKS1_S1_
                0x0000000008001cd8       0x16 ./Core/Src/CLI.o
                0x0000000008001cd8                char* std::__niter_wrap<char*>(char* const&, char*)
 .text._ZSt14__copy_move_a1ILb0EPKcPcET1_T0_S4_S3_
                0x0000000008001cee       0x20 ./Core/Src/CLI.o
                0x0000000008001cee                char* std::__copy_move_a1<false, char const*, char*>(char const*, char const*, char*)
 .text._ZNSt14pointer_traitsIPcE10pointer_toERc
                0x0000000008001d0e       0x18 ./Core/Src/CLI.o
                0x0000000008001d0e                std::pointer_traits<char*>::pointer_to(char&)
 *fill*         0x0000000008001d26        0x2 
 .text._ZNSt7__cxx1112basic_stringIcSt11char_traitsIcESaIcEE9_M_createERjj
                0x0000000008001d28       0x94 ./Core/Src/CLI.o
                0x0000000008001d28                std::__cxx11::basic_string<char, std::char_traits<char>, std::allocator<char> >::_M_create(unsigned int&, unsigned int)
 .text._ZNSt7__cxx1112basic_stringIcSt11char_traitsIcESaIcEE10_M_destroyEj
                0x0000000008001dbc       0x2e ./Core/Src/CLI.o
                0x0000000008001dbc                std::__cxx11::basic_string<char, std::char_traits<char>, std::allocator<char> >::_M_destroy(unsigned int)
 .text._ZNKSt7__cxx1112basic_stringIcSt11char_traitsIcESaIcEE13_M_local_dataEv
                0x0000000008001dea       0x1c ./Core/Src/CLI.o
                0x0000000008001dea                std::__cxx11::basic_string<char, std::char_traits<char>, std::allocator<char> >::_M_local_data() const
 .text._ZNSt7__cxx1112basic_stringIcSt11char_traitsIcESaIcEE16_M_construct_auxIPKcEEvT_S8_St12__false_type
                0x0000000008001e06       0x22 ./Core/Src/CLI.o
                0x0000000008001e06                void std::__cxx11::basic_string<char, std::char_traits<char>, std::allocator<char> >::_M_construct_aux<char const*>(char const*, char const*, std::__false_type)
 .text._ZNKSt17basic_string_viewIcSt11char_traitsIcEE4sizeEv
                0x0000000008001e28       0x16 ./Core/Src/CLI.o
                0x0000000008001e28                std::basic_string_view<char, std::char_traits<char> >::size() const
 .text._ZN9__gnu_cxx17__is_null_pointerIKcEEbPT_
                0x0000000008001e3e       0x1e ./Core/Src/CLI.o
                0x0000000008001e3e                bool __gnu_cxx::__is_null_pointer<char const>(char const*)
 .text._ZSt19__iterator_categoryIPKcENSt15iterator_traitsIT_E17iterator_categoryERKS3_
                0x0000000008001e5c       0x12 ./Core/Src/CLI.o
                0x0000000008001e5c                std::iterator_traits<char const*>::iterator_category std::__iterator_category<char const*>(char const* const&)
 .text._ZSt10__distanceIPKcENSt15iterator_traitsIT_E15difference_typeES3_S3_St26random_access_iterator_tag
                0x0000000008001e6e       0x1c ./Core/Src/CLI.o
                0x0000000008001e6e                std::iterator_traits<char const*>::difference_type std::__distance<char const*>(char const*, char const*, std::random_access_iterator_tag)
 .text._ZNSt7__cxx1112basic_stringIcSt11char_traitsIcESaIcEE13_S_copy_charsEPcPKcS7_
                0x0000000008001e8a       0x24 ./Core/Src/CLI.o
                0x0000000008001e8a                std::__cxx11::basic_string<char, std::char_traits<char>, std::allocator<char> >::_S_copy_chars(char*, char const*, char const*)
 .text._ZN9__gnu_cxx13new_allocatorINSt7__cxx1112basic_stringIcSt11char_traitsIcESaIcEEEEC2Ev
                0x0000000008001eae       0x14 ./Core/Src/CLI.o
                0x0000000008001eae                __gnu_cxx::new_allocator<std::__cxx11::basic_string<char, std::char_traits<char>, std::allocator<char> > >::new_allocator()
                0x0000000008001eae                __gnu_cxx::new_allocator<std::__cxx11::basic_string<char, std::char_traits<char>, std::allocator<char> > >::new_allocator()
 .text._ZNSt16allocator_traitsISaINSt7__cxx1112basic_stringIcSt11char_traitsIcESaIcEEEEE10deallocateERS6_PS5_j
                0x0000000008001ec2       0x3e ./Core/Src/CLI.o
                0x0000000008001ec2                std::allocator_traits<std::allocator<std::__cxx11::basic_string<char, std::char_traits<char>, std::allocator<char> > > >::deallocate(std::allocator<std::__cxx11::basic_string<char, std::char_traits<char>, std::allocator<char> > >&, std::__cxx11::basic_string<char, std::char_traits<char>, std::allocator<char> >*, unsigned int)
 .text._ZSt8_DestroyIPNSt7__cxx1112basic_stringIcSt11char_traitsIcESaIcEEEEvT_S7_
                0x0000000008001f00       0x2c ./Core/Src/CLI.o
                0x0000000008001f00                void std::_Destroy<std::__cxx11::basic_string<char, std::char_traits<char>, std::allocator<char> >*>(std::__cxx11::basic_string<char, std::char_traits<char>, std::allocator<char> >*, std::__cxx11::basic_string<char, std::char_traits<char>, std::allocator<char> >*)
 .text._ZN9__gnu_cxx13new_allocatorIN3CLI7CommandEEC2Ev
                0x0000000008001f2c       0x14 ./Core/Src/CLI.o
                0x0000000008001f2c                __gnu_cxx::new_allocator<CLI::Command>::new_allocator()
                0x0000000008001f2c                __gnu_cxx::new_allocator<CLI::Command>::new_allocator()
 .text._ZNSt16allocator_traitsISaIN3CLI7CommandEEE10deallocateERS2_PS1_j
                0x0000000008001f40       0x3e ./Core/Src/CLI.o
                0x0000000008001f40                std::allocator_traits<std::allocator<CLI::Command> >::deallocate(std::allocator<CLI::Command>&, CLI::Command*, unsigned int)
 .text._ZSt8_DestroyIPN3CLI7CommandEEvT_S3_
                0x0000000008001f7e       0x2c ./Core/Src/CLI.o
                0x0000000008001f7e                void std::_Destroy<CLI::Command*>(CLI::Command*, CLI::Command*)
 .text._ZNSt17basic_string_viewIcSt11char_traitsIcEEC2EPKc
                0x0000000008001faa       0x26 ./Core/Src/CLI.o
                0x0000000008001faa                std::basic_string_view<char, std::char_traits<char> >::basic_string_view(char const*)
                0x0000000008001faa                std::basic_string_view<char, std::char_traits<char> >::basic_string_view(char const*)
 .text._ZNKSt6vectorIN3CLI7CommandESaIS1_EE12_M_check_lenEjPKc
                0x0000000008001fd0       0x8e ./Core/Src/CLI.o
                0x0000000008001fd0                std::vector<CLI::Command, std::allocator<CLI::Command> >::_M_check_len(unsigned int, char const*) const
 .text._ZN9__gnu_cxxmiIPN3CLI7CommandESt6vectorIS2_SaIS2_EEEENS_17__normal_iteratorIT_T0_E15difference_typeERKSA_SD_
                0x000000000800205e       0x2a ./Core/Src/CLI.o
                0x000000000800205e                __gnu_cxx::__normal_iterator<CLI::Command*, std::vector<CLI::Command, std::allocator<CLI::Command> > >::difference_type __gnu_cxx::operator-<CLI::Command*, std::vector<CLI::Command, std::allocator<CLI::Command> > >(__gnu_cxx::__normal_iterator<CLI::Command*, std::vector<CLI::Command, std::allocator<CLI::Command> > > const&, __gnu_cxx::__normal_iterator<CLI::Command*, std::vector<CLI::Command, std::allocator<CLI::Command> > > const&)
 .text._ZNSt12_Vector_baseIN3CLI7CommandESaIS1_EE11_M_allocateEj
                0x0000000008002088       0x28 ./Core/Src/CLI.o
                0x0000000008002088                std::_Vector_base<CLI::Command, std::allocator<CLI::Command> >::_M_allocate(unsigned int)
 .text._ZNSt6vectorIN3CLI7CommandESaIS1_EE11_S_relocateEPS1_S4_S4_RS2_
                0x00000000080020b0       0x28 ./Core/Src/CLI.o
                0x00000000080020b0                std::vector<CLI::Command, std::allocator<CLI::Command> >::_S_relocate(CLI::Command*, CLI::Command*, CLI::Command*, std::allocator<CLI::Command>&)
 .text._ZNSt16allocator_traitsISaIN3CLI7CommandEEE7destroyIS1_EEvRS2_PT_
                0x00000000080020d8       0x18 ./Core/Src/CLI.o
                0x00000000080020d8                void std::allocator_traits<std::allocator<CLI::Command> >::destroy<CLI::Command>(std::allocator<CLI::Command>&, CLI::Command*)
 .text._ZNK9__gnu_cxx17__normal_iteratorIPN3CLI7CommandESt6vectorIS2_SaIS2_EEEmiEi
                0x00000000080020f0       0x32 ./Core/Src/CLI.o
                0x00000000080020f0                __gnu_cxx::__normal_iterator<CLI::Command*, std::vector<CLI::Command, std::allocator<CLI::Command> > >::operator-(int) const
 .text._ZNSt7__cxx1112basic_stringIcSt11char_traitsIcESaIcEE7_S_copyEPcPKcj
                0x0000000008002122       0x2e ./Core/Src/CLI.o
                0x0000000008002122                std::__cxx11::basic_string<char, std::char_traits<char>, std::allocator<char> >::_S_copy(char*, char const*, unsigned int)
 .text._ZNSt16allocator_traitsISaIcEE37select_on_container_copy_constructionERKS0_
                0x0000000008002150       0x1a ./Core/Src/CLI.o
                0x0000000008002150                std::allocator_traits<std::allocator<char> >::select_on_container_copy_construction(std::allocator<char> const&)
 .text._ZNSt7__cxx1112basic_stringIcSt11char_traitsIcESaIcEE16_M_construct_auxIPcEEvT_S7_St12__false_type
                0x000000000800216a       0x22 ./Core/Src/CLI.o
                0x000000000800216a                void std::__cxx11::basic_string<char, std::char_traits<char>, std::allocator<char> >::_M_construct_aux<char*>(char*, char*, std::__false_type)
 .text._ZSt7forwardIRKN3CLI7CommandEEOT_RNSt16remove_referenceIS4_E4typeE
                0x000000000800218c       0x14 ./Core/Src/CLI.o
                0x000000000800218c                CLI::Command const& std::forward<CLI::Command const&>(std::remove_reference<CLI::Command const&>::type&)
 .text._ZSt7forwardIRKNSt7__cxx1112basic_stringIcSt11char_traitsIcESaIcEEEEOT_RNSt16remove_referenceIS8_E4typeE
                0x00000000080021a0       0x14 ./Core/Src/CLI.o
                0x00000000080021a0                std::__cxx11::basic_string<char, std::char_traits<char>, std::allocator<char> > const& std::forward<std::__cxx11::basic_string<char, std::char_traits<char>, std::allocator<char> > const&>(std::remove_reference<std::__cxx11::basic_string<char, std::char_traits<char>, std::allocator<char> > const&>::type&)
 .text._ZN9__gnu_cxx17__normal_iteratorIPNSt7__cxx1112basic_stringIcSt11char_traitsIcESaIcEEESt6vectorIS6_SaIS6_EEEC2ERKS7_
                0x00000000080021b4       0x1e ./Core/Src/CLI.o
                0x00000000080021b4                __gnu_cxx::__normal_iterator<std::__cxx11::basic_string<char, std::char_traits<char>, std::allocator<char> >*, std::vector<std::__cxx11::basic_string<char, std::char_traits<char>, std::allocator<char> >, std::allocator<std::__cxx11::basic_string<char, std::char_traits<char>, std::allocator<char> > > > >::__normal_iterator(std::__cxx11::basic_string<char, std::char_traits<char>, std::allocator<char> >* const&)
                0x00000000080021b4                __gnu_cxx::__normal_iterator<std::__cxx11::basic_string<char, std::char_traits<char>, std::allocator<char> >*, std::vector<std::__cxx11::basic_string<char, std::char_traits<char>, std::allocator<char> >, std::allocator<std::__cxx11::basic_string<char, std::char_traits<char>, std::allocator<char> > > > >::__normal_iterator(std::__cxx11::basic_string<char, std::char_traits<char>, std::allocator<char> >* const&)
 .text._ZNKSt6vectorINSt7__cxx1112basic_stringIcSt11char_traitsIcESaIcEEESaIS5_EE12_M_check_lenEjPKc
                0x00000000080021d2       0x8e ./Core/Src/CLI.o
                0x00000000080021d2                std::vector<std::__cxx11::basic_string<char, std::char_traits<char>, std::allocator<char> >, std::allocator<std::__cxx11::basic_string<char, std::char_traits<char>, std::allocator<char> > > >::_M_check_len(unsigned int, char const*) const
 .text._ZNSt6vectorINSt7__cxx1112basic_stringIcSt11char_traitsIcESaIcEEESaIS5_EE5beginEv
                0x0000000008002260       0x20 ./Core/Src/CLI.o
                0x0000000008002260                std::vector<std::__cxx11::basic_string<char, std::char_traits<char>, std::allocator<char> >, std::allocator<std::__cxx11::basic_string<char, std::char_traits<char>, std::allocator<char> > > >::begin()
 .text._ZN9__gnu_cxxmiIPNSt7__cxx1112basic_stringIcSt11char_traitsIcESaIcEEESt6vectorIS6_SaIS6_EEEENS_17__normal_iteratorIT_T0_E15difference_typeERKSE_SH_
                0x0000000008002280       0x34 ./Core/Src/CLI.o
                0x0000000008002280                __gnu_cxx::__normal_iterator<std::__cxx11::basic_string<char, std::char_traits<char>, std::allocator<char> >*, std::vector<std::__cxx11::basic_string<char, std::char_traits<char>, std::allocator<char> >, std::allocator<std::__cxx11::basic_string<char, std::char_traits<char>, std::allocator<char> > > > >::difference_type __gnu_cxx::operator-<std::__cxx11::basic_string<char, std::char_traits<char>, std::allocator<char> >*, std::vector<std::__cxx11::basic_string<char, std::char_traits<char>, std::allocator<char> >, std::allocator<std::__cxx11::basic_string<char, std::char_traits<char>, std::allocator<char> > > > >(__gnu_cxx::__normal_iterator<std::__cxx11::basic_string<char, std::char_traits<char>, std::allocator<char> >*, std::vector<std::__cxx11::basic_string<char, std::char_traits<char>, std::allocator<char> >, std::allocator<std::__cxx11::basic_string<char, std::char_traits<char>, std::allocator<char> > > > > const&, __gnu_cxx::__normal_iterator<std::__cxx11::basic_string<char, std::char_traits<char>, std::allocator<char> >*, std::vector<std::__cxx11::basic_string<char, std::char_traits<char>, std::allocator<char> >, std::allocator<std::__cxx11::basic_string<char, std::char_traits<char>, std::allocator<char> > > > > const&)
 .text._ZNSt12_Vector_baseINSt7__cxx1112basic_stringIcSt11char_traitsIcESaIcEEESaIS5_EE11_M_allocateEj
                0x00000000080022b4       0x28 ./Core/Src/CLI.o
                0x00000000080022b4                std::_Vector_base<std::__cxx11::basic_string<char, std::char_traits<char>, std::allocator<char> >, std::allocator<std::__cxx11::basic_string<char, std::char_traits<char>, std::allocator<char> > > >::_M_allocate(unsigned int)
 .text._ZNSt6vectorINSt7__cxx1112basic_stringIcSt11char_traitsIcESaIcEEESaIS5_EE11_S_relocateEPS5_S8_S8_RS6_
                0x00000000080022dc       0x28 ./Core/Src/CLI.o
                0x00000000080022dc                std::vector<std::__cxx11::basic_string<char, std::char_traits<char>, std::allocator<char> >, std::allocator<std::__cxx11::basic_string<char, std::char_traits<char>, std::allocator<char> > > >::_S_relocate(std::__cxx11::basic_string<char, std::char_traits<char>, std::allocator<char> >*, std::__cxx11::basic_string<char, std::char_traits<char>, std::allocator<char> >*, std::__cxx11::basic_string<char, std::char_traits<char>, std::allocator<char> >*, std::allocator<std::__cxx11::basic_string<char, std::char_traits<char>, std::allocator<char> > >&)
 .text._ZNK9__gnu_cxx17__normal_iteratorIPNSt7__cxx1112basic_stringIcSt11char_traitsIcESaIcEEESt6vectorIS6_SaIS6_EEE4baseEv
                0x0000000008002304       0x14 ./Core/Src/CLI.o
                0x0000000008002304                __gnu_cxx::__normal_iterator<std::__cxx11::basic_string<char, std::char_traits<char>, std::allocator<char> >*, std::vector<std::__cxx11::basic_string<char, std::char_traits<char>, std::allocator<char> >, std::allocator<std::__cxx11::basic_string<char, std::char_traits<char>, std::allocator<char> > > > >::base() const
 .text._ZNSt16allocator_traitsISaINSt7__cxx1112basic_stringIcSt11char_traitsIcESaIcEEEEE7destroyIS5_EEvRS6_PT_
                0x0000000008002318       0x18 ./Core/Src/CLI.o
                0x0000000008002318                void std::allocator_traits<std::allocator<std::__cxx11::basic_string<char, std::char_traits<char>, std::allocator<char> > > >::destroy<std::__cxx11::basic_string<char, std::char_traits<char>, std::allocator<char> > >(std::allocator<std::__cxx11::basic_string<char, std::char_traits<char>, std::allocator<char> > >&, std::__cxx11::basic_string<char, std::char_traits<char>, std::allocator<char> >*)
 .text._ZSt14__copy_move_a2ILb0EPKcPcET1_T0_S4_S3_
                0x0000000008002330       0x3a ./Core/Src/CLI.o
                0x0000000008002330                char* std::__copy_move_a2<false, char const*, char*>(char const*, char const*, char*)
 .text._ZSt9addressofIcEPT_RS0_
                0x000000000800236a       0x18 ./Core/Src/CLI.o
                0x000000000800236a                char* std::addressof<char>(char&)
 .text._ZNKSt7__cxx1112basic_stringIcSt11char_traitsIcESaIcEE8max_sizeEv
                0x0000000008002382       0x24 ./Core/Src/CLI.o
                0x0000000008002382                std::__cxx11::basic_string<char, std::char_traits<char>, std::allocator<char> >::max_size() const
 .text._ZNSt16allocator_traitsISaIcEE8allocateERS0_j
                0x00000000080023a6       0x3c ./Core/Src/CLI.o
                0x00000000080023a6                std::allocator_traits<std::allocator<char> >::allocate(std::allocator<char>&, unsigned int)
 .text._ZNSt16allocator_traitsISaIcEE10deallocateERS0_Pcj
                0x00000000080023e2       0x3e ./Core/Src/CLI.o
                0x00000000080023e2                std::allocator_traits<std::allocator<char> >::deallocate(std::allocator<char>&, char*, unsigned int)
 .text._ZNSt14pointer_traitsIPKcE10pointer_toERS0_
                0x0000000008002420       0x18 ./Core/Src/CLI.o
                0x0000000008002420                std::pointer_traits<char const*>::pointer_to(char const&)
 .text._ZNSt12_Destroy_auxILb0EE9__destroyIPNSt7__cxx1112basic_stringIcSt11char_traitsIcESaIcEEEEEvT_S9_
                0x0000000008002438       0x30 ./Core/Src/CLI.o
                0x0000000008002438                void std::_Destroy_aux<false>::__destroy<std::__cxx11::basic_string<char, std::char_traits<char>, std::allocator<char> >*>(std::__cxx11::basic_string<char, std::char_traits<char>, std::allocator<char> >*, std::__cxx11::basic_string<char, std::char_traits<char>, std::allocator<char> >*)
 .text._ZNSt12_Destroy_auxILb0EE9__destroyIPN3CLI7CommandEEEvT_S5_
                0x0000000008002468       0x30 ./Core/Src/CLI.o
                0x0000000008002468                void std::_Destroy_aux<false>::__destroy<CLI::Command*>(CLI::Command*, CLI::Command*)
 .text._ZNKSt6vectorIN3CLI7CommandESaIS1_EE8max_sizeEv
                0x0000000008002498       0x22 ./Core/Src/CLI.o
                0x0000000008002498                std::vector<CLI::Command, std::allocator<CLI::Command> >::max_size() const
 .text._ZSt3maxIjERKT_S2_S2_
                0x00000000080024ba       0x26 ./Core/Src/CLI.o
                0x00000000080024ba                unsigned int const& std::max<unsigned int>(unsigned int const&, unsigned int const&)
 .text._ZNSt16allocator_traitsISaIN3CLI7CommandEEE8allocateERS2_j
                0x00000000080024e0       0x40 ./Core/Src/CLI.o
                0x00000000080024e0                std::allocator_traits<std::allocator<CLI::Command> >::allocate(std::allocator<CLI::Command>&, unsigned int)
 .text._ZNSt6vectorIN3CLI7CommandESaIS1_EE14_S_do_relocateEPS1_S4_S4_RS2_St17integral_constantIbLb1EE
                0x0000000008002520       0x24 ./Core/Src/CLI.o
                0x0000000008002520                std::vector<CLI::Command, std::allocator<CLI::Command> >::_S_do_relocate(CLI::Command*, CLI::Command*, CLI::Command*, std::allocator<CLI::Command>&, std::integral_constant<bool, true>)
 .text._ZSt10destroy_atIN3CLI7CommandEEvPT_
                0x0000000008002544       0x16 ./Core/Src/CLI.o
                0x0000000008002544                void std::destroy_at<CLI::Command>(CLI::Command*)
 .text._ZSt8distanceIPcENSt15iterator_traitsIT_E15difference_typeES2_S2_
                0x000000000800255a       0x28 ./Core/Src/CLI.o
                0x000000000800255a                std::iterator_traits<char*>::difference_type std::distance<char*>(char*, char*)
 *fill*         0x0000000008002582        0x2 
 .text._ZNSt7__cxx1112basic_stringIcSt11char_traitsIcESaIcEE12_M_constructIPcEEvT_S7_St20forward_iterator_tag
                0x0000000008002584       0x90 ./Core/Src/CLI.o
                0x0000000008002584                void std::__cxx11::basic_string<char, std::char_traits<char>, std::allocator<char> >::_M_construct<char*>(char*, char*, std::forward_iterator_tag)
 .text._ZNKSt6vectorINSt7__cxx1112basic_stringIcSt11char_traitsIcESaIcEEESaIS5_EE8max_sizeEv
                0x0000000008002614       0x22 ./Core/Src/CLI.o
                0x0000000008002614                std::vector<std::__cxx11::basic_string<char, std::char_traits<char>, std::allocator<char> >, std::allocator<std::__cxx11::basic_string<char, std::char_traits<char>, std::allocator<char> > > >::max_size() const
 *fill*         0x0000000008002636        0x2 
 .text._ZNKSt6vectorINSt7__cxx1112basic_stringIcSt11char_traitsIcESaIcEEESaIS5_EE4sizeEv
                0x0000000008002638       0x28 ./Core/Src/CLI.o
                0x0000000008002638                std::vector<std::__cxx11::basic_string<char, std::char_traits<char>, std::allocator<char> >, std::allocator<std::__cxx11::basic_string<char, std::char_traits<char>, std::allocator<char> > > >::size() const
 .text._ZNSt16allocator_traitsISaINSt7__cxx1112basic_stringIcSt11char_traitsIcESaIcEEEEE8allocateERS6_j
                0x0000000008002660       0x46 ./Core/Src/CLI.o
                0x0000000008002660                std::allocator_traits<std::allocator<std::__cxx11::basic_string<char, std::char_traits<char>, std::allocator<char> > > >::allocate(std::allocator<std::__cxx11::basic_string<char, std::char_traits<char>, std::allocator<char> > >&, unsigned int)
 .text._ZNSt6vectorINSt7__cxx1112basic_stringIcSt11char_traitsIcESaIcEEESaIS5_EE14_S_do_relocateEPS5_S8_S8_RS6_St17integral_constantIbLb1EE
                0x00000000080026a6       0x24 ./Core/Src/CLI.o
                0x00000000080026a6                std::vector<std::__cxx11::basic_string<char, std::char_traits<char>, std::allocator<char> >, std::allocator<std::__cxx11::basic_string<char, std::char_traits<char>, std::allocator<char> > > >::_S_do_relocate(std::__cxx11::basic_string<char, std::char_traits<char>, std::allocator<char> >*, std::__cxx11::basic_string<char, std::char_traits<char>, std::allocator<char> >*, std::__cxx11::basic_string<char, std::char_traits<char>, std::allocator<char> >*, std::allocator<std::__cxx11::basic_string<char, std::char_traits<char>, std::allocator<char> > >&, std::integral_constant<bool, true>)
 .text._ZSt10destroy_atINSt7__cxx1112basic_stringIcSt11char_traitsIcESaIcEEEEvPT_
                0x00000000080026ca       0x16 ./Core/Src/CLI.o
                0x00000000080026ca                void std::destroy_at<std::__cxx11::basic_string<char, std::char_traits<char>, std::allocator<char> > >(std::__cxx11::basic_string<char, std::char_traits<char>, std::allocator<char> >*)
 .text._ZNSt11__copy_moveILb0ELb0ESt26random_access_iterator_tagE8__copy_mIPKcPcEET0_T_S7_S6_
                0x00000000080026e0       0x42 ./Core/Src/CLI.o
                0x00000000080026e0                char* std::__copy_move<false, false, std::random_access_iterator_tag>::__copy_m<char const*, char*>(char const*, char const*, char*)
 .text._ZNSt11__copy_moveILb0ELb1ESt26random_access_iterator_tagE8__copy_mIcEEPT_PKS3_S6_S4_
                0x0000000008002722       0x34 ./Core/Src/CLI.o
                0x0000000008002722                char* std::__copy_move<false, true, std::random_access_iterator_tag>::__copy_m<char>(char const*, char const*, char*)
 .text._ZSt11__addressofIcEPT_RS0_
                0x0000000008002756       0x14 ./Core/Src/CLI.o
                0x0000000008002756                char* std::__addressof<char>(char&)
 .text._ZNSt16allocator_traitsISaIcEE8max_sizeERKS0_
                0x000000000800276a       0x16 ./Core/Src/CLI.o
                0x000000000800276a                std::allocator_traits<std::allocator<char> >::max_size(std::allocator<char> const&)
 .text._ZSt9addressofIKcEPT_RS1_
                0x0000000008002780       0x18 ./Core/Src/CLI.o
                0x0000000008002780                char const* std::addressof<char const>(char const&)
 .text._ZN9__gnu_cxx13new_allocatorINSt7__cxx1112basic_stringIcSt11char_traitsIcESaIcEEEE10deallocateEPS6_j
                0x0000000008002798       0x24 ./Core/Src/CLI.o
                0x0000000008002798                __gnu_cxx::new_allocator<std::__cxx11::basic_string<char, std::char_traits<char>, std::allocator<char> > >::deallocate(std::__cxx11::basic_string<char, std::char_traits<char>, std::allocator<char> >*, unsigned int)
 .text._ZSt11__addressofINSt7__cxx1112basic_stringIcSt11char_traitsIcESaIcEEEEPT_RS6_
                0x00000000080027bc       0x14 ./Core/Src/CLI.o
                0x00000000080027bc                std::__cxx11::basic_string<char, std::char_traits<char>, std::allocator<char> >* std::__addressof<std::__cxx11::basic_string<char, std::char_traits<char>, std::allocator<char> > >(std::__cxx11::basic_string<char, std::char_traits<char>, std::allocator<char> >&)
 .text._ZSt8_DestroyINSt7__cxx1112basic_stringIcSt11char_traitsIcESaIcEEEEvPT_
                0x00000000080027d0       0x16 ./Core/Src/CLI.o
                0x00000000080027d0                void std::_Destroy<std::__cxx11::basic_string<char, std::char_traits<char>, std::allocator<char> > >(std::__cxx11::basic_string<char, std::char_traits<char>, std::allocator<char> >*)
 .text._ZN9__gnu_cxx13new_allocatorIN3CLI7CommandEE10deallocateEPS2_j
                0x00000000080027e6       0x1e ./Core/Src/CLI.o
                0x00000000080027e6                __gnu_cxx::new_allocator<CLI::Command>::deallocate(CLI::Command*, unsigned int)
 .text._ZSt11__addressofIN3CLI7CommandEEPT_RS2_
                0x0000000008002804       0x14 ./Core/Src/CLI.o
                0x0000000008002804                CLI::Command* std::__addressof<CLI::Command>(CLI::Command&)
 .text._ZSt8_DestroyIN3CLI7CommandEEvPT_
                0x0000000008002818       0x16 ./Core/Src/CLI.o
                0x0000000008002818                void std::_Destroy<CLI::Command>(CLI::Command*)
 .text._ZNSt16allocator_traitsISaIN3CLI7CommandEEE8max_sizeERKS2_
                0x000000000800282e       0x16 ./Core/Src/CLI.o
                0x000000000800282e                std::allocator_traits<std::allocator<CLI::Command> >::max_size(std::allocator<CLI::Command> const&)
 .text._ZNSt6vectorIN3CLI7CommandESaIS1_EE11_S_max_sizeERKS2_
                0x0000000008002844       0x34 ./Core/Src/CLI.o
                0x0000000008002844                std::vector<CLI::Command, std::allocator<CLI::Command> >::_S_max_size(std::allocator<CLI::Command> const&)
 .text._ZNKSt12_Vector_baseIN3CLI7CommandESaIS1_EE19_M_get_Tp_allocatorEv
                0x0000000008002878       0x14 ./Core/Src/CLI.o
                0x0000000008002878                std::_Vector_base<CLI::Command, std::allocator<CLI::Command> >::_M_get_Tp_allocator() const
 .text._ZSt12__relocate_aIPN3CLI7CommandES2_SaIS1_EET0_T_S5_S4_RT1_
                0x000000000800288c       0x3a ./Core/Src/CLI.o
                0x000000000800288c                CLI::Command* std::__relocate_a<CLI::Command*, CLI::Command*, std::allocator<CLI::Command> >(CLI::Command*, CLI::Command*, CLI::Command*, std::allocator<CLI::Command>&)
 .text._ZSt12__niter_baseIPN3CLI7CommandEET_S3_
                0x00000000080028c6       0x14 ./Core/Src/CLI.o
                0x00000000080028c6                CLI::Command* std::__niter_base<CLI::Command*>(CLI::Command*)
 .text._ZN9__gnu_cxx17__is_null_pointerIcEEbPT_
                0x00000000080028da       0x1e ./Core/Src/CLI.o
                0x00000000080028da                bool __gnu_cxx::__is_null_pointer<char>(char*)
 .text._ZSt10__distanceIPcENSt15iterator_traitsIT_E15difference_typeES2_S2_St26random_access_iterator_tag
                0x00000000080028f8       0x1c ./Core/Src/CLI.o
                0x00000000080028f8                std::iterator_traits<char*>::difference_type std::__distance<char*>(char*, char*, std::random_access_iterator_tag)
 .text._ZNSt7__cxx1112basic_stringIcSt11char_traitsIcESaIcEE13_S_copy_charsEPcS5_S5_
                0x0000000008002914       0x24 ./Core/Src/CLI.o
                0x0000000008002914                std::__cxx11::basic_string<char, std::char_traits<char>, std::allocator<char> >::_S_copy_chars(char*, char*, char*)
 .text._ZNSt16allocator_traitsISaINSt7__cxx1112basic_stringIcSt11char_traitsIcESaIcEEEEE8max_sizeERKS6_
                0x0000000008002938       0x18 ./Core/Src/CLI.o
                0x0000000008002938                std::allocator_traits<std::allocator<std::__cxx11::basic_string<char, std::char_traits<char>, std::allocator<char> > > >::max_size(std::allocator<std::__cxx11::basic_string<char, std::char_traits<char>, std::allocator<char> > > const&)
 .text._ZNSt6vectorINSt7__cxx1112basic_stringIcSt11char_traitsIcESaIcEEESaIS5_EE11_S_max_sizeERKS6_
                0x0000000008002950       0x38 ./Core/Src/CLI.o
                0x0000000008002950                std::vector<std::__cxx11::basic_string<char, std::char_traits<char>, std::allocator<char> >, std::allocator<std::__cxx11::basic_string<char, std::char_traits<char>, std::allocator<char> > > >::_S_max_size(std::allocator<std::__cxx11::basic_string<char, std::char_traits<char>, std::allocator<char> > > const&)
 .text._ZNKSt12_Vector_baseINSt7__cxx1112basic_stringIcSt11char_traitsIcESaIcEEESaIS5_EE19_M_get_Tp_allocatorEv
                0x0000000008002988       0x14 ./Core/Src/CLI.o
                0x0000000008002988                std::_Vector_base<std::__cxx11::basic_string<char, std::char_traits<char>, std::allocator<char> >, std::allocator<std::__cxx11::basic_string<char, std::char_traits<char>, std::allocator<char> > > >::_M_get_Tp_allocator() const
 .text._ZSt12__relocate_aIPNSt7__cxx1112basic_stringIcSt11char_traitsIcESaIcEEES6_SaIS5_EET0_T_S9_S8_RT1_
                0x000000000800299c       0x3a ./Core/Src/CLI.o
                0x000000000800299c                std::__cxx11::basic_string<char, std::char_traits<char>, std::allocator<char> >* std::__relocate_a<std::__cxx11::basic_string<char, std::char_traits<char>, std::allocator<char> >*, std::__cxx11::basic_string<char, std::char_traits<char>, std::allocator<char> >*, std::allocator<std::__cxx11::basic_string<char, std::char_traits<char>, std::allocator<char> > > >(std::__cxx11::basic_string<char, std::char_traits<char>, std::allocator<char> >*, std::__cxx11::basic_string<char, std::char_traits<char>, std::allocator<char> >*, std::__cxx11::basic_string<char, std::char_traits<char>, std::allocator<char> >*, std::allocator<std::__cxx11::basic_string<char, std::char_traits<char>, std::allocator<char> > >&)
 .text._ZN9__gnu_cxx13new_allocatorIcE8allocateEjPKv
                0x00000000080029d6       0x3a ./Core/Src/CLI.o
                0x00000000080029d6                __gnu_cxx::new_allocator<char>::allocate(unsigned int, void const*)
 .text._ZN9__gnu_cxx13new_allocatorIcE10deallocateEPcj
                0x0000000008002a10       0x1a ./Core/Src/CLI.o
                0x0000000008002a10                __gnu_cxx::new_allocator<char>::deallocate(char*, unsigned int)
 .text._ZSt11__addressofIKcEPT_RS1_
                0x0000000008002a2a       0x14 ./Core/Src/CLI.o
                0x0000000008002a2a                char const* std::__addressof<char const>(char const&)
 .text._ZSt3minIjERKT_S2_S2_
                0x0000000008002a3e       0x26 ./Core/Src/CLI.o
                0x0000000008002a3e                unsigned int const& std::min<unsigned int>(unsigned int const&, unsigned int const&)
 .text._ZN9__gnu_cxx13new_allocatorIN3CLI7CommandEE8allocateEjPKv
                0x0000000008002a64       0x3e ./Core/Src/CLI.o
                0x0000000008002a64                __gnu_cxx::new_allocator<CLI::Command>::allocate(unsigned int, void const*)
 .text._ZSt14__relocate_a_1IPN3CLI7CommandES2_SaIS1_EET0_T_S5_S4_RT1_
                0x0000000008002aa2       0x4c ./Core/Src/CLI.o
                0x0000000008002aa2                CLI::Command* std::__relocate_a_1<CLI::Command*, CLI::Command*, std::allocator<CLI::Command> >(CLI::Command*, CLI::Command*, CLI::Command*, std::allocator<CLI::Command>&)
 .text._ZN9__gnu_cxx13new_allocatorINSt7__cxx1112basic_stringIcSt11char_traitsIcESaIcEEEE8allocateEjPKv
                0x0000000008002aee       0x44 ./Core/Src/CLI.o
                0x0000000008002aee                __gnu_cxx::new_allocator<std::__cxx11::basic_string<char, std::char_traits<char>, std::allocator<char> > >::allocate(unsigned int, void const*)
 .text._ZSt12__niter_baseIPNSt7__cxx1112basic_stringIcSt11char_traitsIcESaIcEEEET_S7_
                0x0000000008002b32       0x14 ./Core/Src/CLI.o
                0x0000000008002b32                std::__cxx11::basic_string<char, std::char_traits<char>, std::allocator<char> >* std::__niter_base<std::__cxx11::basic_string<char, std::char_traits<char>, std::allocator<char> >*>(std::__cxx11::basic_string<char, std::char_traits<char>, std::allocator<char> >*)
 .text._ZSt14__relocate_a_1IPNSt7__cxx1112basic_stringIcSt11char_traitsIcESaIcEEES6_SaIS5_EET0_T_S9_S8_RT1_
                0x0000000008002b46       0x4c ./Core/Src/CLI.o
                0x0000000008002b46                std::__cxx11::basic_string<char, std::char_traits<char>, std::allocator<char> >* std::__relocate_a_1<std::__cxx11::basic_string<char, std::char_traits<char>, std::allocator<char> >*, std::__cxx11::basic_string<char, std::char_traits<char>, std::allocator<char> >*, std::allocator<std::__cxx11::basic_string<char, std::char_traits<char>, std::allocator<char> > > >(std::__cxx11::basic_string<char, std::char_traits<char>, std::allocator<char> >*, std::__cxx11::basic_string<char, std::char_traits<char>, std::allocator<char> >*, std::__cxx11::basic_string<char, std::char_traits<char>, std::allocator<char> >*, std::allocator<std::__cxx11::basic_string<char, std::char_traits<char>, std::allocator<char> > >&)
 .text._ZNK9__gnu_cxx13new_allocatorIcE11_M_max_sizeEv
                0x0000000008002b92       0x16 ./Core/Src/CLI.o
                0x0000000008002b92                __gnu_cxx::new_allocator<char>::_M_max_size() const
 .text._ZNK9__gnu_cxx13new_allocatorIN3CLI7CommandEE11_M_max_sizeEv
                0x0000000008002ba8       0x16 ./Core/Src/CLI.o
                0x0000000008002ba8                __gnu_cxx::new_allocator<CLI::Command>::_M_max_size() const
 .text._ZSt19__relocate_object_aIN3CLI7CommandES1_SaIS1_EEvPT_PT0_RT1_
                0x0000000008002bbe       0x36 ./Core/Src/CLI.o
                0x0000000008002bbe                void std::__relocate_object_a<CLI::Command, CLI::Command, std::allocator<CLI::Command> >(CLI::Command*, CLI::Command*, std::allocator<CLI::Command>&)
 .text._ZNK9__gnu_cxx13new_allocatorINSt7__cxx1112basic_stringIcSt11char_traitsIcESaIcEEEE11_M_max_sizeEv
                0x0000000008002bf4       0x18 ./Core/Src/CLI.o
                0x0000000008002bf4                __gnu_cxx::new_allocator<std::__cxx11::basic_string<char, std::char_traits<char>, std::allocator<char> > >::_M_max_size() const
 .text._ZSt19__relocate_object_aINSt7__cxx1112basic_stringIcSt11char_traitsIcESaIcEEES5_SaIS5_EEvPT_PT0_RT1_
                0x0000000008002c0c       0x36 ./Core/Src/CLI.o
                0x0000000008002c0c                void std::__relocate_object_a<std::__cxx11::basic_string<char, std::char_traits<char>, std::allocator<char> >, std::__cxx11::basic_string<char, std::char_traits<char>, std::allocator<char> >, std::allocator<std::__cxx11::basic_string<char, std::char_traits<char>, std::allocator<char> > > >(std::__cxx11::basic_string<char, std::char_traits<char>, std::allocator<char> >*, std::__cxx11::basic_string<char, std::char_traits<char>, std::allocator<char> >*, std::allocator<std::__cxx11::basic_string<char, std::char_traits<char>, std::allocator<char> > >&)
 .text._ZSt4moveIRN3CLI7CommandEEONSt16remove_referenceIT_E4typeEOS4_
                0x0000000008002c42       0x14 ./Core/Src/CLI.o
                0x0000000008002c42                std::remove_reference<CLI::Command&>::type&& std::move<CLI::Command&>(CLI::Command&)
 .text._ZN3CLI7CommandC2EOS0_
                0x0000000008002c56       0x30 ./Core/Src/CLI.o
                0x0000000008002c56                CLI::Command::Command(CLI::Command&&)
                0x0000000008002c56                CLI::Command::Command(CLI::Command&&)
 .text._ZSt12construct_atIN3CLI7CommandEJS1_EEDTgsnwcvPvLi0E_T_pispcl7declvalIT0_EEEEPS3_DpOS4_
                0x0000000008002c86       0x30 ./Core/Src/CLI.o
                0x0000000008002c86                decltype (::new ((void*)(0)) CLI::Command((declval<CLI::Command>)())) std::construct_at<CLI::Command, CLI::Command>(CLI::Command*, CLI::Command&&)
 .text._ZNSt16allocator_traitsISaIN3CLI7CommandEEE9constructIS1_JS1_EEEvRS2_PT_DpOT0_
                0x0000000008002cb6       0x24 ./Core/Src/CLI.o
                0x0000000008002cb6                void std::allocator_traits<std::allocator<CLI::Command> >::construct<CLI::Command, CLI::Command>(std::allocator<CLI::Command>&, CLI::Command*, CLI::Command&&)
 .text._ZSt4moveIRNSt7__cxx1112basic_stringIcSt11char_traitsIcESaIcEEEEONSt16remove_referenceIT_E4typeEOS8_
                0x0000000008002cda       0x14 ./Core/Src/CLI.o
                0x0000000008002cda                std::remove_reference<std::__cxx11::basic_string<char, std::char_traits<char>, std::allocator<char> >&>::type&& std::move<std::__cxx11::basic_string<char, std::char_traits<char>, std::allocator<char> >&>(std::__cxx11::basic_string<char, std::char_traits<char>, std::allocator<char> >&)
 .text._ZSt12construct_atINSt7__cxx1112basic_stringIcSt11char_traitsIcESaIcEEEJS5_EEDTgsnwcvPvLi0E_T_pispcl7declvalIT0_EEEEPS7_DpOS8_
                0x0000000008002cee       0x30 ./Core/Src/CLI.o
                0x0000000008002cee                decltype (::new ((void*)(0)) std::__cxx11::basic_string<char, std::char_traits<char>, std::allocator<char> >((declval<std::__cxx11::basic_string<char, std::char_traits<char>, std::allocator<char> > >)())) std::construct_at<std::__cxx11::basic_string<char, std::char_traits<char>, std::allocator<char> >, std::__cxx11::basic_string<char, std::char_traits<char>, std::allocator<char> > >(std::__cxx11::basic_string<char, std::char_traits<char>, std::allocator<char> >*, std::__cxx11::basic_string<char, std::char_traits<char>, std::allocator<char> >&&)
 .text._ZNSt16allocator_traitsISaINSt7__cxx1112basic_stringIcSt11char_traitsIcESaIcEEEEE9constructIS5_JS5_EEEvRS6_PT_DpOT0_
                0x0000000008002d1e       0x24 ./Core/Src/CLI.o
                0x0000000008002d1e                void std::allocator_traits<std::allocator<std::__cxx11::basic_string<char, std::char_traits<char>, std::allocator<char> > > >::construct<std::__cxx11::basic_string<char, std::char_traits<char>, std::allocator<char> >, std::__cxx11::basic_string<char, std::char_traits<char>, std::allocator<char> > >(std::allocator<std::__cxx11::basic_string<char, std::char_traits<char>, std::allocator<char> > >&, std::__cxx11::basic_string<char, std::char_traits<char>, std::allocator<char> >*, std::__cxx11::basic_string<char, std::char_traits<char>, std::allocator<char> >&&)
 .text._ZSt7forwardIN3CLI7CommandEEOT_RNSt16remove_referenceIS2_E4typeE
                0x0000000008002d42       0x14 ./Core/Src/CLI.o
                0x0000000008002d42                CLI::Command&& std::forward<CLI::Command>(std::remove_reference<CLI::Command>::type&)
 .text._ZSt7forwardINSt7__cxx1112basic_stringIcSt11char_traitsIcESaIcEEEEOT_RNSt16remove_referenceIS6_E4typeE
                0x0000000008002d56       0x14 ./Core/Src/CLI.o
                0x0000000008002d56                std::__cxx11::basic_string<char, std::char_traits<char>, std::allocator<char> >&& std::forward<std::__cxx11::basic_string<char, std::char_traits<char>, std::allocator<char> > >(std::remove_reference<std::__cxx11::basic_string<char, std::char_traits<char>, std::allocator<char> > >::type&)
 .text.ringbuf_end
                0x0000000008002d6a       0x1e ./Core/Src/RingBuffer.o
 .text.ringbuf_nextp
                0x0000000008002d88       0x3a ./Core/Src/RingBuffer.o
 .text.ringbuf_new
                0x0000000008002dc2       0x56 ./Core/Src/RingBuffer.o
                0x0000000008002dc2                ringbuf_new
 .text.ringbuf_buffer_size
                0x0000000008002e18       0x16 ./Core/Src/RingBuffer.o
                0x0000000008002e18                ringbuf_buffer_size
 .text.ringbuf_reset
                0x0000000008002e2e       0x22 ./Core/Src/RingBuffer.o
                0x0000000008002e2e                ringbuf_reset
 .text.ringbuf_capacity
                0x0000000008002e50       0x1a ./Core/Src/RingBuffer.o
                0x0000000008002e50                ringbuf_capacity
 .text.ringbuf_bytes_free
                0x0000000008002e6a       0x3e ./Core/Src/RingBuffer.o
                0x0000000008002e6a                ringbuf_bytes_free
 .text.ringbuf_bytes_used
                0x0000000008002ea8       0x22 ./Core/Src/RingBuffer.o
                0x0000000008002ea8                ringbuf_bytes_used
 .text.ringbuf_is_full
                0x0000000008002eca       0x22 ./Core/Src/RingBuffer.o
                0x0000000008002eca                ringbuf_is_full
 .text.ringbuf_is_empty
                0x0000000008002eec       0x2a ./Core/Src/RingBuffer.o
                0x0000000008002eec                ringbuf_is_empty
 *fill*         0x0000000008002f16        0x2 
 .text.ringbuf_memcpy_into
                0x0000000008002f18       0xec ./Core/Src/RingBuffer.o