d:\st\stm32cubeide_1.10.0\stm32cubeide\plugins\com.st.stm32cube.ide.mcu.externaltools.gnu-tools-for-stm32.10.3-2021.10.win32_1.0.0.202111181127\tools\arm-none-eabi\include\c++\10.3.1\bits\stl_vector.h:343:7:std::_Vector_base<_Tp, _Alloc>::pointer std::_Vector_base<_Tp, _Alloc>::_M_allocate(std::size_t) [with _Tp = CLI::Command; _Alloc = std::allocator<CLI::Command>]	8	static
d:\st\stm32cubeide_1.10.0\stm32cubeide\plugins\com.st.stm32cube.ide.mcu.externaltools.gnu-tools-for-stm32.10.3-2021.10.win32_1.0.0.202111181127\tools\arm-none-eabi\include\c++\10.3.1\bits\stl_vector.h:350:7:void std::_Vector_base<_Tp, _Alloc>::_M_deallocate(std::_Vector_base<_Tp, _Alloc>::pointer, std::size_t) [with _Tp = CLI::Command; _Alloc = std::allocator<CLI::Command>]	0	static
../Core/Src/main.cpp:91:6:)	16	static
../Core/Src/main.cpp:314:4:static void cli_parser_init()::<lambda()>::_FUN()	0	static
../Core/Src/main.cpp:366:6:void ble_on()	0	static
../Core/Src/main.cpp:371:6:void ble_off()	0	static
../Core/Src/main.cpp:381:6:void ble_wakeup()	8	static
../Core/Src/main.cpp:376:6:void ble_send()	8	static
../Core/Src/main.cpp:236:6:void SystemClock_Config()	88	static,ignoring_inline_asm
../Core/Src/main.cpp:281:6:void HAL_UART_RxCpltCallback(UART_HandleTypeDef*)	4	static
../Core/Src/main.cpp:290:6:void read_data_from_sensor()	32	static
../Core/Src/main.cpp:393:6:void Error_Handler()	0	static,ignoring_inline_asm
d:\st\stm32cubeide_1.10.0\stm32cubeide\plugins\com.st.stm32cube.ide.mcu.externaltools.gnu-tools-for-stm32.10.3-2021.10.win32_1.0.0.202111181127\tools\arm-none-eabi\include\c++\10.3.1\bits\basic_string.h:663:2:std::__cxx11::basic_string<_CharT, _Traits, _Alloc>::basic_string(const _Tp&, const _Alloc&) [with _Tp = std::basic_string_view<char>; <template-parameter-2-2> = void; _CharT = char; _Traits = std::char_traits<char>; _Alloc = std::allocator<char>]	16	static
d:\st\stm32cubeide_1.10.0\stm32cubeide\plugins\com.st.stm32cube.ide.mcu.externaltools.gnu-tools-for-stm32.10.3-2021.10.win32_1.0.0.202111181127\tools\arm-none-eabi\include\c++\10.3.1\bits\basic_string.h:237:7:void std::__cxx11::basic_string<_CharT, _Traits, _Alloc>::_M_dispose() [with _CharT = char; _Traits = std::char_traits<char>; _Alloc = std::allocator<char>]	0	static
../Core/Src/main.cpp:342:6:void cli_process_command()	24	static
d:\st\stm32cubeide_1.10.0\stm32cubeide\plugins\com.st.stm32cube.ide.mcu.externaltools.gnu-tools-for-stm32.10.3-2021.10.win32_1.0.0.202111181127\tools\arm-none-eabi\include\c++\10.3.1\bits\stl_uninitialized.h:1000:5:_ForwardIterator std::__relocate_a_1(_InputIterator, _InputIterator, _ForwardIterator, _Allocator&) [with _InputIterator = CLI::Command*; _ForwardIterator = CLI::Command*; _Allocator = std::allocator<CLI::Command>]	24	static
d:\st\stm32cubeide_1.10.0\stm32cubeide\plugins\com.st.stm32cube.ide.mcu.externaltools.gnu-tools-for-stm32.10.3-2021.10.win32_1.0.0.202111181127\tools\arm-none-eabi\include\c++\10.3.1\string_view:127:7:constexpr std::basic_string_view<_CharT, _Traits>::basic_string_view(const _CharT*) [with _CharT = char; _Traits = std::char_traits<char>]	16	static
d:\st\stm32cubeide_1.10.0\stm32cubeide\plugins\com.st.stm32cube.ide.mcu.externaltools.gnu-tools-for-stm32.10.3-2021.10.win32_1.0.0.202111181127\tools\arm-none-eabi\include\c++\10.3.1\bits\stl_vector.h:1756:7:std::vector<_Tp, _Alloc>::size_type std::vector<_Tp, _Alloc>::_M_check_len(std::vector<_Tp, _Alloc>::size_type, const char*) const [with _Tp = CLI::Command; _Alloc = std::allocator<CLI::Command>]	16	static
../Core/Src/main.cpp:308:6:void cli_parser_init()	56	static
../Core/Src/main.cpp:124:5:int main()	32	static
../Core/Src/main.cpp:402:1:cpp)	0	static
../Core/Src/main.cpp:402:1:cpp)	0	static
