Archive member included to satisfy reference by file (symbol)

d:/st/stm32cubeide_1.10.0/stm32cubeide/plugins/com.st.stm32cube.ide.mcu.externaltools.gnu-tools-for-stm32.10.3-2021.10.win32_1.0.0.202111181127/tools/bin/../lib/gcc/arm-none-eabi/10.3.1/../../../../arm-none-eabi/lib/thumb/v7-m/nofp\libstdc++_nano.a(del_ops.o)
                              ./Core/Src/CLI.o (operator delete(void*, unsigned int))
d:/st/stm32cubeide_1.10.0/stm32cubeide/plugins/com.st.stm32cube.ide.mcu.externaltools.gnu-tools-for-stm32.10.3-2021.10.win32_1.0.0.202111181127/tools/bin/../lib/gcc/arm-none-eabi/10.3.1/../../../../arm-none-eabi/lib/thumb/v7-m/nofp\libstdc++_nano.a(new_op.o)
                              ./Core/Src/CLI.o (operator new(unsigned int))
d:/st/stm32cubeide_1.10.0/stm32cubeide/plugins/com.st.stm32cube.ide.mcu.externaltools.gnu-tools-for-stm32.10.3-2021.10.win32_1.0.0.202111181127/tools/bin/../lib/gcc/arm-none-eabi/10.3.1/../../../../arm-none-eabi/lib/thumb/v7-m/nofp\libstdc++_nano.a(functexcept.o)
                              ./Core/Src/CLI.o (std::__throw_bad_alloc())
d:/st/stm32cubeide_1.10.0/stm32cubeide/plugins/com.st.stm32cube.ide.mcu.externaltools.gnu-tools-for-stm32.10.3-2021.10.win32_1.0.0.202111181127/tools/bin/../lib/gcc/arm-none-eabi/10.3.1/../../../../arm-none-eabi/lib/thumb/v7-m/nofp\libstdc++_nano.a(snprintf_lite.o)
                              d:/st/stm32cubeide_1.10.0/stm32cubeide/plugins/com.st.stm32cube.ide.mcu.externaltools.gnu-tools-for-stm32.10.3-2021.10.win32_1.0.0.202111181127/tools/bin/../lib/gcc/arm-none-eabi/10.3.1/../../../../arm-none-eabi/lib/thumb/v7-m/nofp\libstdc++_nano.a(functexcept.o) (__gnu_cxx::__snprintf_lite(char*, unsigned int, char const*, std::__va_list))
d:/st/stm32cubeide_1.10.0/stm32cubeide/plugins/com.st.stm32cube.ide.mcu.externaltools.gnu-tools-for-stm32.10.3-2021.10.win32_1.0.0.202111181127/tools/bin/../lib/gcc/arm-none-eabi/10.3.1/../../../../arm-none-eabi/lib/thumb/v7-m/nofp\libstdc++_nano.a(del_op.o)
                              d:/st/stm32cubeide_1.10.0/stm32cubeide/plugins/com.st.stm32cube.ide.mcu.externaltools.gnu-tools-for-stm32.10.3-2021.10.win32_1.0.0.202111181127/tools/bin/../lib/gcc/arm-none-eabi/10.3.1/../../../../arm-none-eabi/lib/thumb/v7-m/nofp\libstdc++_nano.a(del_ops.o) (operator delete(void*))
d:/st/stm32cubeide_1.10.0/stm32cubeide/plugins/com.st.stm32cube.ide.mcu.externaltools.gnu-tools-for-stm32.10.3-2021.10.win32_1.0.0.202111181127/tools/bin/../lib/gcc/arm-none-eabi/10.3.1/../../../../arm-none-eabi/lib/thumb/v7-m/nofp\libstdc++_nano.a(new_handler.o)
                              d:/st/stm32cubeide_1.10.0/stm32cubeide/plugins/com.st.stm32cube.ide.mcu.externaltools.gnu-tools-for-stm32.10.3-2021.10.win32_1.0.0.202111181127/tools/bin/../lib/gcc/arm-none-eabi/10.3.1/../../../../arm-none-eabi/lib/thumb/v7-m/nofp\libstdc++_nano.a(new_op.o) (std::get_new_handler())
d:/st/stm32cubeide_1.10.0/stm32cubeide/plugins/com.st.stm32cube.ide.mcu.externaltools.gnu-tools-for-stm32.10.3-2021.10.win32_1.0.0.202111181127/tools/bin/../lib/gcc/arm-none-eabi/10.3.1/../../../../arm-none-eabi/lib/thumb/v7-m/nofp\libc_nano.a(lib_a-abort.o)
                              d:/st/stm32cubeide_1.10.0/stm32cubeide/plugins/com.st.stm32cube.ide.mcu.externaltools.gnu-tools-for-stm32.10.3-2021.10.win32_1.0.0.202111181127/tools/bin/../lib/gcc/arm-none-eabi/10.3.1/../../../../arm-none-eabi/lib/thumb/v7-m/nofp\libstdc++_nano.a(new_op.o) (abort)
d:/st/stm32cubeide_1.10.0/stm32cubeide/plugins/com.st.stm32cube.ide.mcu.externaltools.gnu-tools-for-stm32.10.3-2021.10.win32_1.0.0.202111181127/tools/bin/../lib/gcc/arm-none-eabi/10.3.1/../../../../arm-none-eabi/lib/thumb/v7-m/nofp\libc_nano.a(lib_a-assert.o)
                              ./Core/Src/RingBuffer.o (__assert_func)
d:/st/stm32cubeide_1.10.0/stm32cubeide/plugins/com.st.stm32cube.ide.mcu.externaltools.gnu-tools-for-stm32.10.3-2021.10.win32_1.0.0.202111181127/tools/bin/../lib/gcc/arm-none-eabi/10.3.1/../../../../arm-none-eabi/lib/thumb/v7-m/nofp\libc_nano.a(lib_a-errno.o)
                              ./Core/Src/syscalls.o (__errno)
d:/st/stm32cubeide_1.10.0/stm32cubeide/plugins/com.st.stm32cube.ide.mcu.externaltools.gnu-tools-for-stm32.10.3-2021.10.win32_1.0.0.202111181127/tools/bin/../lib/gcc/arm-none-eabi/10.3.1/../../../../arm-none-eabi/lib/thumb/v7-m/nofp\libc_nano.a(lib_a-exit.o)
                              d:/st/stm32cubeide_1.10.0/stm32cubeide/plugins/com.st.stm32cube.ide.mcu.externaltools.gnu-tools-for-stm32.10.3-2021.10.win32_1.0.0.202111181127/tools/bin/../lib/gcc/arm-none-eabi/10.3.1/../../../../arm-none-eabi/lib/thumb/v7-m/nofp/crt0.o (exit)
d:/st/stm32cubeide_1.10.0/stm32cubeide/plugins/com.st.stm32cube.ide.mcu.externaltools.gnu-tools-for-stm32.10.3-2021.10.win32_1.0.0.202111181127/tools/bin/../lib/gcc/arm-none-eabi/10.3.1/../../../../arm-none-eabi/lib/thumb/v7-m/nofp\libc_nano.a(lib_a-fprintf.o)
[...]
Memory Configuration

Name             Origin             Length             Attributes
RAM              0x0000000020000000 0x0000000000005000 xrw
FLASH            0x0000000008000000 0x0000000000010000 xr
*default*        0x0000000000000000 0xffffffffffffffff

Linker script and memory map

LOAD d:/st/stm32cubeide_1.10.0/stm32cubeide/plugins/com.st.stm32cube.ide.mcu.externaltools.gnu-tools-for-stm32.10.3-2021.10.win32_1.0.0.202111181127/tools/bin/../lib/gcc/arm-none-eabi/10.3.1/thumb/v7-m/nofp/crti.o
LOAD d:/st/stm32cubeide_1.10.0/stm32cubeide/plugins/com.st.stm32cube.ide.mcu.externaltools.gnu-tools-for-stm32.10.3-2021.10.win32_1.0.0.202111181127/tools/bin/../lib/gcc/arm-none-eabi/10.3.1/thumb/v7-m/nofp/crtbegin.o
LOAD d:/st/stm32cubeide_1.10.0/stm32cubeide/plugins/com.st.stm32cube.ide.mcu.externaltools.gnu-tools-for-stm32.10.3-2021.10.win32_1.0.0.202111181127/tools/bin/../lib/gcc/arm-none-eabi/10.3.1/../../../../arm-none-eabi/lib/thumb/v7-m/nofp/crt0.o
LOAD ./Core/Src/CLI.o
LOAD ./Core/Src/RingBuffer.o
LOAD ./Core/Src/gpio.o
LOAD ./Core/Src/i2c.o
LOAD ./Core/Src/main.o
LOAD ./Core/Src/rtc.o
LOAD ./Core/Src/sht3x.o
LOAD ./Core/Src/stm32f1xx_hal_msp.o
LOAD ./Core/Src/stm32f1xx_it.o
LOAD ./Core/Src/syscalls.o
LOAD ./Core/Src/sysmem.o
LOAD ./Core/Src/system_stm32f1xx.o
LOAD ./Core/Src/usart.o
LOAD ./Core/Startup/startup_stm32f103c8tx.o
LOAD ./Drivers/STM32F1xx_HAL_Driver/Src/stm32f1xx_hal.o
LOAD ./Drivers/STM32F1xx_HAL_Driver/Src/stm32f1xx_hal_cortex.o
LOAD ./Drivers/STM32F1xx_HAL_Driver/Src/stm32f1xx_hal_dma.o
LOAD ./Drivers/STM32F1xx_HAL_Driver/Src/stm32f1xx_hal_exti.o
LOAD ./Drivers/STM32F1xx_HAL_Driver/Src/stm32f1xx_hal_flash.o
LOAD ./Drivers/STM32F1xx_HAL_Driver/Src/stm32f1xx_hal_flash_ex.o
LOAD ./Drivers/STM32F1xx_HAL_Driver/Src/stm32f1xx_hal_gpio.o
LOAD ./Drivers/STM32F1xx_HAL_Driver/Src/stm32f1xx_hal_gpio_ex.o
LOAD ./Drivers/STM32F1xx_HAL_Driver/Src/stm32f1xx_hal_i2c.o
LOAD ./Drivers/STM32F1xx_HAL_Driver/Src/stm32f1xx_hal_pcd.o
LOAD ./Drivers/STM32F1xx_HAL_Driver/Src/stm32f1xx_hal_pcd_ex.o
LOAD ./Drivers/STM32F1xx_HAL_Driver/Src/stm32f1xx_hal_pwr.o
LOAD ./Drivers/STM32F1xx_HAL_Driver/Src/stm32f1xx_hal_rcc.o
LOAD ./Drivers/STM32F1xx_HAL_Driver/Src/stm32f1xx_hal_rcc_ex.o
LOAD ./Drivers/STM32F1xx_HAL_Driver/Src/stm32f1xx_hal_rtc.o
LOAD ./Drivers/STM32F1xx_HAL_Driver/Src/stm32f1xx_hal_rtc_ex.o
LOAD ./Drivers/STM32F1xx_HAL_Driver/Src/stm32f1xx_hal_tim.o
LOAD ./Drivers/STM32F1xx_HAL_Driver/Src/stm32f1xx_hal_tim_ex.o
LOAD ./Drivers/STM32F1xx_HAL_Driver/Src/stm32f1xx_hal_uart.o
LOAD ./Drivers/STM32F1xx_HAL_Driver/Src/stm32f1xx_ll_usb.o
LOAD ./Middlewares/ST/STM32_USB_Device_Library/Class/CDC/Src/usbd_cdc.o
LOAD ./Middlewares/ST/STM32_USB_Device_Library/Core/Src/usbd_core.o
LOAD ./Middlewares/ST/STM32_USB_Device_Library/Core/Src/usbd_ctlreq.o
LOAD ./Middlewares/ST/STM32_USB_Device_Library/Core/Src/usbd_ioreq.o
LOAD ./USB_DEVICE/App/usb_device.o
LOAD ./USB_DEVICE/App/usbd_cdc_if.o
LOAD ./USB_DEVICE/App/usbd_desc.o
LOAD ./USB_DEVICE/Target/usbd_conf.o
START GROUP
LOAD d:/st/stm32cubeide_1.10.0/stm32cubeide/plugins/com.st.stm32cube.ide.mcu.externaltools.gnu-tools-for-stm32.10.3-2021.10.win32_1.0.0.202111181127/tools/bin/../lib/gcc/arm-none-eabi/10.3.1/../../../../arm-none-eabi/lib/thumb/v7-m/nofp\libstdc++_nano.a
LOAD d:/st/stm32cubeide_1.10.0/stm32cubeide/plugins/com.st.stm32cube.ide.mcu.externaltools.gnu-tools-for-stm32.10.3-2021.10.win32_1.0.0.202111181127/tools/bin/../lib/gcc/arm-none-eabi/10.3.1/../../../../arm-none-eabi/lib/thumb/v7-m/nofp\libsupc++_nano.a
END GROUP
LOAD d:/st/stm32cubeide_1.10.0/stm32cubeide/plugins/com.st.stm32cube.ide.mcu.externaltools.gnu-tools-for-stm32.10.3-2021.10.win32_1.0.0.202111181127/tools/bin/../lib/gcc/arm-none-eabi/10.3.1/../../../../arm-none-eabi/lib/thumb/v7-m/nofp\libstdc++_nano.a
LOAD d:/st/stm32cubeide_1.10.0/stm32cubeide/plugins/com.st.stm32cube.ide.mcu.externaltools.gnu-tools-for-stm32.10.3-2021.10.win32_1.0.0.202111181127/tools/bin/../lib/gcc/arm-none-eabi/10.3.1/../../../../arm-none-eabi/lib/thumb/v7-m/nofp\libm.a
LOAD d:/st/stm32cubeide_1.10.0/stm32cubeide/plugins/com.st.stm32cube.ide.mcu.externaltools.gnu-tools-for-stm32.10.3-2021.10.win32_1.0.0.202111181127/tools/bin/../lib/gcc/arm-none-eabi/10.3.1/../../../../arm-none-eabi/lib/thumb/v7-m/nofp\libc_nano.a
START GROUP
LOAD d:/st/stm32cubeide_1.10.0/stm32cubeide/plugins/com.st.stm32cube.ide.mcu.externaltools.gnu-tools-for-stm32.10.3-2021.10.win32_1.0.0.202111181127/tools/bin/../lib/gcc/arm-none-eabi/10.3.1/thumb/v7-m/nofp\libgcc.a
LOAD d:/st/stm32cubeide_1.10.0/stm32cubeide/plugins/com.st.stm32cube.ide.mcu.externaltools.gnu-tools-for-stm32.10.3-2021.10.win32_1.0.0.202111181127/tools/bin/../lib/gcc/arm-none-eabi/10.3.1/../../../../arm-none-eabi/lib/thumb/v7-m/nofp\libc_nano.a
END GROUP
START GROUP
LOAD d:/st/stm32cubeide_1.10.0/stm32cubeide/plugins/com.st.stm32cube.ide.mcu.externaltools.gnu-tools-for-stm32.10.3-2021.10.win32_1.0.0.202111181127/tools/bin/../lib/gcc/arm-none-eabi/10.3.1/thumb/v7-m/nofp\libgcc.a
LOAD d:/st/stm32cubeide_1.10.0/stm32cubeide/plugins/com.st.stm32cube.ide.mcu.externaltools.gnu-tools-for-stm32.10.3-2021.10.win32_1.0.0.202111181127/tools/bin/../lib/gcc/arm-none-eabi/10.3.1/../../../../arm-none-eabi/lib/thumb/v7-m/nofp\libc_nano.a
LOAD d:/st/stm32cubeide_1.10.0/stm32cubeide/plugins/com.st.stm32cube.ide.mcu.externaltools.gnu-tools-for-stm32.10.3-2021.10.win32_1.0.0.202111181127/tools/bin/../lib/gcc/arm-none-eabi/10.3.1/../../../../arm-none-eabi/lib/thumb/v7-m/nofp\libnosys.a
END GROUP
START GROUP
LOAD d:/st/stm32cubeide_1.10.0/stm32cubeide/plugins/com.st.stm32cube.ide.mcu.externaltools.gnu-tools-for-stm32.10.3-2021.10.win32_1.0.0.202111181127/tools/bin/../lib/gcc/arm-none-eabi/10.3.1/thumb/v7-m/nofp\libgcc.a
LOAD d:/st/stm32cubeide_1.10.0/stm32cubeide/plugins/com.st.stm32cube.ide.mcu.externaltools.gnu-tools-for-stm32.10.3-2021.10.win32_1.0.0.202111181127/tools/bin/../lib/gcc/arm-none-eabi/10.3.1/../../../../arm-none-eabi/lib/thumb/v7-m/nofp\libc_nano.a
LOAD d:/st/stm32cubeide_1.10.0/stm32cubeide/plugins/com.st.stm32cube.ide.mcu.externaltools.gnu-tools-for-stm32.10.3-2021.10.win32_1.0.0.202111181127/tools/bin/../lib/gcc/arm-none-eabi/10.3.1/../../../../arm-none-eabi/lib/thumb/v7-m/nofp\libnosys.a
END GROUP
LOAD d:/st/stm32cubeide_1.10.0/stm32cubeide/plugins/com.st.stm32cube.ide.mcu.externaltools.gnu-tools-for-stm32.10.3-2021.10.win32_1.0.0.202111181127/tools/bin/../lib/gcc/arm-none-eabi/10.3.1/thumb/v7-m/nofp/crtend.o
LOAD d:/st/stm32cubeide_1.10.0/stm32cubeide/plugins/com.st.stm32cube.ide.mcu.externaltools.gnu-tools-for-stm32.10.3-2021.10.win32_1.0.0.202111181127/tools/bin/../lib/gcc/arm-none-eabi/10.3.1/thumb/v7-m/nofp/crtn.o
                0x0000000020005000                _estack = (ORIGIN (RAM) + LENGTH (RAM))
                0x0000000000000200                _Min_Heap_Size = 0x200
                0x0000000000000400                _Min_Stack_Size = 0x400

.isr_vector     0x0000000008000000      0x10c
                0x0000000008000000                . = ALIGN (0x4)
 *(.isr_vector)
 .isr_vector    0x0000000008000000      0x10c ./Core/Startup/startup_stm32f103c8tx.o
                0x0000000008000000                g_pfnVectors
                0x000000000800010c                . = ALIGN (0x4)

.text           0x000000000800010c     0x6cb8
                0x000000000800010c                . = ALIGN (0x4)
 *(.text)
 .text          0x000000000800010c       0x40 d:/st/stm32cubeide_1.10.0/stm32cubeide/plugins/com.st.stm32cube.ide.mcu.externaltools.gnu-tools-for-stm32.10.3-2021.10.win32_1.0.0.202111181127/tools/bin/../lib/gcc/arm-none-eabi/10.3.1/thumb/v7-m/nofp/crtbegin.o
 .text          0x000000000800014c       0x10 d:/st/stm32cubeide_1.10.0/stm32cubeide/plugins/com.st.stm32cube.ide.mcu.externaltools.gnu-tools-for-stm32.10.3-2021.10.win32_1.0.0.202111181127/tools/bin/../lib/gcc/arm-none-eabi/10.3.1/../../../../arm-none-eabi/lib/thumb/v7-m/nofp\libc_nano.a(lib_a-strlen.o)
                0x000000000800014c                strlen
 *(.text*)
 .text._ZZN22CommandLineInterpreterC4EtENUlvE_4_FUNEv
                0x000000000800015c        0x2 ./Core/Src/CLI.o
 .text._ZNSt12_Vector_baseIN3CLI7CommandESaIS1_EE11_M_allocateEj.isra.0
                0x000000000800015e       0x1a ./Core/Src/CLI.o
 .text._ZNSt7__cxx1112basic_stringIcSt11char_traitsIcESaIcEE9_M_createERjj.isra.0
                0x0000000008000178       0x40 ./Core/Src/CLI.o
 .text._ZNSt12_Vector_baseIN3CLI7CommandESaIS1_EE13_M_deallocateEPS1_j.isra.0
                0x00000000080001b8        0xa ./Core/Src/CLI.o
 .text._ZNSt7__cxx1112basic_stringIcSt11char_traitsIcESaIcEEC2EOS4_
                0x00000000080001c2       0x3a ./Core/Src/CLI.o
                0x00000000080001c2                std::__cxx11::basic_string<char, std::char_traits<char>, std::allocator<char> >::basic_string(std::__cxx11::basic_string<char, std::char_traits<char>, std::allocator<char> >&&)
                0x00000000080001c2                std::__cxx11::basic_string<char, std::char_traits<char>, std::allocator<char> >::basic_string(std::__cxx11::basic_string<char, std::char_traits<char>, std::allocator<char> >&&)
 .text._ZSteqIcEN9__gnu_cxx11__enable_ifIXsrSt9__is_charIT_E7__valueEbE6__typeERKNSt7__cxx1112basic_stringIS3_St11char_traitsIS3_ESaIS3_EEESE_
                0x00000000080001fc       0x24 ./Core/Src/CLI.o
                0x00000000080001fc                __gnu_cxx::__enable_if<std::__is_char<char>::__value, bool>::__type std::operator==<char>(std::__cxx11::basic_string<char, std::char_traits<char>, std::allocator<char> > const&, std::__cxx11::basic_string<char, std::char_traits<char>, std::allocator<char> > const&)
 .text._ZNSt7__cxx1112basic_stringIcSt11char_traitsIcESaIcEE10_M_disposeEv
                0x0000000008000220       0x16 ./Core/Src/CLI.o
                0x0000000008000220                std::__cxx11::basic_string<char, std::char_traits<char>, std::allocator<char> >::_M_dispose()
 *fill*         0x0000000008000236        0x2 
 .text._ZN22CommandLineInterpreterD2Ev
                0x0000000008000238       0x54 ./Core/Src/CLI.o
                0x0000000008000238                CommandLineInterpreter::~CommandLineInterpreter()
                0x0000000008000238                CommandLineInterpreter::~CommandLineInterpreter()
 .text._ZN22CommandLineInterpreterD0Ev
                0x000000000800028c       0x14 ./Core/Src/CLI.o
                0x000000000800028c                CommandLineInterpreter::~CommandLineInterpreter()
 .text._ZSt14__relocate_a_1IPN3CLI7CommandES2_SaIS1_EET0_T_S5_S4_RT1_.isra.0
                0x00000000080002a0       0x2e ./Core/Src/CLI.o
 .text._ZNKSt6vectorIN3CLI7CommandESaIS1_EE12_M_check_lenEjPKc
                0x00000000080002ce       0x32 ./Core/Src/CLI.o
                0x00000000080002ce                std::vector<CLI::Command, std::allocator<CLI::Command> >::_M_check_len(unsigned int, char const*) const
 .text._ZNSt7__cxx1112basic_stringIcSt11char_traitsIcESaIcEE7_S_copyEPcPKcj
                0x0000000008000300       0x18 ./Core/Src/CLI.o
                0x0000000008000300                std::__cxx11::basic_string<char, std::char_traits<char>, std::allocator<char> >::_S_copy(char*, char const*, unsigned int)
 .text._ZNSt7__cxx1112basic_stringIcSt11char_traitsIcESaIcEE12_M_constructIPKcEEvT_S8_St20forward_iterator_tag.isra.0
                0x0000000008000318       0x44 ./Core/Src/CLI.o
 .text._ZNSt7__cxx1112basic_stringIcSt11char_traitsIcESaIcEEC2ISt17basic_string_viewIcS2_EvEERKT_RKS3_
                0x000000000800035c       0x18 ./Core/Src/CLI.o
                0x000000000800035c                std::__cxx11::basic_string<char, std::char_traits<char>, std::allocator<char> >::basic_string<std::basic_string_view<char, std::char_traits<char> >, void>(std::basic_string_view<char, std::char_traits<char> > const&, std::allocator<char> const&)
                0x000000000800035c                std::__cxx11::basic_string<char, std::char_traits<char>, std::allocator<char> >::basic_string<std::basic_string_view<char, std::char_traits<char> >, void>(std::basic_string_view<char, std::char_traits<char> > const&, std::allocator<char> const&)
 .text._ZN22CommandLineInterpreterC2Et
                0x0000000008000374       0x9c ./Core/Src/CLI.o
                0x0000000008000374                CommandLineInterpreter::CommandLineInterpreter(unsigned short)
                0x0000000008000374                CommandLineInterpreter::CommandLineInterpreter(unsigned short)
 .text._ZNSt7__cxx1112basic_stringIcSt11char_traitsIcESaIcEE9_M_mutateEjjPKcj
                0x0000000008000410       0x78 ./Core/Src/CLI.o
                0x0000000008000410                std::__cxx11::basic_string<char, std::char_traits<char>, std::allocator<char> >::_M_mutate(unsigned int, unsigned int, char const*, unsigned int)
 .text._ZNSt7__cxx1112basic_stringIcSt11char_traitsIcESaIcEE9push_backEc
                0x0000000008000488       0x3a ./Core/Src/CLI.o
                0x0000000008000488                std::__cxx11::basic_string<char, std::char_traits<char>, std::allocator<char> >::push_back(char)
 *fill*         0x00000000080004c2        0x2 
 .text._ZNSt7__cxx1112basic_stringIcSt11char_traitsIcESaIcEEC2ERKS4_
                0x00000000080004c4       0x4c ./Core/Src/CLI.o
                0x00000000080004c4                std::__cxx11::basic_string<char, std::char_traits<char>, std::allocator<char> >::basic_string(std::__cxx11::basic_string<char, std::char_traits<char>, std::allocator<char> > const&)
                0x00000000080004c4                std::__cxx11::basic_string<char, std::char_traits<char>, std::allocator<char> >::basic_string(std::__cxx11::basic_string<char, std::char_traits<char>, std::allocator<char> > const&)
 .text._ZN3CLI7CommandC2ERKS0_
                0x0000000008000510       0x16 ./Core/Src/CLI.o
                0x0000000008000510                CLI::Command::Command(CLI::Command const&)
                0x0000000008000510                CLI::Command::Command(CLI::Command const&)
 *fill*         0x0000000008000526        0x2 
 .text._ZN22CommandLineInterpreter12add_commandsERSt6vectorIN3CLI7CommandESaIS2_EE
                0x0000000008000528       0xcc ./Core/Src/CLI.o
                0x0000000008000528                CommandLineInterpreter::add_commands(std::vector<CLI::Command, std::allocator<CLI::Command> >&)
 .text._ZNSt6vectorINSt7__cxx1112basic_stringIcSt11char_traitsIcESaIcEEESaIS5_EE17_M_realloc_insertIJRKS5_EEEvN9__gnu_cxx17__normal_iteratorIPS5_S7_EEDpOT_
                0x00000000080005f4       0xc0 ./Core/Src/CLI.o
                0x00000000080005f4                void std::vector<std::__cxx11::basic_string<char, std::char_traits<char>, std::allocator<char> >, std::allocator<std::__cxx11::basic_string<char, std::char_traits<char>, std::allocator<char> > > >::_M_realloc_insert<std::__cxx11::basic_string<char, std::char_traits<char>, std::allocator<char> > const&>(__gnu_cxx::__normal_iterator<std::__cxx11::basic_string<char, std::char_traits<char>, std::allocator<char> >*, std::vector<std::__cxx11::basic_string<char, std::char_traits<char>, std::allocator<char> >, std::allocator<std::__cxx11::basic_string<char, std::char_traits<char>, std::allocator<char> > > > >, std::__cxx11::basic_string<char, std::char_traits<char>, std::allocator<char> > const&)
 .text._ZNSt6vectorINSt7__cxx1112basic_stringIcSt11char_traitsIcESaIcEEESaIS5_EE9push_backERKS5_
                0x00000000080006b4       0x24 ./Core/Src/CLI.o
                0x00000000080006b4                std::vector<std::__cxx11::basic_string<char, std::char_traits<char>, std::allocator<char> >, std::allocator<std::__cxx11::basic_string<char, std::char_traits<char>, std::allocator<char> > > >::push_back(std::__cxx11::basic_string<char, std::char_traits<char>, std::allocator<char> > const&)
 .text._ZN22CommandLineInterpreter13parse_commandEv
                0x00000000080006d8      0x10e ./Core/Src/CLI.o
                0x00000000080006d8                CommandLineInterpreter::parse_command()
 .text._ZN22CommandLineInterpreter7processERKc
                0x00000000080007e6       0x36 ./Core/Src/CLI.o
                0x00000000080007e6                CommandLineInterpreter::process(char const&)
 .text.ringbuf_new
                0x000000000800081c       0x2e ./Core/Src/RingBuffer.o
                0x000000000800081c                ringbuf_new
 .text.ringbuf_bytes_free
                0x000000000800084a       0x1c ./Core/Src/RingBuffer.o
                0x000000000800084a                ringbuf_bytes_free
 .text.ringbuf_bytes_used
                0x0000000008000866       0x10 ./Core/Src/RingBuffer.o
                0x0000000008000866                ringbuf_bytes_used
 .text.ringbuf_is_full
                0x0000000008000876        0xe ./Core/Src/RingBuffer.o
                0x0000000008000876                ringbuf_is_full
 .text.ringbuf_is_empty
                0x0000000008000884       0x14 ./Core/Src/RingBuffer.o
                0x0000000008000884                ringbuf_is_empty
 .text.ringbuf_memcpy_into
                0x0000000008000898       0x98 ./Core/Src/RingBuffer.o
                0x0000000008000898                ringbuf_memcpy_into
 .text.ringbuf_memcpy_from
                0x0000000008000930       0x74 ./Core/Src/RingBuffer.o
                0x0000000008000930                ringbuf_memcpy_from
 .text.MX_GPIO_Init
                0x00000000080009a4       0xb4 ./Core/Src/gpio.o
                0x00000000080009a4                MX_GPIO_Init
 .text.MX_I2C1_Init
                0x0000000008000a58       0x3c ./Core/Src/i2c.o
                0x0000000008000a58                MX_I2C1_Init
 .text.HAL_I2C_MspInit
                0x0000000008000a94       0x64 ./Core/Src/i2c.o
                0x0000000008000a94                HAL_I2C_MspInit
 .text._ZNSt12_Vector_baseIN3CLI7CommandESaIS1_EE11_M_allocateEj.isra.0
                0x0000000008000af8       0x1a ./Core/Src/main.o
 .text._ZNSt12_Vector_baseIN3CLI7CommandESaIS1_EE13_M_deallocateEPS1_j.isra.0
                0x0000000008000b12        0xa ./Core/Src/main.o
 .text._Z5printPKcz
                0x0000000008000b1c       0x34 ./Core/Src/main.o
                0x0000000008000b1c                print(char const*, ...)
 .text._ZZ15cli_parser_initvENUlvE_4_FUNEv
                0x0000000008000b50        0xc ./Core/Src/main.o
 .text._Z6ble_onv
                0x0000000008000b5c        0xc ./Core/Src/main.o
                0x0000000008000b5c                ble_on()
 .text._Z7ble_offv
                0x0000000008000b68        0xc ./Core/Src/main.o
                0x0000000008000b68                ble_off()
 .text._Z10ble_wakeupv
                0x0000000008000b74       0x38 ./Core/Src/main.o
                0x0000000008000b74                ble_wakeup()
 .text._Z8ble_sendv
                0x0000000008000bac       0x2c ./Core/Src/main.o
                0x0000000008000bac                ble_send()
 .text._Z18SystemClock_Configv
                0x0000000008000bd8       0x86 ./Core/Src/main.o
                0x0000000008000bd8                SystemClock_Config()
 *fill*         0x0000000008000c5e        0x2 
 .text.HAL_UART_RxCpltCallback
                0x0000000008000c60       0x34 ./Core/Src/main.o
                0x0000000008000c60                HAL_UART_RxCpltCallback
 .text.Error_Handler
                0x0000000008000c94        0x4 ./Core/Src/main.o
                0x0000000008000c94                Error_Handler
 .text._Z19cli_process_commandv
                0x0000000008000c98       0x64 ./Core/Src/main.o
                0x0000000008000c98                cli_process_command()
 .text._ZSt14__relocate_a_1IPN3CLI7CommandES2_SaIS1_EET0_T_S5_S4_RT1_.isra.0
                0x0000000008000cfc       0x64 ./Core/Src/main.o
 .text._ZNSt17basic_string_viewIcSt11char_traitsIcEEC2EPKc
                0x0000000008000d60       0x14 ./Core/Src/main.o
                0x0000000008000d60                std::basic_string_view<char, std::char_traits<char> >::basic_string_view(char const*)
                0x0000000008000d60                std::basic_string_view<char, std::char_traits<char> >::basic_string_view(char const*)
 .text._Z15cli_parser_initv
                0x0000000008000d74      0x2f8 ./Core/Src/main.o
                0x0000000008000d74                cli_parser_init()
 .text.startup.main
                0x000000000800106c       0xc0 ./Core/Src/main.o
                0x000000000800106c                main
 .text.startup._GLOBAL__sub_I_on_BLE_data_ready
                0x000000000800112c        0xc ./Core/Src/main.o
 .text.exit._GLOBAL__sub_D_on_BLE_data_ready
                0x0000000008001138        0xc ./Core/Src/main.o
 .text.MX_RTC_Init
                0x0000000008001144       0x94 ./Core/Src/rtc.o
                0x0000000008001144                MX_RTC_Init
 .text.HAL_RTC_MspInit
                0x00000000080011d8       0x64 ./Core/Src/rtc.o
                0x00000000080011d8                HAL_RTC_MspInit
 .text.calculate_crc.constprop.0
                0x000000000800123c       0x3c ./Core/Src/sht3x.o
 .text.sht3x_init
                0x0000000008001278       0x5c ./Core/Src/sht3x.o
                0x0000000008001278                sht3x_init
 .text.HAL_MspInit
                0x00000000080012d4       0x44 ./Core/Src/stm32f1xx_hal_msp.o
                0x00000000080012d4                HAL_MspInit
 .text.NMI_Handler
                0x0000000008001318        0x2 ./Core/Src/stm32f1xx_it.o
                0x0000000008001318                NMI_Handler
 .text.HardFault_Handler
                0x000000000800131a        0x2 ./Core/Src/stm32f1xx_it.o
                0x000000000800131a                HardFault_Handler
 .text.MemManage_Handler
                0x000000000800131c        0x2 ./Core/Src/stm32f1xx_it.o
                0x000000000800131c                MemManage_Handler
 .text.BusFault_Handler
                0x000000000800131e        0x2 ./Core/Src/stm32f1xx_it.o
                0x000000000800131e                BusFault_Handler
 .text.UsageFault_Handler
                0x0000000008001320        0x2 ./Core/Src/stm32f1xx_it.o
                0x0000000008001320                UsageFault_Handler
 .text.SVC_Handler
                0x0000000008001322        0x2 ./Core/Src/stm32f1xx_it.o
                0x0000000008001322                SVC_Handler
 .text.DebugMon_Handler
                0x0000000008001324        0x2 ./Core/Src/stm32f1xx_it.o
                0x0000000008001324                DebugMon_Handler
 .text.PendSV_Handler
                0x0000000008001326        0x2 ./Core/Src/stm32f1xx_it.o
                0x0000000008001326                PendSV_Handler
 .text.SysTick_Handler
                0x0000000008001328        0x4 ./Core/Src/stm32f1xx_it.o
                0x0000000008001328                SysTick_Handler
 .text.RTC_IRQHandler
                0x000000000800132c        0xc ./Core/Src/stm32f1xx_it.o
                0x000000000800132c                RTC_IRQHandler
 .text.USB_LP_CAN1_RX0_IRQHandler
                0x0000000008001338        0xc ./Core/Src/stm32f1xx_it.o
                0x0000000008001338                USB_LP_CAN1_RX0_IRQHandler
 .text.USART1_IRQHandler
                0x0000000008001344        0xc ./Core/Src/stm32f1xx_it.o
                0x0000000008001344                USART1_IRQHandler
 .text.RTC_Alarm_IRQHandler
                0x0000000008001350        0xc ./Core/Src/stm32f1xx_it.o
                0x0000000008001350                RTC_Alarm_IRQHandler
 .text._getpid  0x000000000800135c        0x4 ./Core/Src/syscalls.o
                0x000000000800135c                _getpid
 .text._kill    0x0000000008001360       0x10 ./Core/Src/syscalls.o
                0x0000000008001360                _kill
 .text._exit    0x0000000008001370        0xc ./Core/Src/syscalls.o
                0x0000000008001370                _exit
 .text._read    0x000000000800137c       0x1c ./Core/Src/syscalls.o
                0x000000000800137c                _read
 .text._write   0x0000000008001398       0x1c ./Core/Src/syscalls.o
                0x0000000008001398                _write
 .text._close   0x00000000080013b4        0x6 ./Core/Src/syscalls.o
                0x00000000080013b4                _close
 .text._fstat   0x00000000080013ba        0xa ./Core/Src/syscalls.o
                0x00000000080013ba                _fstat
 .text._isatty  0x00000000080013c4        0x4 ./Core/Src/syscalls.o
                0x00000000080013c4                _isatty
 .text._lseek   0x00000000080013c8        0x4 ./Core/Src/syscalls.o
                0x00000000080013c8                _lseek
 .text._sbrk    0x00000000080013cc       0x40 ./Core/Src/sysmem.o
                0x00000000080013cc                _sbrk
 .text.SystemInit
                0x000000000800140c        0x2 ./Core/Src/system_stm32f1xx.o
                0x000000000800140c                SystemInit
 *fill*         0x000000000800140e        0x2 
 .text.MX_USART1_UART_Init
                0x0000000008001410       0x38 ./Core/Src/usart.o
                0x0000000008001410                MX_USART1_UART_Init
 .text.HAL_UART_MspInit
                0x0000000008001448       0x88 ./Core/Src/usart.o
                0x0000000008001448                HAL_UART_MspInit
 .text.Reset_Handler
                0x00000000080014d0       0x48 ./Core/Startup/startup_stm32f103c8tx.o
                0x00000000080014d0                Reset_Handler
 .text.Default_Handler
                0x0000000008001518        0x2 ./Core/Startup/startup_stm32f103c8tx.o
                0x0000000008001518                EXTI2_IRQHandler
                0x0000000008001518                TIM1_CC_IRQHandler
                0x0000000008001518                PVD_IRQHandler
                0x0000000008001518                EXTI3_IRQHandler
                0x0000000008001518                EXTI0_IRQHandler
                0x0000000008001518                I2C2_EV_IRQHandler
                0x0000000008001518                ADC1_2_IRQHandler
                0x0000000008001518                SPI1_IRQHandler
                0x0000000008001518                TAMPER_IRQHandler
                0x0000000008001518                DMA1_Channel4_IRQHandler
                0x0000000008001518                USART3_IRQHandler
                0x0000000008001518                DMA1_Channel7_IRQHandler
                0x0000000008001518                CAN1_RX1_IRQHandler
                0x0000000008001518                TIM4_IRQHandler
                0x0000000008001518                I2C1_EV_IRQHandler
                0x0000000008001518                DMA1_Channel6_IRQHandler
                0x0000000008001518                TIM3_IRQHandler
                0x0000000008001518                RCC_IRQHandler
                0x0000000008001518                TIM1_TRG_COM_IRQHandler
                0x0000000008001518                DMA1_Channel1_IRQHandler
                0x0000000008001518                Default_Handler
                0x0000000008001518                EXTI15_10_IRQHandler
                0x0000000008001518                EXTI9_5_IRQHandler
                0x0000000008001518                SPI2_IRQHandler
                0x0000000008001518                DMA1_Channel5_IRQHandler
                0x0000000008001518                EXTI4_IRQHandler
                0x0000000008001518                USB_HP_CAN1_TX_IRQHandler
                0x0000000008001518                DMA1_Channel3_IRQHandler
                0x0000000008001518                TIM1_UP_IRQHandler
                0x0000000008001518                WWDG_IRQHandler
                0x0000000008001518                TIM2_IRQHandler
                0x0000000008001518                TIM1_BRK_IRQHandler
                0x0000000008001518                EXTI1_IRQHandler
                0x0000000008001518                USART2_IRQHandler
                0x0000000008001518                I2C2_ER_IRQHandler
                0x0000000008001518                DMA1_Channel2_IRQHandler
                0x0000000008001518                CAN1_SCE_IRQHandler
                0x0000000008001518                FLASH_IRQHandler
                0x0000000008001518                I2C1_ER_IRQHandler
                0x0000000008001518                USBWakeUp_IRQHandler
 *fill*         0x000000000800151a        0x2 
 .text.HAL_InitTick
                0x000000000800151c       0x48 ./Drivers/STM32F1xx_HAL_Driver/Src/stm32f1xx_hal.o
                0x000000000800151c                HAL_InitTick
 .text.HAL_Init
                0x0000000008001564       0x24 ./Drivers/STM32F1xx_HAL_Driver/Src/stm32f1xx_hal.o
                0x0000000008001564                HAL_Init
 .text.HAL_IncTick
                0x0000000008001588       0x18 ./Drivers/STM32F1xx_HAL_Driver/Src/stm32f1xx_hal.o
                0x0000000008001588                HAL_IncTick
 .text.HAL_GetTick
                0x00000000080015a0        0xc ./Drivers/STM32F1xx_HAL_Driver/Src/stm32f1xx_hal.o
                0x00000000080015a0                HAL_GetTick
 .text.HAL_Delay
                0x00000000080015ac       0x24 ./Drivers/STM32F1xx_HAL_Driver/Src/stm32f1xx_hal.o
                0x00000000080015ac                HAL_Delay
 .text.HAL_NVIC_SetPriorityGrouping
                0x00000000080015d0       0x24 ./Drivers/STM32F1xx_HAL_Driver/Src/stm32f1xx_hal_cortex.o
                0x00000000080015d0                HAL_NVIC_SetPriorityGrouping
 .text.HAL_NVIC_SetPriority
                0x00000000080015f4       0x64 ./Drivers/STM32F1xx_HAL_Driver/Src/stm32f1xx_hal_cortex.o
                0x00000000080015f4                HAL_NVIC_SetPriority
 .text.HAL_NVIC_EnableIRQ
                0x0000000008001658       0x1c ./Drivers/STM32F1xx_HAL_Driver/Src/stm32f1xx_hal_cortex.o
                0x0000000008001658                HAL_NVIC_EnableIRQ
 .text.HAL_SYSTICK_Config
                0x0000000008001674       0x28 ./Drivers/STM32F1xx_HAL_Driver/Src/stm32f1xx_hal_cortex.o
                0x0000000008001674                HAL_SYSTICK_Config
 .text.HAL_DMA_Abort
                0x000000000800169c       0x42 ./Drivers/STM32F1xx_HAL_Driver/Src/stm32f1xx_hal_dma.o
                0x000000000800169c                HAL_DMA_Abort
 *fill*         0x00000000080016de        0x2 
 .text.HAL_DMA_Abort_IT
                0x00000000080016e0       0x90 ./Drivers/STM32F1xx_HAL_Driver/Src/stm32f1xx_hal_dma.o
                0x00000000080016e0                HAL_DMA_Abort_IT
 .text.HAL_GPIO_Init
                0x0000000008001770      0x1b4 ./Drivers/STM32F1xx_HAL_Driver/Src/stm32f1xx_hal_gpio.o
                0x0000000008001770                HAL_GPIO_Init
 .text.HAL_GPIO_WritePin
                0x0000000008001924        0xa ./Drivers/STM32F1xx_HAL_Driver/Src/stm32f1xx_hal_gpio.o
                0x0000000008001924                HAL_GPIO_WritePin
 .text.I2C_IsAcknowledgeFailed
                0x000000000800192e       0x32 ./Drivers/STM32F1xx_HAL_Driver/Src/stm32f1xx_hal_i2c.o
 .text.I2C_WaitOnFlagUntilTimeout
                0x0000000008001960       0x80 ./Drivers/STM32F1xx_HAL_Driver/Src/stm32f1xx_hal_i2c.o
 .text.I2C_WaitOnMasterAddressFlagUntilTimeout
                0x00000000080019e0       0x84 ./Drivers/STM32F1xx_HAL_Driver/Src/stm32f1xx_hal_i2c.o
 .text.I2C_WaitOnTXEFlagUntilTimeout
                0x0000000008001a64       0x54 ./Drivers/STM32F1xx_HAL_Driver/Src/stm32f1xx_hal_i2c.o
 .text.I2C_RequestMemoryRead
                0x0000000008001ab8      0x104 ./Drivers/STM32F1xx_HAL_Driver/Src/stm32f1xx_hal_i2c.o
 .text.I2C_WaitOnRXNEFlagUntilTimeout
                0x0000000008001bbc       0x66 ./Drivers/STM32F1xx_HAL_Driver/Src/stm32f1xx_hal_i2c.o
 *fill*         0x0000000008001c22        0x2 
 .text.HAL_I2C_Init
                0x0000000008001c24      0x150 ./Drivers/STM32F1xx_HAL_Driver/Src/stm32f1xx_hal_i2c.o
                0x0000000008001c24                HAL_I2C_Init
 .text.HAL_I2C_Mem_Read
                0x0000000008001d74      0x27c ./Drivers/STM32F1xx_HAL_Driver/Src/stm32f1xx_hal_i2c.o
                0x0000000008001d74                HAL_I2C_Mem_Read
 .text.HAL_PCD_Init
                0x0000000008001ff0       0xf0 ./Drivers/STM32F1xx_HAL_Driver/Src/stm32f1xx_hal_pcd.o
                0x0000000008001ff0                HAL_PCD_Init
 .text.HAL_PCD_Start
                0x00000000080020e0       0x32 ./Drivers/STM32F1xx_HAL_Driver/Src/stm32f1xx_hal_pcd.o
                0x00000000080020e0                HAL_PCD_Start
 .text.HAL_PCD_SetAddress
                0x0000000008002112       0x28 ./Drivers/STM32F1xx_HAL_Driver/Src/stm32f1xx_hal_pcd.o
                0x0000000008002112                HAL_PCD_SetAddress
 *fill*         0x000000000800213a        0x2 
 .text.HAL_PCD_IRQHandler
                0x000000000800213c      0x9bc ./Drivers/STM32F1xx_HAL_Driver/Src/stm32f1xx_hal_pcd.o
                0x000000000800213c                HAL_PCD_IRQHandler
 .text.HAL_PCD_EP_Open
                0x0000000008002af8       0x5e ./Drivers/STM32F1xx_HAL_Driver/Src/stm32f1xx_hal_pcd.o
                0x0000000008002af8                HAL_PCD_EP_Open
 .text.HAL_PCD_EP_Close
                0x0000000008002b56       0x50 ./Drivers/STM32F1xx_HAL_Driver/Src/stm32f1xx_hal_pcd.o
                0x0000000008002b56                HAL_PCD_EP_Close
 .text.HAL_PCD_EP_Receive
                0x0000000008002ba6       0x2e ./Drivers/STM32F1xx_HAL_Driver/Src/stm32f1xx_hal_pcd.o
                0x0000000008002ba6                HAL_PCD_EP_Receive
 .text.HAL_PCD_EP_GetRxCount
                0x0000000008002bd4       0x10 ./Drivers/STM32F1xx_HAL_Driver/Src/stm32f1xx_hal_pcd.o
                0x0000000008002bd4                HAL_PCD_EP_GetRxCount
 .text.HAL_PCD_EP_Transmit
                0x0000000008002be4       0x34 ./Drivers/STM32F1xx_HAL_Driver/Src/stm32f1xx_hal_pcd.o
                0x0000000008002be4                HAL_PCD_EP_Transmit
 .text.HAL_PCD_EP_SetStall
                0x0000000008002c18       0x68 ./Drivers/STM32F1xx_HAL_Driver/Src/stm32f1xx_hal_pcd.o
                0x0000000008002c18                HAL_PCD_EP_SetStall
 .text.HAL_PCD_EP_ClrStall
                0x0000000008002c80       0x62 ./Drivers/STM32F1xx_HAL_Driver/Src/stm32f1xx_hal_pcd.o
                0x0000000008002c80                HAL_PCD_EP_ClrStall
 .text.HAL_PCDEx_PMAConfig
                0x0000000008002ce2       0x32 ./Drivers/STM32F1xx_HAL_Driver/Src/stm32f1xx_hal_pcd_ex.o
                0x0000000008002ce2                HAL_PCDEx_PMAConfig
 .text.HAL_PWR_EnableBkUpAccess
                0x0000000008002d14        0xc ./Drivers/STM32F1xx_HAL_Driver/Src/stm32f1xx_hal_pwr.o
                0x0000000008002d14                HAL_PWR_EnableBkUpAccess
 .text.HAL_RCC_OscConfig
                0x0000000008002d20      0x338 ./Drivers/STM32F1xx_HAL_Driver/Src/stm32f1xx_hal_rcc.o
                0x0000000008002d20                HAL_RCC_OscConfig
 .text.HAL_RCC_GetSysClockFreq
                0x0000000008003058       0x4c ./Drivers/STM32F1xx_HAL_Driver/Src/stm32f1xx_hal_rcc.o
                0x0000000008003058                HAL_RCC_GetSysClockFreq
 .text.HAL_RCC_ClockConfig
                0x00000000080030a4      0x138 ./Drivers/STM32F1xx_HAL_Driver/Src/stm32f1xx_hal_rcc.o
                0x00000000080030a4                HAL_RCC_ClockConfig
 .text.HAL_RCC_GetPCLK1Freq
                0x00000000080031dc       0x20 ./Drivers/STM32F1xx_HAL_Driver/Src/stm32f1xx_hal_rcc.o
                0x00000000080031dc                HAL_RCC_GetPCLK1Freq
 .text.HAL_RCC_GetPCLK2Freq
                0x00000000080031fc       0x20 ./Drivers/STM32F1xx_HAL_Driver/Src/stm32f1xx_hal_rcc.o
                0x00000000080031fc                HAL_RCC_GetPCLK2Freq
 .text.HAL_RCCEx_PeriphCLKConfig
                0x000000000800321c       0xf4 ./Drivers/STM32F1xx_HAL_Driver/Src/stm32f1xx_hal_rcc_ex.o
                0x000000000800321c                HAL_RCCEx_PeriphCLKConfig
 .text.HAL_RCCEx_GetPeriphCLKFreq
                0x0000000008003310       0xbc ./Drivers/STM32F1xx_HAL_Driver/Src/stm32f1xx_hal_rcc_ex.o
                0x0000000008003310                HAL_RCCEx_GetPeriphCLKFreq
 .text.RTC_ReadTimeCounter
                0x00000000080033cc       0x24 ./Drivers/STM32F1xx_HAL_Driver/Src/stm32f1xx_hal_rtc.o
 .text.RTC_ReadAlarmCounter
                0x00000000080033f0        0xe ./Drivers/STM32F1xx_HAL_Driver/Src/stm32f1xx_hal_rtc.o
 .text.RTC_ByteToBcd2
                0x00000000080033fe       0x16 ./Drivers/STM32F1xx_HAL_Driver/Src/stm32f1xx_hal_rtc.o
 .text.RTC_Bcd2ToByte
                0x0000000008003414       0x10 ./Drivers/STM32F1xx_HAL_Driver/Src/stm32f1xx_hal_rtc.o
 .text.RTC_WeekDayNum
                0x0000000008003424       0x64 ./Drivers/STM32F1xx_HAL_Driver/Src/stm32f1xx_hal_rtc.o
 .text.RTC_EnterInitMode
                0x0000000008003488       0x2e ./Drivers/STM32F1xx_HAL_Driver/Src/stm32f1xx_hal_rtc.o
 .text.RTC_ExitInitMode
                0x00000000080034b6       0x30 ./Drivers/STM32F1xx_HAL_Driver/Src/stm32f1xx_hal_rtc.o
 .text.RTC_WriteTimeCounter
                0x00000000080034e6       0x28 ./Drivers/STM32F1xx_HAL_Driver/Src/stm32f1xx_hal_rtc.o
 .text.RTC_WriteAlarmCounter
                0x000000000800350e       0x28 ./Drivers/STM32F1xx_HAL_Driver/Src/stm32f1xx_hal_rtc.o
 .text.HAL_RTC_SetTime
                0x0000000008003536       0x9e ./Drivers/STM32F1xx_HAL_Driver/Src/stm32f1xx_hal_rtc.o
                0x0000000008003536                HAL_RTC_SetTime
 .text.HAL_RTC_GetTime
                0x00000000080035d4      0x17c ./Drivers/STM32F1xx_HAL_Driver/Src/stm32f1xx_hal_rtc.o
                0x00000000080035d4                HAL_RTC_GetTime
 .text.HAL_RTC_SetDate
                0x0000000008003750       0xb0 ./Drivers/STM32F1xx_HAL_Driver/Src/stm32f1xx_hal_rtc.o
                0x0000000008003750                HAL_RTC_SetDate
 .text.HAL_RTC_SetAlarm_IT
                0x0000000008003800       0xd8 ./Drivers/STM32F1xx_HAL_Driver/Src/stm32f1xx_hal_rtc.o
                0x0000000008003800                HAL_RTC_SetAlarm_IT
 .text.HAL_RTC_AlarmAEventCallback
                0x00000000080038d8        0x2 ./Drivers/STM32F1xx_HAL_Driver/Src/stm32f1xx_hal_rtc.o
                0x00000000080038d8                HAL_RTC_AlarmAEventCallback
 *fill*         0x00000000080038da        0x2 
 .text.HAL_RTC_AlarmIRQHandler
                0x00000000080038dc       0x34 ./Drivers/STM32F1xx_HAL_Driver/Src/stm32f1xx_hal_rtc.o
                0x00000000080038dc                HAL_RTC_AlarmIRQHandler
 .text.HAL_RTC_WaitForSynchro
                0x0000000008003910       0x36 ./Drivers/STM32F1xx_HAL_Driver/Src/stm32f1xx_hal_rtc.o
                0x0000000008003910                HAL_RTC_WaitForSynchro
 *fill*         0x0000000008003946        0x2 
 .text.HAL_RTC_Init
                0x0000000008003948       0x90 ./Drivers/STM32F1xx_HAL_Driver/Src/stm32f1xx_hal_rtc.o
                0x0000000008003948                HAL_RTC_Init
 .text.HAL_RTCEx_RTCEventCallback
                0x00000000080039d8        0x2 ./Drivers/STM32F1xx_HAL_Driver/Src/stm32f1xx_hal_rtc_ex.o
                0x00000000080039d8                HAL_RTCEx_RTCEventCallback
 .text.HAL_RTCEx_RTCEventErrorCallback
                0x00000000080039da        0x2 ./Drivers/STM32F1xx_HAL_Driver/Src/stm32f1xx_hal_rtc_ex.o
                0x00000000080039da                HAL_RTCEx_RTCEventErrorCallback
 .text.HAL_RTCEx_RTCIRQHandler
                0x00000000080039dc       0x3c ./Drivers/STM32F1xx_HAL_Driver/Src/stm32f1xx_hal_rtc_ex.o
                0x00000000080039dc                HAL_RTCEx_RTCIRQHandler
 .text.UART_EndRxTransfer
                0x0000000008003a18       0x5c ./Drivers/STM32F1xx_HAL_Driver/Src/stm32f1xx_hal_uart.o
 .text.UART_SetConfig
                0x0000000008003a74       0x74 ./Drivers/STM32F1xx_HAL_Driver/Src/stm32f1xx_hal_uart.o
 .text.UART_WaitOnFlagUntilTimeout.constprop.0
                0x0000000008003ae8       0x6c ./Drivers/STM32F1xx_HAL_Driver/Src/stm32f1xx_hal_uart.o
 .text.HAL_UART_Init
                0x0000000008003b54       0x5e ./Drivers/STM32F1xx_HAL_Driver/Src/stm32f1xx_hal_uart.o
                0x0000000008003b54                HAL_UART_Init
 .text.HAL_UART_Transmit
                0x0000000008003bb2       0x96 ./Drivers/STM32F1xx_HAL_Driver/Src/stm32f1xx_hal_uart.o
                0x0000000008003bb2                HAL_UART_Transmit
 .text.HAL_UART_TxCpltCallback
                0x0000000008003c48        0x2 ./Drivers/STM32F1xx_HAL_Driver/Src/stm32f1xx_hal_uart.o
                0x0000000008003c48                HAL_UART_TxCpltCallback
 .text.HAL_UART_ErrorCallback
                0x0000000008003c4a        0x2 ./Drivers/STM32F1xx_HAL_Driver/Src/stm32f1xx_hal_uart.o
                0x0000000008003c4a                HAL_UART_ErrorCallback
 .text.UART_DMAAbortOnError
                0x0000000008003c4c       0x10 ./Drivers/STM32F1xx_HAL_Driver/Src/stm32f1xx_hal_uart.o
 .text.HAL_UARTEx_RxEventCallback
                0x0000000008003c5c        0x2 ./Drivers/STM32F1xx_HAL_Driver/Src/stm32f1xx_hal_uart.o
                0x0000000008003c5c                HAL_UARTEx_RxEventCallback
 .text.UART_Receive_IT.part.0.isra.0
                0x0000000008003c5e       0xae ./Drivers/STM32F1xx_HAL_Driver/Src/stm32f1xx_hal_uart.o
 .text.HAL_UART_IRQHandler
                0x0000000008003d0c      0x2a4 ./Drivers/STM32F1xx_HAL_Driver/Src/stm32f1xx_hal_uart.o
                0x0000000008003d0c                HAL_UART_IRQHandler
 .text.UART_Start_Receive_IT
                0x0000000008003fb0       0x32 ./Drivers/STM32F1xx_HAL_Driver/Src/stm32f1xx_hal_uart.o
                0x0000000008003fb0                UART_Start_Receive_IT
 .text.HAL_UART_Receive_IT
                0x0000000008003fe2       0x22 ./Drivers/STM32F1xx_HAL_Driver/Src/stm32f1xx_hal_uart.o
                0x0000000008003fe2                HAL_UART_Receive_IT
 .text.USB_CoreInit
                0x0000000008004004        0xe ./Drivers/STM32F1xx_HAL_Driver/Src/stm32f1xx_ll_usb.o
                0x0000000008004004                USB_CoreInit
 .text.USB_EnableGlobalInt
                0x0000000008004012       0x12 ./Drivers/STM32F1xx_HAL_Driver/Src/stm32f1xx_ll_usb.o
                0x0000000008004012                USB_EnableGlobalInt
 .text.USB_DisableGlobalInt
                0x0000000008004024       0x14 ./Drivers/STM32F1xx_HAL_Driver/Src/stm32f1xx_ll_usb.o
                0x0000000008004024                USB_DisableGlobalInt
 .text.USB_SetCurrentMode
                0x0000000008004038        0x4 ./Drivers/STM32F1xx_HAL_Driver/Src/stm32f1xx_ll_usb.o
                0x0000000008004038                USB_SetCurrentMode
 .text.USB_DevInit
                0x000000000800403c       0x28 ./Drivers/STM32F1xx_HAL_Driver/Src/stm32f1xx_ll_usb.o
                0x000000000800403c                USB_DevInit
 .text.USB_ActivateEndpoint
                0x0000000008004064      0x2c4 ./Drivers/STM32F1xx_HAL_Driver/Src/stm32f1xx_ll_usb.o
                0x0000000008004064                USB_ActivateEndpoint
 .text.USB_DeactivateEndpoint
                0x0000000008004328      0x1a2 ./Drivers/STM32F1xx_HAL_Driver/Src/stm32f1xx_ll_usb.o
                0x0000000008004328                USB_DeactivateEndpoint
 .text.USB_EPSetStall
                0x00000000080044ca       0x40 ./Drivers/STM32F1xx_HAL_Driver/Src/stm32f1xx_ll_usb.o
                0x00000000080044ca                USB_EPSetStall
 .text.USB_EPClearStall
                0x000000000800450a       0x92 ./Drivers/STM32F1xx_HAL_Driver/Src/stm32f1xx_ll_usb.o
                0x000000000800450a                USB_EPClearStall
 .text.USB_SetDevAddress
                0x000000000800459c        0xc ./Drivers/STM32F1xx_HAL_Driver/Src/stm32f1xx_ll_usb.o
                0x000000000800459c                USB_SetDevAddress
 .text.USB_DevConnect
                0x00000000080045a8        0x4 ./Drivers/STM32F1xx_HAL_Driver/Src/stm32f1xx_ll_usb.o
                0x00000000080045a8                USB_DevConnect
 .text.USB_DevDisconnect
                0x00000000080045ac        0x4 ./Drivers/STM32F1xx_HAL_Driver/Src/stm32f1xx_ll_usb.o
                0x00000000080045ac                USB_DevDisconnect
 .text.USB_ReadInterrupts
                0x00000000080045b0        0x8 ./Drivers/STM32F1xx_HAL_Driver/Src/stm32f1xx_ll_usb.o
                0x00000000080045b0                USB_ReadInterrupts
 .text.USB_EP0_OutStart
                0x00000000080045b8        0x4 ./Drivers/STM32F1xx_HAL_Driver/Src/stm32f1xx_ll_usb.o
                0x00000000080045b8                USB_EP0_OutStart
 .text.USB_WritePMA
                0x00000000080045bc       0x20 ./Drivers/STM32F1xx_HAL_Driver/Src/stm32f1xx_ll_usb.o
                0x00000000080045bc                USB_WritePMA
 .text.USB_EPStartXfer
                0x00000000080045dc      0x470 ./Drivers/STM32F1xx_HAL_Driver/Src/stm32f1xx_ll_usb.o
                0x00000000080045dc                USB_EPStartXfer
 .text.USB_ReadPMA
                0x0000000008004a4c       0x38 ./Drivers/STM32F1xx_HAL_Driver/Src/stm32f1xx_ll_usb.o
                0x0000000008004a4c                USB_ReadPMA
 .text.USBD_CDC_EP0_RxReady
                0x0000000008004a84       0x28 ./Middlewares/ST/STM32_USB_Device_Library/Class/CDC/Src/usbd_cdc.o
 .text.USBD_CDC_GetFSCfgDesc
                0x0000000008004aac        0xc ./Middlewares/ST/STM32_USB_Device_Library/Class/CDC/Src/usbd_cdc.o
 .text.USBD_CDC_GetHSCfgDesc
                0x0000000008004ab8        0xc ./Middlewares/ST/STM32_USB_Device_Library/Class/CDC/Src/usbd_cdc.o
 .text.USBD_CDC_GetOtherSpeedCfgDesc
                0x0000000008004ac4        0xc ./Middlewares/ST/STM32_USB_Device_Library/Class/CDC/Src/usbd_cdc.o
 .text.USBD_CDC_GetDeviceQualifierDescriptor
                0x0000000008004ad0        0xc ./Middlewares/ST/STM32_USB_Device_Library/Class/CDC/Src/usbd_cdc.o
                0x0000000008004ad0                USBD_CDC_GetDeviceQualifierDescriptor
 .text.USBD_CDC_DataOut
                0x0000000008004adc       0x2e ./Middlewares/ST/STM32_USB_Device_Library/Class/CDC/Src/usbd_cdc.o
 .text.USBD_CDC_DataIn
                0x0000000008004b0a       0x42 ./Middlewares/ST/STM32_USB_Device_Library/Class/CDC/Src/usbd_cdc.o
 .text.USBD_CDC_Setup
                0x0000000008004b4c       0xb6 ./Middlewares/ST/STM32_USB_Device_Library/Class/CDC/Src/usbd_cdc.o
 .text.USBD_CDC_DeInit
                0x0000000008004c02       0x42 ./Middlewares/ST/STM32_USB_Device_Library/Class/CDC/Src/usbd_cdc.o
 .text.USBD_CDC_Init
                0x0000000008004c44       0xa2 ./Middlewares/ST/STM32_USB_Device_Library/Class/CDC/Src/usbd_cdc.o
 .text.USBD_CDC_RegisterInterface
                0x0000000008004ce6        0xe ./Middlewares/ST/STM32_USB_Device_Library/Class/CDC/Src/usbd_cdc.o
                0x0000000008004ce6                USBD_CDC_RegisterInterface
 .text.USBD_CDC_SetTxBuffer
                0x0000000008004cf4       0x10 ./Middlewares/ST/STM32_USB_Device_Library/Class/CDC/Src/usbd_cdc.o
                0x0000000008004cf4                USBD_CDC_SetTxBuffer
 .text.USBD_CDC_SetRxBuffer
                0x0000000008004d04        0xc ./Middlewares/ST/STM32_USB_Device_Library/Class/CDC/Src/usbd_cdc.o
                0x0000000008004d04                USBD_CDC_SetRxBuffer
 .text.USBD_CDC_TransmitPacket
                0x0000000008004d10       0x32 ./Middlewares/ST/STM32_USB_Device_Library/Class/CDC/Src/usbd_cdc.o
                0x0000000008004d10                USBD_CDC_TransmitPacket
 .text.USBD_CDC_ReceivePacket
                0x0000000008004d42       0x2e ./Middlewares/ST/STM32_USB_Device_Library/Class/CDC/Src/usbd_cdc.o
                0x0000000008004d42                USBD_CDC_ReceivePacket
 .text.USBD_Init
                0x0000000008004d70       0x2a ./Middlewares/ST/STM32_USB_Device_Library/Core/Src/usbd_core.o
                0x0000000008004d70                USBD_Init
 .text.USBD_RegisterClass
                0x0000000008004d9a        0xe ./Middlewares/ST/STM32_USB_Device_Library/Core/Src/usbd_core.o
                0x0000000008004d9a                USBD_RegisterClass
 .text.USBD_Start
                0x0000000008004da8        0xa ./Middlewares/ST/STM32_USB_Device_Library/Core/Src/usbd_core.o
                0x0000000008004da8                USBD_Start
 .text.USBD_SetClassConfig
                0x0000000008004db2       0x16 ./Middlewares/ST/STM32_USB_Device_Library/Core/Src/usbd_core.o
                0x0000000008004db2                USBD_SetClassConfig
 .text.USBD_ClrClassConfig
                0x0000000008004dc8        0xe ./Middlewares/ST/STM32_USB_Device_Library/Core/Src/usbd_core.o
                0x0000000008004dc8                USBD_ClrClassConfig
 .text.USBD_LL_SetupStage
                0x0000000008004dd6       0x5a ./Middlewares/ST/STM32_USB_Device_Library/Core/Src/usbd_core.o
                0x0000000008004dd6                USBD_LL_SetupStage
 .text.USBD_LL_DataOutStage
                0x0000000008004e30       0x74 ./Middlewares/ST/STM32_USB_Device_Library/Core/Src/usbd_core.o
                0x0000000008004e30                USBD_LL_DataOutStage
 .text.USBD_LL_DataInStage
                0x0000000008004ea4       0xb6 ./Middlewares/ST/STM32_USB_Device_Library/Core/Src/usbd_core.o
                0x0000000008004ea4                USBD_LL_DataInStage
 .text.USBD_LL_Reset
                0x0000000008004f5a       0x4e ./Middlewares/ST/STM32_USB_Device_Library/Core/Src/usbd_core.o
                0x0000000008004f5a                USBD_LL_Reset
 .text.USBD_LL_SetSpeed
                0x0000000008004fa8        0x6 ./Middlewares/ST/STM32_USB_Device_Library/Core/Src/usbd_core.o
                0x0000000008004fa8                USBD_LL_SetSpeed
 .text.USBD_LL_Suspend
                0x0000000008004fae       0x12 ./Middlewares/ST/STM32_USB_Device_Library/Core/Src/usbd_core.o
                0x0000000008004fae                USBD_LL_Suspend
 .text.USBD_LL_Resume
                0x0000000008004fc0       0x14 ./Middlewares/ST/STM32_USB_Device_Library/Core/Src/usbd_core.o
                0x0000000008004fc0                USBD_LL_Resume
 .text.USBD_LL_SOF
                0x0000000008004fd4       0x18 ./Middlewares/ST/STM32_USB_Device_Library/Core/Src/usbd_core.o
                0x0000000008004fd4                USBD_LL_SOF
 .text.USBD_CtlError.constprop.0
                0x0000000008004fec       0x16 ./Middlewares/ST/STM32_USB_Device_Library/Core/Src/usbd_ctlreq.o
 *fill*         0x0000000008005002        0x2 
 .text.USBD_StdDevReq
                0x0000000008005004      0x254 ./Middlewares/ST/STM32_USB_Device_Library/Core/Src/usbd_ctlreq.o
                0x0000000008005004                USBD_StdDevReq
 .text.USBD_StdItfReq
                0x0000000008005258       0x48 ./Middlewares/ST/STM32_USB_Device_Library/Core/Src/usbd_ctlreq.o
                0x0000000008005258                USBD_StdItfReq
 .text.USBD_StdEPReq
                0x00000000080052a0      0x114 ./Middlewares/ST/STM32_USB_Device_Library/Core/Src/usbd_ctlreq.o
                0x00000000080052a0                USBD_StdEPReq
 .text.USBD_ParseSetupRequest
                0x00000000080053b4       0x28 ./Middlewares/ST/STM32_USB_Device_Library/Core/Src/usbd_ctlreq.o
                0x00000000080053b4                USBD_ParseSetupRequest
 .text.USBD_CtlError
                0x00000000080053dc       0x16 ./Middlewares/ST/STM32_USB_Device_Library/Core/Src/usbd_ctlreq.o
                0x00000000080053dc                USBD_CtlError
 .text.USBD_GetString
                0x00000000080053f2       0x38 ./Middlewares/ST/STM32_USB_Device_Library/Core/Src/usbd_ctlreq.o
                0x00000000080053f2                USBD_GetString
 .text.USBD_CtlSendData
                0x000000000800542a       0x1a ./Middlewares/ST/STM32_USB_Device_Library/Core/Src/usbd_ioreq.o
                0x000000000800542a                USBD_CtlSendData
 .text.USBD_CtlContinueSendData
                0x0000000008005444       0x10 ./Middlewares/ST/STM32_USB_Device_Library/Core/Src/usbd_ioreq.o
                0x0000000008005444                USBD_CtlContinueSendData
 .text.USBD_CtlPrepareRx
                0x0000000008005454       0x1a ./Middlewares/ST/STM32_USB_Device_Library/Core/Src/usbd_ioreq.o
                0x0000000008005454                USBD_CtlPrepareRx
 .text.USBD_CtlContinueRx
                0x000000000800546e       0x10 ./Middlewares/ST/STM32_USB_Device_Library/Core/Src/usbd_ioreq.o
                0x000000000800546e                USBD_CtlContinueRx
 .text.USBD_CtlSendStatus
                0x000000000800547e       0x16 ./Middlewares/ST/STM32_USB_Device_Library/Core/Src/usbd_ioreq.o
                0x000000000800547e                USBD_CtlSendStatus
 .text.USBD_CtlReceiveStatus
                0x0000000008005494       0x16 ./Middlewares/ST/STM32_USB_Device_Library/Core/Src/usbd_ioreq.o
                0x0000000008005494                USBD_CtlReceiveStatus
 *fill*         0x00000000080054aa        0x2 
 .text.MX_USB_DEVICE_Init
                0x00000000080054ac       0x50 ./USB_DEVICE/App/usb_device.o
                0x00000000080054ac                MX_USB_DEVICE_Init
 .text.CDC_DeInit_FS
                0x00000000080054fc        0x4 ./USB_DEVICE/App/usbd_cdc_if.o
 .text.CDC_Control_FS
                0x0000000008005500       0x48 ./USB_DEVICE/App/usbd_cdc_if.o
 .text.CDC_Receive_FS
                0x0000000008005548       0x30 ./USB_DEVICE/App/usbd_cdc_if.o
 .text.CDC_Init_FS
                0x0000000008005578       0x28 ./USB_DEVICE/App/usbd_cdc_if.o
 .text.CDC_Transmit_FS
                0x00000000080055a0       0x2c ./USB_DEVICE/App/usbd_cdc_if.o
                0x00000000080055a0                CDC_Transmit_FS
 .text.USBD_FS_DeviceDescriptor
                0x00000000080055cc        0xc ./USB_DEVICE/App/usbd_desc.o
                0x00000000080055cc                USBD_FS_DeviceDescriptor
 .text.USBD_FS_LangIDStrDescriptor
                0x00000000080055d8        0xc ./USB_DEVICE/App/usbd_desc.o
                0x00000000080055d8                USBD_FS_LangIDStrDescriptor
 .text.IntToUnicode
                0x00000000080055e4       0x2a ./USB_DEVICE/App/usbd_desc.o
 *fill*         0x000000000800560e        0x2 
 .text.USBD_FS_SerialStrDescriptor
                0x0000000008005610       0x3c ./USB_DEVICE/App/usbd_desc.o
                0x0000000008005610                USBD_FS_SerialStrDescriptor
 .text.USBD_FS_ManufacturerStrDescriptor
                0x000000000800564c       0x1c ./USB_DEVICE/App/usbd_desc.o
                0x000000000800564c                USBD_FS_ManufacturerStrDescriptor
 .text.USBD_FS_ProductStrDescriptor
                0x0000000008005668       0x1c ./USB_DEVICE/App/usbd_desc.o
                0x0000000008005668                USBD_FS_ProductStrDescriptor
 .text.USBD_FS_ConfigStrDescriptor
                0x0000000008005684       0x1c ./USB_DEVICE/App/usbd_desc.o
                0x0000000008005684                USBD_FS_ConfigStrDescriptor
 .text.USBD_FS_InterfaceStrDescriptor
                0x00000000080056a0       0x1c ./USB_DEVICE/App/usbd_desc.o
                0x00000000080056a0                USBD_FS_InterfaceStrDescriptor
 .text.USBD_Get_USB_Status
                0x00000000080056bc       0x10 ./USB_DEVICE/Target/usbd_conf.o
 .text.HAL_PCD_MspInit
                0x00000000080056cc       0x40 ./USB_DEVICE/Target/usbd_conf.o
                0x00000000080056cc                HAL_PCD_MspInit
 .text.HAL_PCD_SetupStageCallback
                0x000000000800570c        0xc ./USB_DEVICE/Target/usbd_conf.o
                0x000000000800570c                HAL_PCD_SetupStageCallback
 .text.HAL_PCD_DataOutStageCallback
                0x0000000008005718       0x12 ./USB_DEVICE/Target/usbd_conf.o
                0x0000000008005718                HAL_PCD_DataOutStageCallback
 .text.HAL_PCD_DataInStageCallback
                0x000000000800572a       0x10 ./USB_DEVICE/Target/usbd_conf.o
                0x000000000800572a                HAL_PCD_DataInStageCallback
 .text.HAL_PCD_SOFCallback
                0x000000000800573a        0x8 ./USB_DEVICE/Target/usbd_conf.o
                0x000000000800573a                HAL_PCD_SOFCallback
 .text.HAL_PCD_ResetCallback
                0x0000000008005742       0x24 ./USB_DEVICE/Target/usbd_conf.o
                0x0000000008005742                HAL_PCD_ResetCallback
 *fill*         0x0000000008005766        0x2 
 .text.HAL_PCD_SuspendCallback
                0x0000000008005768       0x20 ./USB_DEVICE/Target/usbd_conf.o
                0x0000000008005768                HAL_PCD_SuspendCallback
 .text.HAL_PCD_ResumeCallback
                0x0000000008005788        0x8 ./USB_DEVICE/Target/usbd_conf.o
                0x0000000008005788                HAL_PCD_ResumeCallback
 .text.USBD_LL_Init
                0x0000000008005790       0x84 ./USB_DEVICE/Target/usbd_conf.o
                0x0000000008005790                USBD_LL_Init
 .text.USBD_LL_Start
                0x0000000008005814       0x12 ./USB_DEVICE/Target/usbd_conf.o
                0x0000000008005814                USBD_LL_Start
 .text.USBD_LL_OpenEP
                0x0000000008005826       0x18 ./USB_DEVICE/Target/usbd_conf.o
                0x0000000008005826                USBD_LL_OpenEP
 .text.USBD_LL_CloseEP
                0x000000000800583e       0x12 ./USB_DEVICE/Target/usbd_conf.o
                0x000000000800583e                USBD_LL_CloseEP
 .text.USBD_LL_StallEP
                0x0000000008005850       0x12 ./USB_DEVICE/Target/usbd_conf.o
                0x0000000008005850                USBD_LL_StallEP
 .text.USBD_LL_ClearStallEP
                0x0000000008005862       0x12 ./USB_DEVICE/Target/usbd_conf.o
                0x0000000008005862                USBD_LL_ClearStallEP
 .text.USBD_LL_IsStallEP
                0x0000000008005874       0x24 ./USB_DEVICE/Target/usbd_conf.o
                0x0000000008005874                USBD_LL_IsStallEP
 .text.USBD_LL_SetUSBAddress
                0x0000000008005898       0x12 ./USB_DEVICE/Target/usbd_conf.o
                0x0000000008005898                USBD_LL_SetUSBAddress
 .text.USBD_LL_Transmit
                0x00000000080058aa       0x12 ./USB_DEVICE/Target/usbd_conf.o
                0x00000000080058aa                USBD_LL_Transmit
 .text.USBD_LL_PrepareReceive
                0x00000000080058bc       0x12 ./USB_DEVICE/Target/usbd_conf.o
                0x00000000080058bc                USBD_LL_PrepareReceive
 .text.USBD_LL_GetRxDataSize
                0x00000000080058ce        0x8 ./USB_DEVICE/Target/usbd_conf.o
                0x00000000080058ce                USBD_LL_GetRxDataSize
 *fill*         0x00000000080058d6        0x2 
 .text.USBD_static_malloc
                0x00000000080058d8        0x8 ./USB_DEVICE/Target/usbd_conf.o
                0x00000000080058d8                USBD_static_malloc
 .text.USBD_static_free
                0x00000000080058e0        0x2 ./USB_DEVICE/Target/usbd_conf.o
                0x00000000080058e0                USBD_static_free
 .text.HAL_PCDEx_SetConnectionState
                0x00000000080058e2        0x2 ./USB_DEVICE/Target/usbd_conf.o
                0x00000000080058e2                HAL_PCDEx_SetConnectionState
 .text._ZdlPvj  0x00000000080058e4        0x4 d:/st/stm32cubeide_1.10.0/stm32cubeide/plugins/com.st.stm32cube.ide.mcu.externaltools.gnu-tools-for-stm32.10.3-2021.10.win32_1.0.0.202111181127/tools/bin/../lib/gcc/arm-none-eabi/10.3.1/../../../../arm-none-eabi/lib/thumb/v7-m/nofp\libstdc++_nano.a(del_ops.o)
                0x00000000080058e4                operator delete(void*, unsigned int)
 .text._Znwj    0x00000000080058e8       0x22 d:/st/stm32cubeide_1.10.0/stm32cubeide/plugins/com.st.stm32cube.ide.mcu.externaltools.gnu-tools-for-stm32.10.3-2021.10.win32_1.0.0.202111181127/tools/bin/../lib/gcc/arm-none-eabi/10.3.1/../../../../arm-none-eabi/lib/thumb/v7-m/nofp\libstdc++_nano.a(new_op.o)
                0x00000000080058e8                operator new(unsigned int)
 .text.unlikely._ZSt17__throw_bad_allocv
                0x000000000800590a        0x6 d:/st/stm32cubeide_1.10.0/stm32cubeide/plugins/com.st.stm32cube.ide.mcu.externaltools.gnu-tools-for-stm32.10.3-2021.10.win32_1.0.0.202111181127/tools/bin/../lib/gcc/arm-none-eabi/10.3.1/../../../../arm-none-eabi/lib/thumb/v7-m/nofp\libstdc++_nano.a(functexcept.o)
                0x000000000800590a                std::__throw_bad_alloc()
 .text.unlikely._ZSt19__throw_logic_errorPKc
                0x0000000008005910        0x6 d:/st/stm32cubeide_1.10.0/stm32cubeide/plugins/com.st.stm32cube.ide.mcu.externaltools.gnu-tools-for-stm32.10.3-2021.10.win32_1.0.0.202111181127/tools/bin/../lib/gcc/arm-none-eabi/10.3.1/../../../../arm-none-eabi/lib/thumb/v7-m/nofp\libstdc++_nano.a(functexcept.o)
                0x0000000008005910                std::__throw_logic_error(char const*)
 .text.unlikely._ZSt20__throw_length_errorPKc
                0x0000000008005916        0x6 d:/st/stm32cubeide_1.10.0/stm32cubeide/plugins/com.st.stm32cube.ide.mcu.externaltools.gnu-tools-for-stm32.10.3-2021.10.win32_1.0.0.202111181127/tools/bin/../lib/gcc/arm-none-eabi/10.3.1/../../../../arm-none-eabi/lib/thumb/v7-m/nofp\libstdc++_nano.a(functexcept.o)
                0x0000000008005916                std::__throw_length_error(char const*)
 .text._ZdlPv   0x000000000800591c        0x4 d:/st/stm32cubeide_1.10.0/stm32cubeide/plugins/com.st.stm32cube.ide.mcu.externaltools.gnu-tools-for-stm32.10.3-2021.10.win32_1.0.0.202111181127/tools/bin/../lib/gcc/arm-none-eabi/10.3.1/../../../../arm-none-eabi/lib/thumb/v7-m/nofp\libstdc++_nano.a(del_op.o)
                0x000000000800591c                operator delete(void*)
 .text._ZSt15get_new_handlerv
                0x0000000008005920       0x10 d:/st/stm32cubeide_1.10.0/stm32cubeide/plugins/com.st.stm32cube.ide.mcu.externaltools.gnu-tools-for-stm32.10.3-2021.10.win32_1.0.0.202111181127/tools/bin/../lib/gcc/arm-none-eabi/10.3.1/../../../../arm-none-eabi/lib/thumb/v7-m/nofp\libstdc++_nano.a(new_handler.o)
                0x0000000008005920                std::get_new_handler()
 .text.abort    0x0000000008005930        0xe d:/st/stm32cubeide_1.10.0/stm32cubeide/plugins/com.st.stm32cube.ide.mcu.externaltools.gnu-tools-for-stm32.10.3-2021.10.win32_1.0.0.202111181127/tools/bin/../lib/gcc/arm-none-eabi/10.3.1/../../../../arm-none-eabi/lib/thumb/v7-m/nofp\libc_nano.a(lib_a-abort.o)
                0x0000000008005930                abort
 *fill*         0x000000000800593e        0x2 
 .text.__assert_func
                0x0000000008005940       0x3c d:/st/stm32cubeide_1.10.0/stm32cubeide/plugins/com.st.stm32cube.ide.mcu.externaltools.gnu-tools-for-stm32.10.3-2021.10.win32_1.0.0.202111181127/tools/bin/../lib/gcc/arm-none-eabi/10.3.1/../../../../arm-none-eabi/lib/thumb/v7-m/nofp\libc_nano.a(lib_a-assert.o)
                0x0000000008005940                __assert_func
 .text.__errno  0x000000000800597c        0xc d:/st/stm32cubeide_1.10.0/stm32cubeide/plugins/com.st.stm32cube.ide.mcu.externaltools.gnu-tools-for-stm32.10.3-2021.10.win32_1.0.0.202111181127/tools/bin/../lib/gcc/arm-none-eabi/10.3.1/../../../../arm-none-eabi/lib/thumb/v7-m/nofp\libc_nano.a(lib_a-errno.o)
                0x000000000800597c                __errno
 .text.fprintf  0x0000000008005988       0x24 d:/st/stm32cubeide_1.10.0/stm32cubeide/plugins/com.st.stm32cube.ide.mcu.externaltools.gnu-tools-for-stm32.10.3-2021.10.win32_1.0.0.202111181127/tools/bin/../lib/gcc/arm-none-eabi/10.3.1/../../../../arm-none-eabi/lib/thumb/v7-m/nofp\libc_nano.a(lib_a-fprintf.o)
                0x0000000008005988                fiprintf
                0x0000000008005988                fprintf
 .text.__libc_init_array
                0x00000000080059ac       0x48 d:/st/stm32cubeide_1.10.0/stm32cubeide/plugins/com.st.stm32cube.ide.mcu.externaltools.gnu-tools-for-stm32.10.3-2021.10.win32_1.0.0.202111181127/tools/bin/../lib/gcc/arm-none-eabi/10.3.1/../../../../arm-none-eabi/lib/thumb/v7-m/nofp\libc_nano.a(lib_a-init.o)
                0x00000000080059ac                __libc_init_array
 .text.malloc   0x00000000080059f4       0x10 d:/st/stm32cubeide_1.10.0/stm32cubeide/plugins/com.st.stm32cube.ide.mcu.externaltools.gnu-tools-for-stm32.10.3-2021.10.win32_1.0.0.202111181127/tools/bin/../lib/gcc/arm-none-eabi/10.3.1/../../../../arm-none-eabi/lib/thumb/v7-m/nofp\libc_nano.a(lib_a-malloc.o)
                0x00000000080059f4                malloc
 .text.free     0x0000000008005a04       0x10 d:/st/stm32cubeide_1.10.0/stm32cubeide/plugins/com.st.stm32cube.ide.mcu.externaltools.gnu-tools-for-stm32.10.3-2021.10.win32_1.0.0.202111181127/tools/bin/../lib/gcc/arm-none-eabi/10.3.1/../../../../arm-none-eabi/lib/thumb/v7-m/nofp\libc_nano.a(lib_a-malloc.o)
                0x0000000008005a04                free
 .text.memcmp   0x0000000008005a14       0x20 d:/st/stm32cubeide_1.10.0/stm32cubeide/plugins/com.st.stm32cube.ide.mcu.externaltools.gnu-tools-for-stm32.10.3-2021.10.win32_1.0.0.202111181127/tools/bin/../lib/gcc/arm-none-eabi/10.3.1/../../../../arm-none-eabi/lib/thumb/v7-m/nofp\libc_nano.a(lib_a-memcmp.o)
                0x0000000008005a14                memcmp
 .text.memcpy   0x0000000008005a34       0x1c d:/st/stm32cubeide_1.10.0/stm32cubeide/plugins/com.st.stm32cube.ide.mcu.externaltools.gnu-tools-for-stm32.10.3-2021.10.win32_1.0.0.202111181127/tools/bin/../lib/gcc/arm-none-eabi/10.3.1/../../../../arm-none-eabi/lib/thumb/v7-m/nofp\libc_nano.a(lib_a-memcpy-stub.o)
                0x0000000008005a34                memcpy
 .text.memset   0x0000000008005a50       0x10 d:/st/stm32cubeide_1.10.0/stm32cubeide/plugins/com.st.stm32cube.ide.mcu.externaltools.gnu-tools-for-stm32.10.3-2021.10.win32_1.0.0.202111181127/tools/bin/../lib/gcc/arm-none-eabi/10.3.1/../../../../arm-none-eabi/lib/thumb/v7-m/nofp\libc_nano.a(lib_a-memset.o)
                0x0000000008005a50                memset
 .text._free_r  0x0000000008005a60       0x90 d:/st/stm32cubeide_1.10.0/stm32cubeide/plugins/com.st.stm32cube.ide.mcu.externaltools.gnu-tools-for-stm32.10.3-2021.10.win32_1.0.0.202111181127/tools/bin/../lib/gcc/arm-none-eabi/10.3.1/../../../../arm-none-eabi/lib/thumb/v7-m/nofp\libc_nano.a(lib_a-nano-freer.o)
                0x0000000008005a60                _free_r
 .text.sbrk_aligned
                0x0000000008005af0       0x40 d:/st/stm32cubeide_1.10.0/stm32cubeide/plugins/com.st.stm32cube.ide.mcu.externaltools.gnu-tools-for-stm32.10.3-2021.10.win32_1.0.0.202111181127/tools/bin/../lib/gcc/arm-none-eabi/10.3.1/../../../../arm-none-eabi/lib/thumb/v7-m/nofp\libc_nano.a(lib_a-nano-mallocr.o)
 .text._malloc_r
                0x0000000008005b30       0xe8 d:/st/stm32cubeide_1.10.0/stm32cubeide/plugins/com.st.stm32cube.ide.mcu.externaltools.gnu-tools-for-stm32.10.3-2021.10.win32_1.0.0.202111181127/tools/bin/../lib/gcc/arm-none-eabi/10.3.1/../../../../arm-none-eabi/lib/thumb/v7-m/nofp\libc_nano.a(lib_a-nano-mallocr.o)
                0x0000000008005b30                _malloc_r
 .text.__sfputc_r
                0x0000000008005c18       0x2a d:/st/stm32cubeide_1.10.0/stm32cubeide/plugins/com.st.stm32cube.ide.mcu.externaltools.gnu-tools-for-stm32.10.3-2021.10.win32_1.0.0.202111181127/tools/bin/../lib/gcc/arm-none-eabi/10.3.1/../../../../arm-none-eabi/lib/thumb/v7-m/nofp\libc_nano.a(lib_a-nano-vfprintf.o)
 .text.__sfputs_r
                0x0000000008005c42       0x24 d:/st/stm32cubeide_1.10.0/stm32cubeide/plugins/com.st.stm32cube.ide.mcu.externaltools.gnu-tools-for-stm32.10.3-2021.10.win32_1.0.0.202111181127/tools/bin/../lib/gcc/arm-none-eabi/10.3.1/../../../../arm-none-eabi/lib/thumb/v7-m/nofp\libc_nano.a(lib_a-nano-vfprintf.o)
                0x0000000008005c42                __sfputs_r
 *fill*         0x0000000008005c66        0x2 
 .text._vfprintf_r
                0x0000000008005c68      0x260 d:/st/stm32cubeide_1.10.0/stm32cubeide/plugins/com.st.stm32cube.ide.mcu.externaltools.gnu-tools-for-stm32.10.3-2021.10.win32_1.0.0.202111181127/tools/bin/../lib/gcc/arm-none-eabi/10.3.1/../../../../arm-none-eabi/lib/thumb/v7-m/nofp\libc_nano.a(lib_a-nano-vfprintf.o)
                0x0000000008005c68                _vfprintf_r
                0x0000000008005c68                _vfiprintf_r
 .text._printf_common
                0x0000000008005ec8       0xde d:/st/stm32cubeide_1.10.0/stm32cubeide/plugins/com.st.stm32cube.ide.mcu.externaltools.gnu-tools-for-stm32.10.3-2021.10.win32_1.0.0.202111181127/tools/bin/../lib/gcc/arm-none-eabi/10.3.1/../../../../arm-none-eabi/lib/thumb/v7-m/nofp\libc_nano.a(lib_a-nano-vfprintf_i.o)
                0x0000000008005ec8                _printf_common
 *fill*         0x0000000008005fa6        0x2 
 .text._printf_i
                0x0000000008005fa8      0x24c d:/st/stm32cubeide_1.10.0/stm32cubeide/plugins/com.st.stm32cube.ide.mcu.externaltools.gnu-tools-for-stm32.10.3-2021.10.win32_1.0.0.202111181127/tools/bin/../lib/gcc/arm-none-eabi/10.3.1/../../../../arm-none-eabi/lib/thumb/v7-m/nofp\libc_nano.a(lib_a-nano-vfprintf_i.o)
                0x0000000008005fa8                _printf_i
 .text._sbrk_r  0x00000000080061f4       0x20 d:/st/stm32cubeide_1.10.0/stm32cubeide/plugins/com.st.stm32cube.ide.mcu.externaltools.gnu-tools-for-stm32.10.3-2021.10.win32_1.0.0.202111181127/tools/bin/../lib/gcc/arm-none-eabi/10.3.1/../../../../arm-none-eabi/lib/thumb/v7-m/nofp\libc_nano.a(lib_a-sbrkr.o)
                0x00000000080061f4                _sbrk_r
 .text._raise_r
                0x0000000008006214       0x50 d:/st/stm32cubeide_1.10.0/stm32cubeide/plugins/com.st.stm32cube.ide.mcu.externaltools.gnu-tools-for-stm32.10.3-2021.10.win32_1.0.0.202111181127/tools/bin/../lib/gcc/arm-none-eabi/10.3.1/../../../../arm-none-eabi/lib/thumb/v7-m/nofp\libc_nano.a(lib_a-signal.o)
                0x0000000008006214                _raise_r
 .text.raise    0x0000000008006264       0x10 d:/st/stm32cubeide_1.10.0/stm32cubeide/plugins/com.st.stm32cube.ide.mcu.externaltools.gnu-tools-for-stm32.10.3-2021.10.win32_1.0.0.202111181127/tools/bin/../lib/gcc/arm-none-eabi/10.3.1/../../../../arm-none-eabi/lib/thumb/v7-m/nofp\libc_nano.a(lib_a-signal.o)
                0x0000000008006264                raise
 .text._kill_r  0x0000000008006274       0x24 d:/st/stm32cubeide_1.10.0/stm32cubeide/plugins/com.st.stm32cube.ide.mcu.externaltools.gnu-tools-for-stm32.10.3-2021.10.win32_1.0.0.202111181127/tools/bin/../lib/gcc/arm-none-eabi/10.3.1/../../../../arm-none-eabi/lib/thumb/v7-m/nofp\libc_nano.a(lib_a-signalr.o)
                0x0000000008006274                _kill_r
 .text._getpid_r
                0x0000000008006298        0x4 d:/st/stm32cubeide_1.10.0/stm32cubeide/plugins/com.st.stm32cube.ide.mcu.externaltools.gnu-tools-for-stm32.10.3-2021.10.win32_1.0.0.202111181127/tools/bin/../lib/gcc/arm-none-eabi/10.3.1/../../../../arm-none-eabi/lib/thumb/v7-m/nofp\libc_nano.a(lib_a-signalr.o)
                0x0000000008006298                _getpid_r
 .text._vsnprintf_r
                0x000000000800629c       0x56 d:/st/stm32cubeide_1.10.0/stm32cubeide/plugins/com.st.stm32cube.ide.mcu.externaltools.gnu-tools-for-stm32.10.3-2021.10.win32_1.0.0.202111181127/tools/bin/../lib/gcc/arm-none-eabi/10.3.1/../../../../arm-none-eabi/lib/thumb/v7-m/nofp\libc_nano.a(lib_a-vsnprintf.o)
                0x000000000800629c                _vsniprintf_r
                0x000000000800629c                _vsnprintf_r
 *fill*         0x00000000080062f2        0x2 
 .text.vsnprintf
                0x00000000080062f4       0x1c d:/st/stm32cubeide_1.10.0/stm32cubeide/plugins/com.st.stm32cube.ide.mcu.externaltools.gnu-tools-for-stm32.10.3-2021.10.win32_1.0.0.202111181127/tools/bin/../lib/gcc/arm-none-eabi/10.3.1/../../../../arm-none-eabi/lib/thumb/v7-m/nofp\libc_nano.a(lib_a-vsnprintf.o)
                0x00000000080062f4                vsniprintf
                0x00000000080062f4                vsnprintf
 .text.__swbuf_r
                0x0000000008006310       0xa4 d:/st/stm32cubeide_1.10.0/stm32cubeide/plugins/com.st.stm32cube.ide.mcu.externaltools.gnu-tools-for-stm32.10.3-2021.10.win32_1.0.0.202111181127/tools/bin/../lib/gcc/arm-none-eabi/10.3.1/../../../../arm-none-eabi/lib/thumb/v7-m/nofp\libc_nano.a(lib_a-wbuf.o)
                0x0000000008006310                __swbuf_r
 .text._write_r
                0x00000000080063b4       0x24 d:/st/stm32cubeide_1.10.0/stm32cubeide/plugins/com.st.stm32cube.ide.mcu.externaltools.gnu-tools-for-stm32.10.3-2021.10.win32_1.0.0.202111181127/tools/bin/../lib/gcc/arm-none-eabi/10.3.1/../../../../arm-none-eabi/lib/thumb/v7-m/nofp\libc_nano.a(lib_a-writer.o)
                0x00000000080063b4                _write_r
 .text.__swsetup_r
                0x00000000080063d8       0xdc d:/st/stm32cubeide_1.10.0/stm32cubeide/plugins/com.st.stm32cube.ide.mcu.externaltools.gnu-tools-for-stm32.10.3-2021.10.win32_1.0.0.202111181127/tools/bin/../lib/gcc/arm-none-eabi/10.3.1/../../../../arm-none-eabi/lib/thumb/v7-m/nofp\libc_nano.a(lib_a-wsetup.o)
                0x00000000080063d8                __swsetup_r
 .text.__sflush_r
                0x00000000080064b4      0x104 d:/st/stm32cubeide_1.10.0/stm32cubeide/plugins/com.st.stm32cube.ide.mcu.externaltools.gnu-tools-for-stm32.10.3-2021.10.win32_1.0.0.202111181127/tools/bin/../lib/gcc/arm-none-eabi/10.3.1/../../../../arm-none-eabi/lib/thumb/v7-m/nofp\libc_nano.a(lib_a-fflush.o)
                0x00000000080064b4                __sflush_r
 .text._fflush_r
                0x00000000080065b8       0x78 d:/st/stm32cubeide_1.10.0/stm32cubeide/plugins/com.st.stm32cube.ide.mcu.externaltools.gnu-tools-for-stm32.10.3-2021.10.win32_1.0.0.202111181127/tools/bin/../lib/gcc/arm-none-eabi/10.3.1/../../../../arm-none-eabi/lib/thumb/v7-m/nofp\libc_nano.a(lib_a-fflush.o)
                0x00000000080065b8                _fflush_r
 .text.std      0x0000000008006630       0x48 d:/st/stm32cubeide_1.10.0/stm32cubeide/plugins/com.st.stm32cube.ide.mcu.externaltools.gnu-tools-for-stm32.10.3-2021.10.win32_1.0.0.202111181127/tools/bin/../lib/gcc/arm-none-eabi/10.3.1/../../../../arm-none-eabi/lib/thumb/v7-m/nofp\libc_nano.a(lib_a-findfp.o)
 .text._cleanup_r
                0x0000000008006678        0xc d:/st/stm32cubeide_1.10.0/stm32cubeide/plugins/com.st.stm32cube.ide.mcu.externaltools.gnu-tools-for-stm32.10.3-2021.10.win32_1.0.0.202111181127/tools/bin/../lib/gcc/arm-none-eabi/10.3.1/../../../../arm-none-eabi/lib/thumb/v7-m/nofp\libc_nano.a(lib_a-findfp.o)
                0x0000000008006678                _cleanup_r
 .text.__sfmoreglue
                0x0000000008006684       0x2c d:/st/stm32cubeide_1.10.0/stm32cubeide/plugins/com.st.stm32cube.ide.mcu.externaltools.gnu-tools-for-stm32.10.3-2021.10.win32_1.0.0.202111181127/tools/bin/../lib/gcc/arm-none-eabi/10.3.1/../../../../arm-none-eabi/lib/thumb/v7-m/nofp\libc_nano.a(lib_a-findfp.o)
                0x0000000008006684                __sfmoreglue
 .text.__sfp_lock_acquire
                0x00000000080066b0        0xc d:/st/stm32cubeide_1.10.0/stm32cubeide/plugins/com.st.stm32cube.ide.mcu.externaltools.gnu-tools-for-stm32.10.3-2021.10.win32_1.0.0.202111181127/tools/bin/../lib/gcc/arm-none-eabi/10.3.1/../../../../arm-none-eabi/lib/thumb/v7-m/nofp\libc_nano.a(lib_a-findfp.o)
                0x00000000080066b0                __sfp_lock_acquire
 .text.__sfp_lock_release
                0x00000000080066bc        0xc d:/st/stm32cubeide_1.10.0/stm32cubeide/plugins/com.st.stm32cube.ide.mcu.externaltools.gnu-tools-for-stm32.10.3-2021.10.win32_1.0.0.202111181127/tools/bin/../lib/gcc/arm-none-eabi/10.3.1/../../../../arm-none-eabi/lib/thumb/v7-m/nofp\libc_nano.a(lib_a-findfp.o)
                0x00000000080066bc                __sfp_lock_release
 .text.__sinit_lock_acquire
                0x00000000080066c8        0xc d:/st/stm32cubeide_1.10.0/stm32cubeide/plugins/com.st.stm32cube.ide.mcu.externaltools.gnu-tools-for-stm32.10.3-2021.10.win32_1.0.0.202111181127/tools/bin/../lib/gcc/arm-none-eabi/10.3.1/../../../../arm-none-eabi/lib/thumb/v7-m/nofp\libc_nano.a(lib_a-findfp.o)
                0x00000000080066c8                __sinit_lock_acquire
 .text.__sinit_lock_release
                0x00000000080066d4        0xc d:/st/stm32cubeide_1.10.0/stm32cubeide/plugins/com.st.stm32cube.ide.mcu.externaltools.gnu-tools-for-stm32.10.3-2021.10.win32_1.0.0.202111181127/tools/bin/../lib/gcc/arm-none-eabi/10.3.1/../../../../arm-none-eabi/lib/thumb/v7-m/nofp\libc_nano.a(lib_a-findfp.o)
                0x00000000080066d4                __sinit_lock_release
 .text.__sinit  0x00000000080066e0       0x70 d:/st/stm32cubeide_1.10.0/stm32cubeide/plugins/com.st.stm32cube.ide.mcu.externaltools.gnu-tools-for-stm32.10.3-2021.10.win32_1.0.0.202111181127/tools/bin/../lib/gcc/arm-none-eabi/10.3.1/../../../../arm-none-eabi/lib/thumb/v7-m/nofp\libc_nano.a(lib_a-findfp.o)
                0x00000000080066e0                __sinit
 .text.__sfp    0x0000000008006750       0x8c d:/st/stm32cubeide_1.10.0/stm32cubeide/plugins/com.st.stm32cube.ide.mcu.externaltools.gnu-tools-for-stm32.10.3-2021.10.win32_1.0.0.202111181127/tools/bin/../lib/gcc/arm-none-eabi/10.3.1/../../../../arm-none-eabi/lib/thumb/v7-m/nofp\libc_nano.a(lib_a-findfp.o)
                0x0000000008006750                __sfp
 .text._fwalk_reent
                0x00000000080067dc       0x3e d:/st/stm32cubeide_1.10.0/stm32cubeide/plugins/com.st.stm32cube.ide.mcu.externaltools.gnu-tools-for-stm32.10.3-2021.10.win32_1.0.0.202111181127/tools/bin/../lib/gcc/arm-none-eabi/10.3.1/../../../../arm-none-eabi/lib/thumb/v7-m/nofp\libc_nano.a(lib_a-fwalk.o)
                0x00000000080067dc                _fwalk_reent
 .text.__retarget_lock_init_recursive
                0x000000000800681a        0x2 d:/st/stm32cubeide_1.10.0/stm32cubeide/plugins/com.st.stm32cube.ide.mcu.externaltools.gnu-tools-for-stm32.10.3-2021.10.win32_1.0.0.202111181127/tools/bin/../lib/gcc/arm-none-eabi/10.3.1/../../../../arm-none-eabi/lib/thumb/v7-m/nofp\libc_nano.a(lib_a-lock.o)
                0x000000000800681a                __retarget_lock_init_recursive
 .text.__retarget_lock_acquire_recursive
                0x000000000800681c        0x2 d:/st/stm32cubeide_1.10.0/stm32cubeide/plugins/com.st.stm32cube.ide.mcu.externaltools.gnu-tools-for-stm32.10.3-2021.10.win32_1.0.0.202111181127/tools/bin/../lib/gcc/arm-none-eabi/10.3.1/../../../../arm-none-eabi/lib/thumb/v7-m/nofp\libc_nano.a(lib_a-lock.o)
                0x000000000800681c                __retarget_lock_acquire_recursive
 .text.__retarget_lock_release_recursive
                0x000000000800681e        0x2 d:/st/stm32cubeide_1.10.0/stm32cubeide/plugins/com.st.stm32cube.ide.mcu.externaltools.gnu-tools-for-stm32.10.3-2021.10.win32_1.0.0.202111181127/tools/bin/../lib/gcc/arm-none-eabi/10.3.1/../../../../arm-none-eabi/lib/thumb/v7-m/nofp\libc_nano.a(lib_a-lock.o)
                0x000000000800681e                __retarget_lock_release_recursive
 .text.__swhatbuf_r
                0x0000000008006820       0x4a d:/st/stm32cubeide_1.10.0/stm32cubeide/plugins/com.st.stm32cube.ide.mcu.externaltools.gnu-tools-for-stm32.10.3-2021.10.win32_1.0.0.202111181127/tools/bin/../lib/gcc/arm-none-eabi/10.3.1/../../../../arm-none-eabi/lib/thumb/v7-m/nofp\libc_nano.a(lib_a-makebuf.o)
                0x0000000008006820                __swhatbuf_r
 *fill*         0x000000000800686a        0x2 
 .text.__smakebuf_r
                0x000000000800686c       0x80 d:/st/stm32cubeide_1.10.0/stm32cubeide/plugins/com.st.stm32cube.ide.mcu.externaltools.gnu-tools-for-stm32.10.3-2021.10.win32_1.0.0.202111181127/tools/bin/../lib/gcc/arm-none-eabi/10.3.1/../../../../arm-none-eabi/lib/thumb/v7-m/nofp\libc_nano.a(lib_a-makebuf.o)
                0x000000000800686c                __smakebuf_r
 .text.memchr   0x00000000080068ec       0x1c d:/st/stm32cubeide_1.10.0/stm32cubeide/plugins/com.st.stm32cube.ide.mcu.externaltools.gnu-tools-for-stm32.10.3-2021.10.win32_1.0.0.202111181127/tools/bin/../lib/gcc/arm-none-eabi/10.3.1/../../../../arm-none-eabi/lib/thumb/v7-m/nofp\libc_nano.a(lib_a-memchr-stub.o)
                0x00000000080068ec                memchr
 .text.memmove  0x0000000008006908       0x34 d:/st/stm32cubeide_1.10.0/stm32cubeide/plugins/com.st.stm32cube.ide.mcu.externaltools.gnu-tools-for-stm32.10.3-2021.10.win32_1.0.0.202111181127/tools/bin/../lib/gcc/arm-none-eabi/10.3.1/../../../../arm-none-eabi/lib/thumb/v7-m/nofp\libc_nano.a(lib_a-memmove.o)
                0x0000000008006908                memmove
 .text.__malloc_lock
                0x000000000800693c        0xc d:/st/stm32cubeide_1.10.0/stm32cubeide/plugins/com.st.stm32cube.ide.mcu.externaltools.gnu-tools-for-stm32.10.3-2021.10.win32_1.0.0.202111181127/tools/bin/../lib/gcc/arm-none-eabi/10.3.1/../../../../arm-none-eabi/lib/thumb/v7-m/nofp\libc_nano.a(lib_a-mlock.o)
                0x000000000800693c                __malloc_lock
 .text.__malloc_unlock
                0x0000000008006948        0xc d:/st/stm32cubeide_1.10.0/stm32cubeide/plugins/com.st.stm32cube.ide.mcu.externaltools.gnu-tools-for-stm32.10.3-2021.10.win32_1.0.0.202111181127/tools/bin/../lib/gcc/arm-none-eabi/10.3.1/../../../../arm-none-eabi/lib/thumb/v7-m/nofp\libc_nano.a(lib_a-mlock.o)
                0x0000000008006948                __malloc_unlock
 .text._realloc_r
                0x0000000008006954       0x5e d:/st/stm32cubeide_1.10.0/stm32cubeide/plugins/com.st.stm32cube.ide.mcu.externaltools.gnu-tools-for-stm32.10.3-2021.10.win32_1.0.0.202111181127/tools/bin/../lib/gcc/arm-none-eabi/10.3.1/../../../../arm-none-eabi/lib/thumb/v7-m/nofp\libc_nano.a(lib_a-nano-reallocr.o)
                0x0000000008006954                _realloc_r
 .text.__ssputs_r
                0x00000000080069b2       0xb6 d:/st/stm32cubeide_1.10.0/stm32cubeide/plugins/com.st.stm32cube.ide.mcu.externaltools.gnu-tools-for-stm32.10.3-2021.10.win32_1.0.0.202111181127/tools/bin/../lib/gcc/arm-none-eabi/10.3.1/../../../../arm-none-eabi/lib/thumb/v7-m/nofp\libc_nano.a(lib_a-nano-svfprintf.o)
                0x00000000080069b2                __ssputs_r
 .text._svfprintf_r
                0x0000000008006a68      0x200 d:/st/stm32cubeide_1.10.0/stm32cubeide/plugins/com.st.stm32cube.ide.mcu.externaltools.gnu-tools-for-stm32.10.3-2021.10.win32_1.0.0.202111181127/tools/bin/../lib/gcc/arm-none-eabi/10.3.1/../../../../arm-none-eabi/lib/thumb/v7-m/nofp\libc_nano.a(lib_a-nano-svfprintf.o)
                0x0000000008006a68                _svfiprintf_r
                0x0000000008006a68                _svfprintf_r
 .text._read_r  0x0000000008006c68       0x24 d:/st/stm32cubeide_1.10.0/stm32cubeide/plugins/com.st.stm32cube.ide.mcu.externaltools.gnu-tools-for-stm32.10.3-2021.10.win32_1.0.0.202111181127/tools/bin/../lib/gcc/arm-none-eabi/10.3.1/../../../../arm-none-eabi/lib/thumb/v7-m/nofp\libc_nano.a(lib_a-readr.o)
                0x0000000008006c68                _read_r
 .text.__sread  0x0000000008006c8c       0x22 d:/st/stm32cubeide_1.10.0/stm32cubeide/plugins/com.st.stm32cube.ide.mcu.externaltools.gnu-tools-for-stm32.10.3-2021.10.win32_1.0.0.202111181127/tools/bin/../lib/gcc/arm-none-eabi/10.3.1/../../../../arm-none-eabi/lib/thumb/v7-m/nofp\libc_nano.a(lib_a-stdio.o)
                0x0000000008006c8c                __sread
 .text.__swrite
                0x0000000008006cae       0x38 d:/st/stm32cubeide_1.10.0/stm32cubeide/plugins/com.st.stm32cube.ide.mcu.externaltools.gnu-tools-for-stm32.10.3-2021.10.win32_1.0.0.202111181127/tools/bin/../lib/gcc/arm-none-eabi/10.3.1/../../../../arm-none-eabi/lib/thumb/v7-m/nofp\libc_nano.a(lib_a-stdio.o)
                0x0000000008006cae                __swrite
 .text.__sseek  0x0000000008006ce6       0x24 d:/st/stm32cubeide_1.10.0/stm32cubeide/plugins/com.st.stm32cube.ide.mcu.externaltools.gnu-tools-for-stm32.10.3-2021.10.win32_1.0.0.202111181127/tools/bin/../lib/gcc/arm-none-eabi/10.3.1/../../../../arm-none-eabi/lib/thumb/v7-m/nofp\libc_nano.a(lib_a-stdio.o)
                0x0000000008006ce6                __sseek
 .text.__sclose
                0x0000000008006d0a        0x8 d:/st/stm32cubeide_1.10.0/stm32cubeide/plugins/com.st.stm32cube.ide.mcu.externaltools.gnu-tools-for-stm32.10.3-2021.10.win32_1.0.0.202111181127/tools/bin/../lib/gcc/arm-none-eabi/10.3.1/../../../../arm-none-eabi/lib/thumb/v7-m/nofp\libc_nano.a(lib_a-stdio.o)
                0x0000000008006d0a                __sclose
 *fill*         0x0000000008006d12        0x2 
 .text._close_r
                0x0000000008006d14       0x20 d:/st/stm32cubeide_1.10.0/stm32cubeide/plugins/com.st.stm32cube.ide.mcu.externaltools.gnu-tools-for-stm32.10.3-2021.10.win32_1.0.0.202111181127/tools/bin/../lib/gcc/arm-none-eabi/10.3.1/../../../../arm-none-eabi/lib/thumb/v7-m/nofp\libc_nano.a(lib_a-closer.o)
                0x0000000008006d14                _close_r
 .text._fstat_r
                0x0000000008006d34       0x24 d:/st/stm32cubeide_1.10.0/stm32cubeide/plugins/com.st.stm32cube.ide.mcu.externaltools.gnu-tools-for-stm32.10.3-2021.10.win32_1.0.0.202111181127/tools/bin/../lib/gcc/arm-none-eabi/10.3.1/../../../../arm-none-eabi/lib/thumb/v7-m/nofp\libc_nano.a(lib_a-fstatr.o)
                0x0000000008006d34                _fstat_r
 .text._isatty_r
                0x0000000008006d58       0x20 d:/st/stm32cubeide_1.10.0/stm32cubeide/plugins/com.st.stm32cube.ide.mcu.externaltools.gnu-tools-for-stm32.10.3-2021.10.win32_1.0.0.202111181127/tools/bin/../lib/gcc/arm-none-eabi/10.3.1/../../../../arm-none-eabi/lib/thumb/v7-m/nofp\libc_nano.a(lib_a-isattyr.o)
                0x0000000008006d58                _isatty_r
 .text._lseek_r
                0x0000000008006d78       0x24 d:/st/stm32cubeide_1.10.0/stm32cubeide/plugins/com.st.stm32cube.ide.mcu.externaltools.gnu-tools-for-stm32.10.3-2021.10.win32_1.0.0.202111181127/tools/bin/../lib/gcc/arm-none-eabi/10.3.1/../../../../arm-none-eabi/lib/thumb/v7-m/nofp\libc_nano.a(lib_a-lseekr.o)
                0x0000000008006d78                _lseek_r
 .text._malloc_usable_size_r
                0x0000000008006d9c       0x10 d:/st/stm32cubeide_1.10.0/stm32cubeide/plugins/com.st.stm32cube.ide.mcu.externaltools.gnu-tools-for-stm32.10.3-2021.10.win32_1.0.0.202111181127/tools/bin/../lib/gcc/arm-none-eabi/10.3.1/../../../../arm-none-eabi/lib/thumb/v7-m/nofp\libc_nano.a(lib_a-nano-msizer.o)
                0x0000000008006d9c                _malloc_usable_size_r
 *(.glue_7)
 .glue_7        0x0000000008006dac        0x0 linker stubs
 *(.glue_7t)
 .glue_7t       0x0000000008006dac        0x0 linker stubs
 *(.eh_frame)
 .eh_frame      0x0000000008006dac        0x0 d:/st/stm32cubeide_1.10.0/stm32cubeide/plugins/com.st.stm32cube.ide.mcu.externaltools.gnu-tools-for-stm32.10.3-2021.10.win32_1.0.0.202111181127/tools/bin/../lib/gcc/arm-none-eabi/10.3.1/thumb/v7-m/nofp/crtbegin.o
 *(.init)
 .init          0x0000000008006dac        0x4 d:/st/stm32cubeide_1.10.0/stm32cubeide/plugins/com.st.stm32cube.ide.mcu.externaltools.gnu-tools-for-stm32.10.3-2021.10.win32_1.0.0.202111181127/tools/bin/../lib/gcc/arm-none-eabi/10.3.1/thumb/v7-m/nofp/crti.o
                0x0000000008006dac                _init
 .init          0x0000000008006db0        0x8 d:/st/stm32cubeide_1.10.0/stm32cubeide/plugins/com.st.stm32cube.ide.mcu.externaltools.gnu-tools-for-stm32.10.3-2021.10.win32_1.0.0.202111181127/tools/bin/../lib/gcc/arm-none-eabi/10.3.1/thumb/v7-m/nofp/crtn.o
 *(.fini)
 .fini          0x0000000008006db8        0x4 d:/st/stm32cubeide_1.10.0/stm32cubeide/plugins/com.st.stm32cube.ide.mcu.externaltools.gnu-tools-for-stm32.10.3-2021.10.win32_1.0.0.202111181127/tools/bin/../lib/gcc/arm-none-eabi/10.3.1/thumb/v7-m/nofp/crti.o
                0x0000000008006db8                _fini
 .fini          0x0000000008006dbc        0x8 d:/st/stm32cubeide_1.10.0/stm32cubeide/plugins/com.st.stm32cube.ide.mcu.externaltools.gnu-tools-for-stm32.10.3-2021.10.win32_1.0.0.202111181127/tools/bin/../lib/gcc/arm-none-eabi/10.3.1/thumb/v7-m/nofp/crtn.o
                0x0000000008006dc4                . = ALIGN (0x4)
                0x0000000008006dc4                _etext = .

.vfp11_veneer   0x0000000008006dc4        0x0
 .vfp11_veneer  0x0000000008006dc4        0x0 linker stubs

.v4_bx          0x0000000008006dc4        0x0
 .v4_bx         0x0000000008006dc4        0x0 linker stubs

.iplt           0x0000000008006dc4        0x0
 .iplt          0x0000000008006dc4        0x0 d:/st/stm32cubeide_1.10.0/stm32cubeide/plugins/com.st.stm32cube.ide.mcu.externaltools.gnu-tools-for-stm32.10.3-2021.10.win32_1.0.0.202111181127/tools/bin/../lib/gcc/arm-none-eabi/10.3.1/thumb/v7-m/nofp/crtbegin.o

.rodata         0x0000000008006dc4      0x378
                0x0000000008006dc4                . = ALIGN (0x4)
 *(.rodata)
 *(.rodata*)
 .rodata._ZNSt7__cxx1112basic_stringIcSt11char_traitsIcESaIcEE9_M_createERjj.isra.0.str1.1
                0x0000000008006dc4       0x18 ./Core/Src/CLI.o
 .rodata._ZNSt7__cxx1112basic_stringIcSt11char_traitsIcESaIcEE12_M_constructIPKcEEvT_S8_St20forward_iterator_tag.isra.0.str1.1
                0x0000000008006ddc       0x2a ./Core/Src/CLI.o
 .rodata._ZN22CommandLineInterpreterC2Et.str1.1
                0x0000000008006e06       0x1f ./Core/Src/CLI.o
                                         0x20 (size before relaxing)
 *fill*         0x0000000008006e25        0x3 
 .rodata._ZTV22CommandLineInterpreter
                0x0000000008006e28       0x10 ./Core/Src/CLI.o
                0x0000000008006e28                vtable for CommandLineInterpreter
 .rodata.ringbuf_memset.str1.1
                0x0000000008006e38       0x41 ./Core/Src/RingBuffer.o
 .rodata.ringbuf_memcpy_from.str1.1
                0x0000000008006e79       0x13 ./Core/Src/RingBuffer.o
 .rodata.__func__.2
                0x0000000008006e8c       0x14 ./Core/Src/RingBuffer.o
 .rodata.__func__.4
                0x0000000008006ea0       0x14 ./Core/Src/RingBuffer.o
 .rodata._ZZ15cli_parser_initvENUlvE_4_FUNEv.str1.1
                0x0000000008006eb4       0x12 ./Core/Src/main.o
 .rodata._Z6ble_onv.str1.1
                0x0000000008006ec6        0xf ./Core/Src/main.o
 .rodata._Z7ble_offv.str1.1
                0x0000000008006ed5       0x10 ./Core/Src/main.o
 .rodata._Z10ble_wakeupv.str1.1
                0x0000000008006ee5       0x10 ./Core/Src/main.o
 .rodata._Z8ble_sendv.str1.1
                0x0000000008006ef5       0x23 ./Core/Src/main.o
 .rodata._Z19cli_process_commandv.str1.1
                0x0000000008006f18       0x13 ./Core/Src/main.o
 .rodata._Z15cli_parser_initv.str1.1
                0x0000000008006f2b       0x31 ./Core/Src/main.o
                                         0x4b (size before relaxing)
 .rodata.main.str1.1
                0x0000000008006f5c       0x2b ./Core/Src/main.o
 .rodata.sht3x_init.str1.1
                0x0000000008006f87       0x54 ./Core/Src/sht3x.o
 .rodata.__func__.0
                0x0000000008006fdb        0xb ./Core/Src/sht3x.o
 .rodata.AHBPrescTable
                0x0000000008006fe6       0x10 ./Core/Src/system_stm32f1xx.o
                0x0000000008006fe6                AHBPrescTable
 .rodata.APBPrescTable
                0x0000000008006ff6        0x8 ./Core/Src/system_stm32f1xx.o
                0x0000000008006ff6                APBPrescTable
 .rodata.aPLLMULFactorTable.1
                0x0000000008006ffe       0x10 ./Drivers/STM32F1xx_HAL_Driver/Src/stm32f1xx_hal_rcc.o
 .rodata.aPredivFactorTable.0
                0x000000000800700e        0x2 ./Drivers/STM32F1xx_HAL_Driver/Src/stm32f1xx_hal_rcc.o
 .rodata.aPLLMULFactorTable.1
                0x0000000008007010       0x10 ./Drivers/STM32F1xx_HAL_Driver/Src/stm32f1xx_hal_rcc_ex.o
 .rodata.aPredivFactorTable.0
                0x0000000008007020        0x2 ./Drivers/STM32F1xx_HAL_Driver/Src/stm32f1xx_hal_rcc_ex.o
 .rodata.USBD_FS_ManufacturerStrDescriptor.str1.1
                0x0000000008007022       0x13 ./USB_DEVICE/App/usbd_desc.o
 .rodata.USBD_FS_ProductStrDescriptor.str1.1
                0x0000000008007035       0x16 ./USB_DEVICE/App/usbd_desc.o
 .rodata.USBD_FS_ConfigStrDescriptor.str1.1
                0x000000000800704b        0xb ./USB_DEVICE/App/usbd_desc.o
 .rodata.USBD_FS_InterfaceStrDescriptor.str1.1
                0x0000000008007056        0xe ./USB_DEVICE/App/usbd_desc.o
 .rodata.CSWTCH.3
                0x0000000008007064        0x4 ./USB_DEVICE/Target/usbd_conf.o
 .rodata.__assert_func.str1.1
                0x0000000008007068       0x3c d:/st/stm32cubeide_1.10.0/stm32cubeide/plugins/com.st.stm32cube.ide.mcu.externaltools.gnu-tools-for-stm32.10.3-2021.10.win32_1.0.0.202111181127/tools/bin/../lib/gcc/arm-none-eabi/10.3.1/../../../../arm-none-eabi/lib/thumb/v7-m/nofp\libc_nano.a(lib_a-assert.o)
                                         0x3d (size before relaxing)
 .rodata._global_impure_ptr
                0x00000000080070a4        0x4 d:/st/stm32cubeide_1.10.0/stm32cubeide/plugins/com.st.stm32cube.ide.mcu.externaltools.gnu-tools-for-stm32.10.3-2021.10.win32_1.0.0.202111181127/tools/bin/../lib/gcc/arm-none-eabi/10.3.1/../../../../arm-none-eabi/lib/thumb/v7-m/nofp\libc_nano.a(lib_a-impure.o)
                0x00000000080070a4                _global_impure_ptr
 .rodata._vfprintf_r.str1.1
                0x00000000080070a8       0x11 d:/st/stm32cubeide_1.10.0/stm32cubeide/plugins/com.st.stm32cube.ide.mcu.externaltools.gnu-tools-for-stm32.10.3-2021.10.win32_1.0.0.202111181127/tools/bin/../lib/gcc/arm-none-eabi/10.3.1/../../../../arm-none-eabi/lib/thumb/v7-m/nofp\libc_nano.a(lib_a-nano-vfprintf.o)
 .rodata._printf_i.str1.1
                0x00000000080070b9       0x22 d:/st/stm32cubeide_1.10.0/stm32cubeide/plugins/com.st.stm32cube.ide.mcu.externaltools.gnu-tools-for-stm32.10.3-2021.10.win32_1.0.0.202111181127/tools/bin/../lib/gcc/arm-none-eabi/10.3.1/../../../../arm-none-eabi/lib/thumb/v7-m/nofp\libc_nano.a(lib_a-nano-vfprintf_i.o)
 *fill*         0x00000000080070db        0x1 
 .rodata.__sf_fake_stderr
                0x00000000080070dc       0x20 d:/st/stm32cubeide_1.10.0/stm32cubeide/plugins/com.st.stm32cube.ide.mcu.externaltools.gnu-tools-for-stm32.10.3-2021.10.win32_1.0.0.202111181127/tools/bin/../lib/gcc/arm-none-eabi/10.3.1/../../../../arm-none-eabi/lib/thumb/v7-m/nofp\libc_nano.a(lib_a-findfp.o)
                0x00000000080070dc                __sf_fake_stderr
 .rodata.__sf_fake_stdin
                0x00000000080070fc       0x20 d:/st/stm32cubeide_1.10.0/stm32cubeide/plugins/com.st.stm32cube.ide.mcu.externaltools.gnu-tools-for-stm32.10.3-2021.10.win32_1.0.0.202111181127/tools/bin/../lib/gcc/arm-none-eabi/10.3.1/../../../../arm-none-eabi/lib/thumb/v7-m/nofp\libc_nano.a(lib_a-findfp.o)
                0x00000000080070fc                __sf_fake_stdin
 .rodata.__sf_fake_stdout
                0x000000000800711c       0x20 d:/st/stm32cubeide_1.10.0/stm32cubeide/plugins/com.st.stm32cube.ide.mcu.externaltools.gnu-tools-for-stm32.10.3-2021.10.win32_1.0.0.202111181127/tools/bin/../lib/gcc/arm-none-eabi/10.3.1/../../../../arm-none-eabi/lib/thumb/v7-m/nofp\libc_nano.a(lib_a-findfp.o)